 Quadsim_sfun

 Timestamp is 52dda5f5 (Tue Jan 21 00:40:53 2014)

 Preferred load address is 0000000180000000

 Start         Length     Name                   Class
 0001:00000000 0004e434H .text                   CODE
 0001:0004e440 00000092H .text$x                 CODE
 0002:00000000 000004b0H .idata$5                DATA
 0002:000004b0 00000008H .CRT$XCA                DATA
 0002:000004b8 00000008H .CRT$XCZ                DATA
 0002:000004c0 00000008H .CRT$XIA                DATA
 0002:000004c8 00000008H .CRT$XIAA               DATA
 0002:000004d0 00000008H .CRT$XIZ                DATA
 0002:000004e0 00004c5cH .rdata                  DATA
 0002:00005140 00000008H .rtc$IAA                DATA
 0002:00005148 00000008H .rtc$IZZ                DATA
 0002:00005150 00000008H .rtc$TAA                DATA
 0002:00005158 00000008H .rtc$TZZ                DATA
 0002:00005160 000045b4H .xdata                  DATA
 0002:00009714 000000a0H .idata$2                DATA
 0002:000097b4 00000014H .idata$3                DATA
 0002:000097c8 000004b0H .idata$4                DATA
 0002:00009c78 00000aecH .idata$6                DATA
 0002:0000a770 00000052H .edata                  DATA
 0003:00000000 00005da8H .data                   DATA
 0003:00005dc0 000026f8H .bss                    DATA
 0004:00000000 00003834H .pdata                  DATA

  Address         Publics by Value              Rva+Base               Lib:Object

 0000:00000000       ___safe_se_handler_count   0000000000000000     <absolute>
 0000:00000000       ___safe_se_handler_table   0000000000000000     <absolute>
 0000:00000000       __ImageBase                0000000180000000     <linker-defined>
 0001:00000000       sf_c1_Quadsim_get_eml_resolved_functions_info 0000000180001000 f   c1_Quadsim.obj
 0001:00000480       sf_c1_Quadsim_get_check_sum 0000000180001480 f   c1_Quadsim.obj
 0001:00000500       sf_c1_Quadsim_get_autoinheritance_info 0000000180001500 f   c1_Quadsim.obj
 0001:00000a70       sf_internal_get_sim_state_c1_Quadsim 0000000180001a70 f   c1_Quadsim.obj
 0001:00000ef0       sf_internal_set_sim_state_c1_Quadsim 0000000180001ef0 f   c1_Quadsim.obj
 0001:00001520       c1_Quadsim_method_dispatcher 0000000180002520 f   c1_Quadsim.obj
 0001:000044d0       sf_c2_Quadsim_get_eml_resolved_functions_info 00000001800054d0 f   c2_Quadsim.obj
 0001:000050c0       sf_c2_Quadsim_get_check_sum 00000001800060c0 f   c2_Quadsim.obj
 0001:00005140       sf_c2_Quadsim_get_autoinheritance_info 0000000180006140 f   c2_Quadsim.obj
 0001:00005560       sf_internal_get_sim_state_c2_Quadsim 0000000180006560 f   c2_Quadsim.obj
 0001:00005920       sf_internal_set_sim_state_c2_Quadsim 0000000180006920 f   c2_Quadsim.obj
 0001:00005e00       c2_Quadsim_method_dispatcher 0000000180006e00 f   c2_Quadsim.obj
 0001:00009740       sf_c3_Quadsim_get_eml_resolved_functions_info 000000018000a740 f   c3_Quadsim.obj
 0001:00009c50       sf_c3_Quadsim_get_check_sum 000000018000ac50 f   c3_Quadsim.obj
 0001:00009cd0       sf_c3_Quadsim_get_autoinheritance_info 000000018000acd0 f   c3_Quadsim.obj
 0001:0000a0f0       sf_internal_get_sim_state_c3_Quadsim 000000018000b0f0 f   c3_Quadsim.obj
 0001:0000a440       sf_internal_set_sim_state_c3_Quadsim 000000018000b440 f   c3_Quadsim.obj
 0001:0000a840       c3_Quadsim_method_dispatcher 000000018000b840 f   c3_Quadsim.obj
 0001:0000c760       sf_c4_Quadsim_get_eml_resolved_functions_info 000000018000d760 f   c4_Quadsim.obj
 0001:0000cbe0       sf_c4_Quadsim_get_check_sum 000000018000dbe0 f   c4_Quadsim.obj
 0001:0000cc60       sf_c4_Quadsim_get_autoinheritance_info 000000018000dc60 f   c4_Quadsim.obj
 0001:0000dac0       sf_internal_get_sim_state_c4_Quadsim 000000018000eac0 f   c4_Quadsim.obj
 0001:0000e050       sf_internal_set_sim_state_c4_Quadsim 000000018000f050 f   c4_Quadsim.obj
 0001:0000e530       c4_Quadsim_method_dispatcher 000000018000f530 f   c4_Quadsim.obj
 0001:000112b0       sf_c5_Quadsim_get_eml_resolved_functions_info 00000001800122b0 f   c5_Quadsim.obj
 0001:00011de0       sf_c5_Quadsim_get_check_sum 0000000180012de0 f   c5_Quadsim.obj
 0001:00011e60       sf_c5_Quadsim_get_autoinheritance_info 0000000180012e60 f   c5_Quadsim.obj
 0001:000128f0       sf_internal_get_sim_state_c5_Quadsim 00000001800138f0 f   c5_Quadsim.obj
 0001:00012e80       sf_internal_set_sim_state_c5_Quadsim 0000000180013e80 f   c5_Quadsim.obj
 0001:00013360       c5_Quadsim_method_dispatcher 0000000180014360 f   c5_Quadsim.obj
 0001:000169b0       sf_c6_Quadsim_get_eml_resolved_functions_info 00000001800179b0 f   c6_Quadsim.obj
 0001:00017a00       sf_c6_Quadsim_get_check_sum 0000000180018a00 f   c6_Quadsim.obj
 0001:00017a80       sf_c6_Quadsim_get_autoinheritance_info 0000000180018a80 f   c6_Quadsim.obj
 0001:00017ea0       sf_internal_get_sim_state_c6_Quadsim 0000000180018ea0 f   c6_Quadsim.obj
 0001:00018260       sf_internal_set_sim_state_c6_Quadsim 0000000180019260 f   c6_Quadsim.obj
 0001:00018730       c6_Quadsim_method_dispatcher 0000000180019730 f   c6_Quadsim.obj
 0001:0001ba30       sf_process_check_sum_call  000000018001ca30 f   Quadsim_sfun_registry.obj
 0001:0001ba80       sf_process_autoinheritance_call 000000018001ca80 f   Quadsim_sfun_registry.obj
 0001:0001bc20       sf_process_get_eml_resolved_functions_info_call 000000018001cc20 f   Quadsim_sfun_registry.obj
 0001:0001bda0       sf_mex_unlock_call         000000018001cda0 f   Quadsim_sfun_registry.obj
 0001:0001be50       sf_machine_global_initializer_called 000000018001ce50 f   Quadsim_sfun_registry.obj
 0001:0001be80       sf_machine_global_method_dispatcher 000000018001ce80 f   Quadsim_sfun_registry.obj
 0001:0001bee0       sf_machine_global_terminator 000000018001cee0 f   Quadsim_sfun_registry.obj
 0001:0001bf20       sf_register_machine_exported_symbols 000000018001cf20 f   Quadsim_sfun_registry.obj
 0001:0001bf40       callCustomFcn              000000018001cf40 f   Quadsim_sfun_registry.obj
 0001:0001bf50       sf_machine_global_initializer 000000018001cf50 f   Quadsim_sfun_registry.obj
 0001:0001bfc0       _ssSetStateAbsTol          000000018001cfc0 f   Quadsim_sfun_registry.obj
 0001:0001c0a0       _ssGetAbsTol               000000018001d0a0 f   Quadsim_sfun_registry.obj
 0001:0001c110       _ssSetInputPortMatrixDimensions 000000018001d110 f   Quadsim_sfun_registry.obj
 0001:0001c220       _ssSetOutputPortMatrixDimensions 000000018001d220 f   Quadsim_sfun_registry.obj
 0001:0001c330       _ssSetInputPortVectorDimension 000000018001d330 f   Quadsim_sfun_registry.obj
 0001:0001c400       _ssSetOutputPortVectorDimension 000000018001d400 f   Quadsim_sfun_registry.obj
 0001:0001c4d0       ssIsRunTimeParamTunable    000000018001d4d0 f   Quadsim_sfun_registry.obj
 0001:0001c540       ssGetSFuncBlockHandle      000000018001d540 f   Quadsim_sfun_registry.obj
 0001:0001c5b0       _ssGetCurrentInputPortWidth 000000018001d5b0 f   Quadsim_sfun_registry.obj
 0001:0001c6d0       _ssGetCurrentOutputPortWidth 000000018001d6d0 f   Quadsim_sfun_registry.obj
 0001:0001c7f0       _ssGetCallSystemNumFcnCallDestinations 000000018001d7f0 f   Quadsim_sfun_registry.obj
 0001:0001c860       ssWarning                  000000018001d860 f   Quadsim_sfun_registry.obj
 0001:0001c970       ssGetIsZeroCrossControlDisabled 000000018001d970 f   Quadsim_sfun_registry.obj
 0001:0001c9e0       ssSetIsInputPortUsedForContZcSignal 000000018001d9e0 f   Quadsim_sfun_registry.obj
 0001:0001ca50       ssSetZcSignalIsZcElementDisc 000000018001da50 f   Quadsim_sfun_registry.obj
 0001:0001cb00       ssSetZcSignalName          000000018001db00 f   Quadsim_sfun_registry.obj
 0001:0001cb70       ssSetZcSignalWidth         000000018001db70 f   Quadsim_sfun_registry.obj
 0001:0001cbe0       ssSetZcSignalZcEventType   000000018001dbe0 f   Quadsim_sfun_registry.obj
 0001:0001cc50       ssSetZcSignalType          000000018001dc50 f   Quadsim_sfun_registry.obj
 0001:0001ccc0       ssSetZcSignalZcTol         000000018001dcc0 f   Quadsim_sfun_registry.obj
 0001:0001cd30       ssSetZcSignalNeedsEventNotification 000000018001dd30 f   Quadsim_sfun_registry.obj
 0001:0001cda0       ssCreateAndAddZcSignalInfo 000000018001dda0 f   Quadsim_sfun_registry.obj
 0001:0001ce10       ssCloneAndAddZcSignalInfo  000000018001de10 f   Quadsim_sfun_registry.obj
 0001:0001ce80       ssGetNumZcSignals          000000018001de80 f   Quadsim_sfun_registry.obj
 0001:0001cef0       ssGetZcSignalVector        000000018001def0 f   Quadsim_sfun_registry.obj
 0001:0001cf60       ssGetZcSignalZcEvents      000000018001df60 f   Quadsim_sfun_registry.obj
 0001:0001cfd0       ssGetZcSignalName          000000018001dfd0 f   Quadsim_sfun_registry.obj
 0001:0001d040       ssGetZcSignalWidth         000000018001e040 f   Quadsim_sfun_registry.obj
 0001:0001d0b0       ssGetZcSignalZcEventType   000000018001e0b0 f   Quadsim_sfun_registry.obj
 0001:0001d120       ssGetZcSignalType          000000018001e120 f   Quadsim_sfun_registry.obj
 0001:0001d190       ssGetZcSignalZcTol         000000018001e190 f   Quadsim_sfun_registry.obj
 0001:0001d210       ssGetZcSignalNeedsEventNotification 000000018001e210 f   Quadsim_sfun_registry.obj
 0001:0001d280       ssGetZcSignalIsZcElementDisc 000000018001e280 f   Quadsim_sfun_registry.obj
 0001:0001d320       ssGetIsInputPortElementContinuous 000000018001e320 f   Quadsim_sfun_registry.obj
 0001:0001d3c0       _ssGetInputPortSignalPtrsFcn 000000018001e3c0 f   Quadsim_sfun_registry.obj
 0001:0001d680       _ssGetInputPortSignalFcn   000000018001e680 f   Quadsim_sfun_registry.obj
 0001:0001d8a0       _ssSetInputPortDirectFeedThroughFcn 000000018001e8a0 f   Quadsim_sfun_registry.obj
 0001:0001da00       _ssSetInputPortReusableFcn 000000018001ea00 f   Quadsim_sfun_registry.obj
 0001:0001daf0       _ssSetOutputPortReusableFcn 000000018001eaf0 f   Quadsim_sfun_registry.obj
 0001:0001dbd0       ssGetDTypeIdFromMxArray    000000018001ebd0 f   Quadsim_sfun_registry.obj
 0001:0001dcf0       ssWriteRTWStr              000000018001ecf0 f   Quadsim_sfun_registry.obj
 0001:0001dd50       ssWriteRTWMxVectParam      000000018001ed50 f   Quadsim_sfun_registry.obj
 0001:0001ddb0       ssWriteRTWMx2dMatParam     000000018001edb0 f   Quadsim_sfun_registry.obj
 0001:0001de30       ssWriteRTWNameValuePair    000000018001ee30 f   Quadsim_sfun_registry.obj
 0001:0001e320       ssWriteRTWParameters       000000018001f320 f   Quadsim_sfun_registry.obj
 0001:0001e920       ssWriteRTWParamSettings    000000018001f920 f   Quadsim_sfun_registry.obj
 0001:0001eff0       ssWriteRTWWorkVect         000000018001fff0 f   Quadsim_sfun_registry.obj
 0001:0001f4f0       mexFunction                00000001800204f0 f   Quadsim_sfun_registry.obj
 0001:000211b0       ProcessMexSfunctionEveryCall 00000001800221b0 f   Quadsim_sfun_registry.obj
 0001:00021320       Quadsim_initializer        0000000180022320 f   Quadsim_sfun.obj
 0001:00021330       Quadsim_terminator         0000000180022330 f   Quadsim_sfun.obj
 0001:00021340       sf_Quadsim_method_dispatcher 0000000180022340 f   Quadsim_sfun.obj
 0001:00021430       sf_Quadsim_process_check_sum_call 0000000180022430 f   Quadsim_sfun.obj
 0001:000218c0       sf_Quadsim_autoinheritance_info 00000001800228c0 f   Quadsim_sfun.obj
 0001:00021bd0       sf_Quadsim_get_eml_resolved_functions_info 0000000180022bd0 f   Quadsim_sfun.obj
 0001:00021e50       Quadsim_debug_initialize   0000000180022e50 f   Quadsim_sfun.obj
 0001:00021ec0       Quadsim_register_exported_symbols 0000000180022ec0 f   Quadsim_sfun.obj
 0001:00021ed0       load_Quadsim_optimization_info 0000000180022ed0 f   Quadsim_sfun.obj
 0001:00021f20       unload_Quadsim_optimization_info 0000000180022f20 f   Quadsim_sfun.obj
 0001:00022040       sf_mex_mx_is_numeric       0000000180023040 f   sfc_mex:sfc_mex.obj
 0001:00022080       strcmp_ignore_ws           0000000180023080 f   sfc_mex:sfc_mex.obj
 0001:000221c0       sf_mex_duplicatearraysafe  00000001800231c0 f   sfc_mex:sfc_mex.obj
 0001:00022320       sf_set_error_debugger_context_message_fcn 0000000180023320 f   sfc_mex:sfc_mex.obj
 0001:00022330       sf_set_debugger_matlab_error_fcn 0000000180023330 f   sfc_mex:sfc_mex.obj
 0001:00022360       sf_set_error_prefix_string 0000000180023360 f   sfc_mex:sfc_mex.obj
 0001:00022390       sf_get_error_prefix_string 0000000180023390 f   sfc_mex:sfc_mex.obj
 0001:000223a0       sf_mex_enter_parallel_region 00000001800233a0 f   sfc_mex:sfc_mex.obj
 0001:000223b0       sf_mex_exit_parallel_region 00000001800233b0 f   sfc_mex:sfc_mex.obj
 0001:000223c0       sf_get_current_jmp_buf_ptr 00000001800233c0 f   sfc_mex:sfc_mex.obj
 0001:000223d0       sf_set_current_jmp_buf_ptr 00000001800233d0 f   sfc_mex:sfc_mex.obj
 0001:000223e0       sf_mex_set_halt_simulation 00000001800233e0 f   sfc_mex:sfc_mex.obj
 0001:000223f0       sf_mex_get_halt_simulation 00000001800233f0 f   sfc_mex:sfc_mex.obj
 0001:00022400       sf_mex_clear_error_message 0000000180023400 f   sfc_mex:sfc_mex.obj
 0001:00022420       sf_mex_get_error_message_for_read 0000000180023420 f   sfc_mex:sfc_mex.obj
 0001:00022430       sf_mex_get_error_message_buffer_length 0000000180023430 f   sfc_mex:sfc_mex.obj
 0001:00022510       sf_mex_warning_message     0000000180023510 f   sfc_mex:sfc_mex.obj
 0001:00022580       sf_mex_v_errbuf_createf    0000000180023580 f   sfc_mex:sfc_mex.obj
 0001:00022590       sf_mex_errbuf_createf      0000000180023590 f   sfc_mex:sfc_mex.obj
 0001:000225c0       sf_mex_v_errbuf_catf       00000001800235c0 f   sfc_mex:sfc_mex.obj
 0001:00022600       sf_mex_errbuf_catf         0000000180023600 f   sfc_mex:sfc_mex.obj
 0001:00022650       sf_mex_errbuf_copy         0000000180023650 f   sfc_mex:sfc_mex.obj
 0001:00022660       sf_mex_errbuf_clear        0000000180023660 f   sfc_mex:sfc_mex.obj
 0001:00022670       sf_mex_errbuf_isempty      0000000180023670 f   sfc_mex:sfc_mex.obj
 0001:00022780       sf_mex_set_error_status    0000000180023780 f   sfc_mex:sfc_mex.obj
 0001:000227d0       sf_mex_error_direct_call   00000001800237d0 f   sfc_mex:sfc_mex.obj
 0001:000227f0       sf_mex_error_message_no_long_jump 00000001800237f0 f   sfc_mex:sfc_mex.obj
 0001:00022810       sf_mex_long_jump_on_error  0000000180023810 f   sfc_mex:sfc_mex.obj
 0001:00022840       sf_mex_call_matlab         0000000180023840 f   sfc_mex:sfc_mex.obj
 0001:00022960       sf_mex_check_builtin       0000000180023960 f   sfc_mex:sfc_mex.obj
 0001:00022a00       sf_mex_check_builtin_vs    0000000180023a00 f   sfc_mex:sfc_mex.obj
 0001:00022ac0       sf_mex_check_enum          0000000180023ac0 f   sfc_mex:sfc_mex.obj
 0001:00022b40       sf_mex_create_enum         0000000180023b40 f   sfc_mex:sfc_mex.obj
 0001:00022bb0       sf_mex_get_enum_element    0000000180023bb0 f   sfc_mex:sfc_mex.obj
 0001:00022bc0       sf_mex_createcellarray     0000000180023bc0 f   sfc_mex:sfc_mex.obj
 0001:00022bd0       sf_mex_setcell             0000000180023bd0 f   sfc_mex:sfc_mex.obj
 0001:00022be0       sf_mex_getcell             0000000180023be0 f   sfc_mex:sfc_mex.obj
 0001:00022bf0       sf_mex_dup                 0000000180023bf0 f   sfc_mex:sfc_mex.obj
 0001:00022c10       sf_mex_assign              0000000180023c10 f   sfc_mex:sfc_mex.obj
 0001:00022c90       sf_mex_destroy             0000000180023c90 f   sfc_mex:sfc_mex.obj
 0001:00022cc0       mx_array_has_fi_type       0000000180023cc0 f   sfc_mex:sfc_mex.obj
 0001:00022cf0       sf_mex_convert_from_fi     0000000180023cf0 f   sfc_mex:sfc_mex.obj
 0001:00022e20       sf_mex_convert_to_double   0000000180023e20 f   sfc_mex:sfc_mex.obj
 0001:00022f40       sf_mex_import_fi_vs        0000000180023f40 f   sfc_mex:sfc_mex.obj
 0001:00023100       sf_matrix_matrix_index_ok  0000000180024100 f   sfc_mex:sfc_mex.obj
 0001:00023190       sf_vector_vector_index_ok  0000000180024190 f   sfc_mex:sfc_mex.obj
 0001:000231c0       ssGetCurrentInputPortDimensions_wrapper 00000001800241c0 f   sfc_mex:sfc_mex.obj
 0001:000231e0       ssGetCurrentOutputPortDimensions_wrapper 00000001800241e0 f   sfc_mex:sfc_mex.obj
 0001:00023200       sf_mex_emlrt_context_is_debug_mode 0000000180024200 f   sfc_mex:sfc_mex.obj
 0001:00023210       sf_mex_emlrt_context_set_debug_mode 0000000180024210 f   sfc_mex:sfc_mex.obj
 0001:00023220       sf_mex_emlrtNameCapturePostProcessR2012a 0000000180024220 f   sfc_mex:sfc_mex.obj
 0001:00023290       sf_clear_error_manager_info 0000000180024290 f   sfc_mex:sfc_mex.obj
 0001:000232f0       sf_mex_stop_simulation_abruptly_wo_error 00000001800242f0 f   sfc_mex:sfc_mex.obj
 0001:00023330       sf_mex_error_message       0000000180024330 f   sfc_mex:sfc_mex.obj
 0001:00023390       sf_react_to_error_in_matlab_call 0000000180024390 f   sfc_mex:sfc_mex.obj
 0001:000233c0       sf_mex_addfield            00000001800243c0 f   sfc_mex:sfc_mex.obj
 0001:00023460       sf_mex_getfield            0000000180024460 f   sfc_mex:sfc_mex.obj
 0001:00023760       sf_mex_check_class         0000000180024760 f   sfc_mex:sfc_mex.obj
 0001:00023800       sf_mex_is_real             0000000180024800 f   sfc_mex:sfc_mex.obj
 0001:00023c70       sf_mex_decode_encoded_mx_struct_array 0000000180024c70 f   sfc_mex:sfc_mex.obj
 0001:00023f50       sf_mex_lw_bounds_check     0000000180024f50 f   sfc_mex:sfc_mex.obj
 0001:00023f80       sf_mex_lw_size_eq_check_1d 0000000180024f80 f   sfc_mex:sfc_mex.obj
 0001:00023fa0       sf_mex_lw_size_eq_check_nd 0000000180024fa0 f   sfc_mex:sfc_mex.obj
 0001:00024180       sf_mex_lw_dim_size_eq_check 0000000180025180 f   sfc_mex:sfc_mex.obj
 0001:000241b0       sf_mex_lw_dim_size_geq_check 00000001800251b0 f   sfc_mex:sfc_mex.obj
 0001:000241e0       sf_mex_lw_sub_assign_size_check_nd 00000001800251e0 f   sfc_mex:sfc_mex.obj
 0001:00024410       sf_mex_lw_runtime_error_msgid 0000000180025410 f   sfc_mex:sfc_mex.obj
 0001:00024500       sf_mex_lw_matrix_matrix_index_check 0000000180025500 f   sfc_mex:sfc_mex.obj
 0001:00024520       sf_mex_lw_vector_vector_index_check 0000000180025520 f   sfc_mex:sfc_mex.obj
 0001:00024560       sf_mex_lw_for_loop_vector_check 0000000180025560 f   sfc_mex:sfc_mex.obj
 0001:000245f0       sf_mex_lw_non_negative_check 00000001800255f0 f   sfc_mex:sfc_mex.obj
 0001:00024630       sf_mex_overflow_error      0000000180025630 f   sfc_mex:sfc_mex.obj
 0001:00024640       sf_mex_dividebyzero_error  0000000180025640 f   sfc_mex:sfc_mex.obj
 0001:00024650       sf_mex_unsafe_enum_error   0000000180025650 f   sfc_mex:sfc_mex.obj
 0001:00024660       sf_emlrtErrHandler         0000000180025660 f   sfc_mex:sfc_mex.obj
 0001:00024740       sf_mex_size_one_check      0000000180025740 f   sfc_mex:sfc_mex.obj
 0001:00024760       sf_mex_printf              0000000180025760 f   sfc_mex:sfc_mex.obj
 0001:00024930       sf_mex_check_size          0000000180025930 f   sfc_mex:sfc_mex.obj
 0001:00024c00       sf_mex_check_struct        0000000180025c00 f   sfc_mex:sfc_mex.obj
 0001:00024e60       sf_mex_check_struct_vs     0000000180025e60 f   sfc_mex:sfc_mex.obj
 0001:00024ef0       sf_mex_check_fi            0000000180025ef0 f   sfc_mex:sfc_mex.obj
 0001:00024ff0       sf_mex_check_fi_vs         0000000180025ff0 f   sfc_mex:sfc_mex.obj
 0001:00025090       sf_echo_expression         0000000180026090 f   sfc_mex:sfc_mex.obj
 0001:000250f0       sf_assertion_failed        00000001800260f0 f   sfc_mex:sfc_mex.obj
 0001:000253d0       sf_mex_evalin              00000001800263d0 f   sfc_mex:sfc_mex.obj
 0001:00025640       sf_mex_export              0000000180026640 f   sfc_mex:sfc_mex.obj
 0001:00025700       sf_mex_get_ml_var_no_error 0000000180026700 f   sfc_mex:sfc_mex.obj
 0001:000258a0       sf_mex_get_ml_var          00000001800268a0 f   sfc_mex:sfc_mex.obj
 0001:00025d40       ml_set_element_value_in_array 0000000180026d40 f   sfc_mex:sfc_mex.obj
 0001:00027410       sf_mex_call_impl           0000000180028410 f   sfc_mex:sfc_mex.obj
 0001:00027940       sf_mex_call_debug          0000000180028940 f   sfc_mex:sfc_mex.obj
 0001:00027970       sf_mex_call                0000000180028970 f   sfc_mex:sfc_mex.obj
 0001:00027fc0       sf_mex_createstruct        0000000180028fc0 f   sfc_mex:sfc_mex.obj
 0001:000280b0       sf_mex_createstructarray   00000001800290b0 f   sfc_mex:sfc_mex.obj
 0001:00028130       sf_mex_get_mx_datatype_from_sf_datatype 0000000180029130 f   sfc_mex:sfc_mex.obj
 0001:00028440       sf_mex_ml_var_sub          0000000180029440 f   sfc_mex:sfc_mex.obj
 0001:00028610       sf_mex_ml_var_subsasgn     0000000180029610 f   sfc_mex:sfc_mex.obj
 0001:00028a00       sf_mex_sub                 0000000180029a00 f   sfc_mex:sfc_mex.obj
 0001:00028c00       sf_mex_subsasgn            0000000180029c00 f   sfc_mex:sfc_mex.obj
 0001:000290e0       sf_mex_create              000000018002a0e0 f   sfc_mex:sfc_mex.obj
 0001:00029b30       sf_mex_import_named        000000018002ab30 f   sfc_mex:sfc_mex.obj
 0001:00029b90       sf_mex_import              000000018002ab90 f   sfc_mex:sfc_mex.obj
 0001:00029be0       sf_mex_import_vs           000000018002abe0 f   sfc_mex:sfc_mex.obj
 0001:00029cf0       sf_mex_lower_fixpt_mx_array 000000018002acf0 f   sfc_mex:sfc_mex.obj
 0001:00029fe0       sf_send_message_wrapper    000000018002afe0 f   sfc_mex:sfc_sf.obj
 0001:0002a010       sf_receive_message_wrapper 000000018002b010 f   sfc_mex:sfc_sf.obj
 0001:0002a050       sf_check_out_message_wrapper 000000018002b050 f   sfc_mex:sfc_sf.obj
 0001:0002a090       sf_check_in_message_wrapper 000000018002b090 f   sfc_mex:sfc_sf.obj
 0001:0002a0d0       sf_no_message_wrapper      000000018002b0d0 f   sfc_mex:sfc_sf.obj
 0001:0002a460       sim_mode_is_rtw_gen        000000018002b460 f   sfc_mex:sfc_sf.obj
 0001:0002a490       sim_mode_is_external       000000018002b490 f   sfc_mex:sfc_sf.obj
 0001:0002a4a0       sim_mode_is_modelref_sim   000000018002b4a0 f   sfc_mex:sfc_sf.obj
 0001:0002a4c0       mdlInitializeSizes         000000018002b4c0 f   sfc_mex:sfc_sf.obj
 0001:0002a4e0       mdlInitializeSampleTimes   000000018002b4e0 f   sfc_mex:sfc_sf.obj
 0001:0002a520       mdlZeroCrossings           000000018002b520 f   sfc_mex:sfc_sf.obj
 0001:0002a600       mdlDerivatives             000000018002b600 f   sfc_mex:sfc_sf.obj
 0001:0002a6b0       mdl_initialize_conditions_processing 000000018002b6b0 f   sfc_mex:sfc_sf.obj
 0001:0002a6e0       mdlInitializeConditions    000000018002b6e0 f   sfc_mex:sfc_sf.obj
 0001:0002a7a0       mdlGetSimState             000000018002b7a0 f   sfc_mex:sfc_sf.obj
 0001:0002a7b0       mdlSetSimState             000000018002b7b0 f   sfc_mex:sfc_sf.obj
 0001:0002a7c0       mdl_ext_mode_exec_processing 000000018002b7c0 f   sfc_mex:sfc_sf.obj
 0001:0002a7e0       mdlExtModeExec             000000018002b7e0 f   sfc_mex:sfc_sf.obj
 0001:0002a970       mdlTerminate               000000018002b970 f   sfc_mex:sfc_sf.obj
 0001:0002a9e0       mdlRTW                     000000018002b9e0 f   sfc_mex:sfc_sf.obj
 0001:0002aa10       mdlSetWorkWidths           000000018002ba10 f   sfc_mex:sfc_sf.obj
 0001:0002aa20       mdlProcessParameters       000000018002ba20 f   sfc_mex:sfc_sf.obj
 0001:0002aa30       mdl_start_processing       000000018002ba30 f   sfc_mex:sfc_sf.obj
 0001:0002aa90       mdlStart                   000000018002ba90 f   sfc_mex:sfc_sf.obj
 0001:0002aba0       mdlEnable                  000000018002bba0 f   sfc_mex:sfc_sf.obj
 0001:0002ac70       mdlDisable                 000000018002bc70 f   sfc_mex:sfc_sf.obj
 0001:0002ad20       sf_get_chart_instance_ptr  000000018002bd20 f   sfc_mex:sfc_sf.obj
 0001:0002ad40       sf_load_rtw_optimization_info 000000018002bd40 f   sfc_mex:sfc_sf.obj
 0001:0002ae10       sf_rtw_info_uint_prop      000000018002be10 f   sfc_mex:sfc_sf.obj
 0001:0002af50       sf_is_chart_inlinable      000000018002bf50 f   sfc_mex:sfc_sf.obj
 0001:0002af70       sf_mark_output_events_with_multiple_callers 000000018002bf70 f   sfc_mex:sfc_sf.obj
 0001:0002b100       sf_mark_chart_reusable_outputs 000000018002c100 f   sfc_mex:sfc_sf.obj
 0001:0002b360       sf_mark_chart_expressionable_inputs 000000018002c360 f   sfc_mex:sfc_sf.obj
 0001:0002b5c0       sf_get_subchart_simstruct  000000018002c5c0 f   sfc_mex:sfc_sf.obj
 0001:0002b610       sf_get_fixpt_data_type_id  000000018002c610 f   sfc_mex:sfc_sf.obj
 0001:0002b650       sf_get_enum_data_type_id   000000018002c650 f   sfc_mex:sfc_sf.obj
 0001:0002b690       sf_get_param_data_type_id  000000018002c690 f   sfc_mex:sfc_sf.obj
 0001:0002b6c0       sf_mex_listen_for_ctrl_c_force 000000018002c6c0 f   sfc_mex:sfc_sf.obj
 0001:0002b7d0       sf_mex_draw_now            000000018002c7d0 f   sfc_mex:sfc_sf.obj
 0001:0002b810       sf_mex_set_debugger_sim_status_listener_fcn 000000018002c810 f   sfc_mex:sfc_sf.obj
 0001:0002b820       sf_mex_listen_for_ctrl_c   000000018002c820 f   sfc_mex:sfc_sf.obj
 0001:0002b8b0       sf_mex_get_sfun_param      000000018002c8b0 f   sfc_mex:sfc_sf.obj
 0001:0002b900       sf_get_runtime_param_data  000000018002c900 f   sfc_mex:sfc_sf.obj
 0001:0002b940       sf_call_output_fcn_call    000000018002c940 f   sfc_mex:sfc_sf.obj
 0001:0002ba80       sf_call_output_fcn_enable  000000018002ca80 f   sfc_mex:sfc_sf.obj
 0001:0002bb10       sf_call_output_fcn_disable 000000018002cb10 f   sfc_mex:sfc_sf.obj
 0001:0002bba0       sf_clear_rtw_identifier    000000018002cba0 f   sfc_mex:sfc_sf.obj
 0001:0002c390       sf_set_encoded_dwork_info  000000018002d390 f   sfc_mex:sfc_sf.obj
 0001:0002c3e0       sf_get_dwork_info_from_mat_file 000000018002d3e0 f   sfc_mex:sfc_sf.obj
 0001:0002c5a0       sf_set_rtw_dwork_info      000000018002d5a0 f   sfc_mex:sfc_sf.obj
 0001:0002c710       mdlOutputs                 000000018002d710 f   sfc_mex:sfc_sf.obj
 0001:0002c8b0       sf_debug_disp              000000018002d8b0 f   sfc_debug:sfcdebug.obj
 0001:0002cb10       sf_debug_data_runtime_size_mismatch_error_check 000000018002db10 f   sfc_debug:sfcdebug.obj
 0001:0002cbb0       sf_debug_try_loading_machine 000000018002dbb0 f   sfc_debug:sfcdebug.obj
 0001:0002ccb0       sf_debug_reset_current_state_configuration 000000018002dcb0 f   sfc_debug:sfcdebug.obj
 0001:0002cd40       sf_debug_store_current_state_configuration 000000018002dd40 f   sfc_debug:sfcdebug.obj
 0001:0002cdd0       sf_debug_restore_previous_state_configuration 000000018002ddd0 f   sfc_debug:sfcdebug.obj
 0001:0002ce60       sf_debug_restore_previous_state_configuration2 000000018002de60 f   sfc_debug:sfcdebug.obj
 0001:0002cef0       sf_debug_get_event_scope   000000018002def0 f   sfc_debug:sfcdebug.obj
 0001:0002d060       use_debugger_step_animation 000000018002e060 f   sfc_debug:sfcdebug.obj
 0001:0002d080       sf_debug_get_script_id     000000018002e080 f   sfc_debug:sfcdebug.obj
 0001:0002d110       sf_debug_set_script_translation 000000018002e110 f   sfc_debug:sfcdebug.obj
 0001:0002d290       sf_debug_extract_message_post_receive_info 000000018002e290 f   sfc_debug:sfcdebug.obj
 0001:0002d390       sf_debug_get_current_machine_id 000000018002e390 f   sfc_debug:sfcdebug.obj
 0001:0002d3b0       sf_debug_get_current_optional_integer 000000018002e3b0 f   sfc_debug:sfcdebug.obj
 0001:0002d3c0       sf_debug_get_current_machine_number 000000018002e3c0 f   sfc_debug:sfcdebug.obj
 0001:0002d3e0       sf_debug_get_current_machine_name 000000018002e3e0 f   sfc_debug:sfcdebug.obj
 0001:0002d400       sf_debug_get_current_chart_id 000000018002e400 f   sfc_debug:sfcdebug.obj
 0001:0002d450       sf_debug_get_current_chart_number 000000018002e450 f   sfc_debug:sfcdebug.obj
 0001:0002d460       sf_debug_get_current_instance_number 000000018002e460 f   sfc_debug:sfcdebug.obj
 0001:0002d470       sf_debug_get_current_is_minor_time_step 000000018002e470 f   sfc_debug:sfcdebug.obj
 0001:0002d4f0       sf_debug_get_current_object_type 000000018002e4f0 f   sfc_debug:sfcdebug.obj
 0001:0002d500       sf_debug_get_current_instance_handle 000000018002e500 f   sfc_debug:sfcdebug.obj
 0001:0002d560       sf_debug_get_current_event_type 000000018002e560 f   sfc_debug:sfcdebug.obj
 0001:0002d570       sf_debug_get_current_object_id 000000018002e570 f   sfc_debug:sfcdebug.obj
 0001:0002d5b0       sf_debug_get_current_active_event_type 000000018002e5b0 f   sfc_debug:sfcdebug.obj
 0001:0002d5c0       sf_debug_get_current_active_event_id 000000018002e5c0 f   sfc_debug:sfcdebug.obj
 0001:0002d600       sf_debug_get_current_tag_type 000000018002e600 f   sfc_debug:sfcdebug.obj
 0001:0002d610       sf_debug_get_current_simulation_time 000000018002e610 f   sfc_debug:sfcdebug.obj
 0001:0002d620       sf_debug_get_current_coverage_percentage 000000018002e620 f   sfc_debug:sfcdebug.obj
 0001:0002d630       sf_debug_current_statement_context 000000018002e630 f   sfc_debug:sfcdebug.obj
 0001:0002d6c0       sf_debug_get_current_statement_info 000000018002e6c0 f   sfc_debug:sfcdebug.obj
 0001:0002d840       sf_debug_terminate_instance 000000018002e840 f   sfc_debug:sfcdebug.obj
 0001:0002db80       sf_debug_assertion_failed  000000018002eb80 f   sfc_debug:sfcdebug.obj
 0001:0002dde0       sf_debug_set_number_of_data_with_change_event_for_machine 000000018002ede0 f   sfc_debug:sfcdebug.obj
 0001:0002de20       sf_debug_set_machine_event_thresholds 000000018002ee20 f   sfc_debug:sfcdebug.obj
 0001:0002de40       sf_debug_set_machine_event_scope 000000018002ee40 f   sfc_debug:sfcdebug.obj
 0001:0002de80       sf_debug_set_machine_data_thresholds 000000018002ee80 f   sfc_debug:sfcdebug.obj
 0001:0002dec0       sf_debug_set_machine_data_scope 000000018002eec0 f   sfc_debug:sfcdebug.obj
 0001:0002df50       sf_debug_set_machine_data_name 000000018002ef50 f   sfc_debug:sfcdebug.obj
 0001:0002dff0       sf_debug_set_machine_data_size 000000018002eff0 f   sfc_debug:sfcdebug.obj
 0001:0002e130       sf_debug_set_machine_data_type 000000018002f130 f   sfc_debug:sfcdebug.obj
 0001:0002e2a0       sf_debug_get_chart_data_number 000000018002f2a0 f   sfc_debug:sfcdebug.obj
 0001:0002e2c0       sf_debug_get_chart_event_number 000000018002f2c0 f   sfc_debug:sfcdebug.obj
 0001:0002e2e0       sf_debug_set_chart_state_info 000000018002f2e0 f   sfc_debug:sfcdebug.obj
 0001:0002e360       sf_debug_set_chart_decomposition 000000018002f360 f   sfc_debug:sfcdebug.obj
 0001:0002e3d0       sf_debug_set_chart_substate_count 000000018002f3d0 f   sfc_debug:sfcdebug.obj
 0001:0002e4b0       sf_debug_set_chart_substate_index 000000018002f4b0 f   sfc_debug:sfcdebug.obj
 0001:0002e520       sf_debug_set_chart_state_substate_count 000000018002f520 f   sfc_debug:sfcdebug.obj
 0001:0002e630       sf_debug_set_chart_state_substate_index 000000018002f630 f   sfc_debug:sfcdebug.obj
 0001:0002e6b0       sf_debug_set_number_of_data_with_change_event_for_chart 000000018002f6b0 f   sfc_debug:sfcdebug.obj
 0001:0002e730       sf_debug_set_number_of_states_with_entry_event_for_chart 000000018002f730 f   sfc_debug:sfcdebug.obj
 0001:0002e7a0       sf_debug_set_number_of_states_with_exit_event_for_chart 000000018002f7a0 f   sfc_debug:sfcdebug.obj
 0001:0002e810       sf_debug_set_chart_disable_implicit_casting 000000018002f810 f   sfc_debug:sfcdebug.obj
 0001:0002e880       sf_debug_set_chart_event_thresholds 000000018002f880 f   sfc_debug:sfcdebug.obj
 0001:0002e8f0       sf_debug_set_chart_data_compiled_props 000000018002f8f0 f   sfc_debug:sfcdebug.obj
 0001:0002ec40       sf_debug_set_chart_data_props 000000018002fc40 f   sfc_debug:sfcdebug.obj
 0001:0002ef60       sf_debug_check_fi_license  000000018002ff60 f   sfc_debug:sfcdebug.obj
 0001:0002f150       sf_debug_symbol_scope_push 0000000180030150 f   sfc_debug:sfcdebug.obj
 0001:0002f190       sf_debug_symbol_scope_push_eml 0000000180030190 f   sfc_debug:sfcdebug.obj
 0001:0002f1e0       sf_debug_symbol_scope_pop  00000001800301e0 f   sfc_debug:sfcdebug.obj
 0001:0002f220       sf_debug_symbol_scope_add_importable 0000000180030220 f   sfc_debug:sfcdebug.obj
 0001:0002f2a0       sf_debug_symbol_scope_add  00000001800302a0 f   sfc_debug:sfcdebug.obj
 0001:0002f320       sf_debug_symbol_scope_add_dyn_importable 0000000180030320 f   sfc_debug:sfcdebug.obj
 0001:0002f3e0       sf_debug_symbol_scope_add_dyn 00000001800303e0 f   sfc_debug:sfcdebug.obj
 0001:0002f410       sf_debug_symbol_scope_add_eml_importable 0000000180030410 f   sfc_debug:sfcdebug.obj
 0001:0002f450       sf_debug_symbol_scope_add_eml 0000000180030450 f   sfc_debug:sfcdebug.obj
 0001:0002f490       sf_debug_symbol_scope_add_eml_dyn_importable 0000000180030490 f   sfc_debug:sfcdebug.obj
 0001:0002f500       sf_debug_symbol_scope_add_eml_dyn 0000000180030500 f   sfc_debug:sfcdebug.obj
 0001:0002f560       sf_debug_symbol_switch     0000000180030560 f   sfc_debug:sfcdebug.obj
 0001:0002f580       sf_debug_symbol_scope_add_verbose 0000000180030580 f   sfc_debug:sfcdebug.obj
 0001:0002f650       sf_debug_set_machine_data_value_ptr 0000000180030650 f   sfc_debug:sfcdebug.obj
 0001:0002f690       sf_debug_set_instance_data_value_ptr 0000000180030690 f   sfc_debug:sfcdebug.obj
 0001:0002f750       sf_debug_unset_instance_data_value_ptr 0000000180030750 f   sfc_debug:sfcdebug.obj
 0001:0002f800       sf_debug_set_chart_event_scope 0000000180030800 f   sfc_debug:sfcdebug.obj
 0001:0002f880       sf_debug_set_chart_transition_coverage_maps 0000000180030880 f   sfc_debug:sfcdebug.obj
 0001:0002f990       sf_debug_set_chart_state_coverage_maps 0000000180030990 f   sfc_debug:sfcdebug.obj
 0001:0002fa70       sf_debug_set_instance_transition_coverage_weights 0000000180030a70 f   sfc_debug:sfcdebug.obj
 0001:0002fb10       sf_debug_set_instance_state_coverage_weights 0000000180030b10 f   sfc_debug:sfcdebug.obj
 0001:0002fd60       sf_debug_unload_machine    0000000180030d60 f   sfc_debug:sfcdebug.obj
 0001:0002fdb0       sf_debug_load_machine      0000000180030db0 f   sfc_debug:sfcdebug.obj
 0001:0002feb0       sf_debug_set_active_instance_in_data_dictionary 0000000180030eb0 f   sfc_debug:sfcdebug.obj
 0001:00030090       sf_debug_set_active_instance 0000000180031090 f   sfc_debug:sfcdebug.obj
 0001:000301f0       sf_debug_chart_visiblity_change 00000001800311f0 f   sfc_debug:sfcdebug.obj
 0001:000302f0       sf_debug_select_chart      00000001800312f0 f   sfc_debug:sfcdebug.obj
 0001:00030460       sf_debug_set_instance_cv_ids 0000000180031460 f   sfc_debug:sfcdebug.obj
 0001:00030770       sf_debug_select_charts     0000000180031770 f   sfc_debug:sfcdebug.obj
 0001:00030900       sf_debug_initialized       0000000180031900 f   sfc_debug:sfcdebug.obj
 0001:00030910       sf_debug_is_uninterruptible 0000000180031910 f   sfc_debug:sfcdebug.obj
 0001:00030940       sf_debug_initialize_debugger_gui 0000000180031940 f   sfc_debug:sfcdebug.obj
 0001:00030d30       sf_debug_resume            0000000180031d30 f   sfc_debug:sfcdebug.obj
 0001:00030d50       sf_debug_go                0000000180031d50 f   sfc_debug:sfcdebug.obj
 0001:00030d60       sf_debug_break             0000000180031d60 f   sfc_debug:sfcdebug.obj
 0001:00030d70       sf_debug_step_over         0000000180031d70 f   sfc_debug:sfcdebug.obj
 0001:00030d80       sf_debug_step_out          0000000180031d80 f   sfc_debug:sfcdebug.obj
 0001:00030d90       sf_debug_set_disable_all_breakpoints 0000000180031d90 f   sfc_debug:sfcdebug.obj
 0001:00030da0       sf_debug_disable_all_breakpoints_and_go 0000000180031da0 f   sfc_debug:sfcdebug.obj
 0001:00030db0       sf_debug_break_on_chart_entry 0000000180031db0 f   sfc_debug:sfcdebug.obj
 0001:00030dc0       sf_debug_break_on_event_broadcast 0000000180031dc0 f   sfc_debug:sfcdebug.obj
 0001:00030dd0       sf_debug_break_on_state_entry 0000000180031dd0 f   sfc_debug:sfcdebug.obj
 0001:00030de0       sf_debug_break_between_times 0000000180031de0 f   sfc_debug:sfcdebug.obj
 0001:00030e00       sf_debug_browse_data       0000000180031e00 f   sfc_debug:sfcdebug.obj
 0001:00030e20       sf_debug_watch_data        0000000180031e20 f   sfc_debug:sfcdebug.obj
 0001:00030e40       sf_debug_assign_data       0000000180031e40 f   sfc_debug:sfcdebug.obj
 0001:00030e60       sf_debug_whos              0000000180031e60 f   sfc_debug:sfcdebug.obj
 0001:00030e80       sf_debug_get_consistency_info 0000000180031e80 f   sfc_debug:sfcdebug.obj
 0001:00030e90       sf_debug_browse_trace      0000000180031e90 f   sfc_debug:sfcdebug.obj
 0001:00030ea0       sf_debug_set_breakpoints   0000000180031ea0 f   sfc_debug:sfcdebug.obj
 0001:00031000       sf_debug_set_eml_breakpoints 0000000180032000 f   sfc_debug:sfcdebug.obj
 0001:00031160       sf_debug_set_script_breakpoints 0000000180032160 f   sfc_debug:sfcdebug.obj
 0001:000311e0       sf_debug_add_script_breakpoints 00000001800321e0 f   sfc_debug:sfcdebug.obj
 0001:00031250       sf_debug_clear_script_breakpoints 0000000180032250 f   sfc_debug:sfcdebug.obj
 0001:000312c0       sf_debug_query_script_breakpoints 00000001800322c0 f   sfc_debug:sfcdebug.obj
 0001:00031380       sf_debug_get_eml_script_id 0000000180032380 f   sfc_debug:sfcdebug.obj
 0001:000313d0       sf_debug_set_watch         00000001800323d0 f   sfc_debug:sfcdebug.obj
 0001:00031600       sf_debug_get_instance_handle 0000000180032600 f   sfc_debug:sfcdebug.obj
 0001:00031690       sf_debug_get_active_states 0000000180032690 f   sfc_debug:sfcdebug.obj
 0001:000316a0       sf_debug_get_animation     00000001800326a0 f   sfc_debug:sfcdebug.obj
 0001:000316b0       sf_debug_set_animation     00000001800326b0 f   sfc_debug:sfcdebug.obj
 0001:000316c0       sf_debug_animate           00000001800326c0 f   sfc_debug:sfcdebug.obj
 0001:000316f0       sf_debug_cycle_detection_check 00000001800326f0 f   sfc_debug:sfcdebug.obj
 0001:00031700       sf_debug_data_range_check  0000000180032700 f   sfc_debug:sfcdebug.obj
 0001:00031710       sf_debug_transition_conflict_check 0000000180032710 f   sfc_debug:sfcdebug.obj
 0001:00031720       sf_debug_state_consistency_check 0000000180032720 f   sfc_debug:sfcdebug.obj
 0001:00031730       sf_debug_data_range_check_enabled 0000000180032730 f   sfc_debug:sfcdebug.obj
 0001:00031750       sf_debug_transition_conflict_check_enabled 0000000180032750 f   sfc_debug:sfcdebug.obj
 0001:00031770       sf_debug_transition_conflict_check_begin 0000000180032770 f   sfc_debug:sfcdebug.obj
 0001:00031790       sf_debug_transition_conflict_check_end 0000000180032790 f   sfc_debug:sfcdebug.obj
 0001:000317b0       sf_debug_stop_debugging    00000001800327b0 f   sfc_debug:sfcdebug.obj
 0001:000317e0       sf_debug_is_cycle_detected 00000001800327e0 f   sfc_debug:sfcdebug.obj
 0001:000317f0       sf_debug_is_array_bounds_detected 00000001800327f0 f   sfc_debug:sfcdebug.obj
 0001:00031800       sf_debug_get_state_vectors_data_size 0000000180032800 f   sfc_debug:sfcdebug.obj
 0001:00031840       sf_debug_get_state_vectors_data 0000000180032840 f   sfc_debug:sfcdebug.obj
 0001:00031940       sf_debug_set_state_vectors_data 0000000180032940 f   sfc_debug:sfcdebug.obj
 0001:00031c00       sf_debug_get_script_index  0000000180032c00 f   sfc_debug:sfcdebug.obj
 0001:00031d90       sf_debug_add_script        0000000180032d90 f   sfc_debug:sfcdebug.obj
 0001:00031f20       cv_eval_point              0000000180032f20 f   sfc_debug:sfcdebug.obj
 0001:00032090       cv_eval_testobjective      0000000180033090 f   sfc_debug:sfcdebug.obj
 0001:000321b0       sf_debug_cv_init_state     00000001800331b0 f   sfc_debug:sfcdebug.obj
 0001:000322d0       sf_debug_cv_init_chart     00000001800332d0 f   sfc_debug:sfcdebug.obj
 0001:000323b0       sf_debug_cv_init_trans     00000001800333b0 f   sfc_debug:sfcdebug.obj
 0001:000324b0       sf_debug_cv_init_testobjectives 00000001800334b0 f   sfc_debug:sfcdebug.obj
 0001:00032690       cv_eml_init_script         0000000180033690 f   sfc_debug:sfcdebug.obj
 0001:000327a0       cv_eml_init_fcn            00000001800337a0 f   sfc_debug:sfcdebug.obj
 0001:00032850       cv_eml_init_testobjective  0000000180033850 f   sfc_debug:sfcdebug.obj
 0001:00032920       cv_eml_init_saturation     0000000180033920 f   sfc_debug:sfcdebug.obj
 0001:000329e0       cv_eml_init_if             00000001800339e0 f   sfc_debug:sfcdebug.obj
 0001:00032ab0       cv_eml_init_for            0000000180033ab0 f   sfc_debug:sfcdebug.obj
 0001:00032b70       cv_eml_init_while          0000000180033b70 f   sfc_debug:sfcdebug.obj
 0001:00032c30       cv_eml_init_mcdc           0000000180033c30 f   sfc_debug:sfcdebug.obj
 0001:00032d40       cv_eml_init_switch         0000000180033d40 f   sfc_debug:sfcdebug.obj
 0001:00032e30       cv_eml_eval                0000000180033e30 f   sfc_debug:sfcdebug.obj
 0001:00032f10       sf_debug_bm_is_a_eml_breakpoint 0000000180033f10 f   sfc_debug:sfcdebug.obj
 0001:00033060       sf_debug_temporal_threshold 0000000180034060 f   sfc_debug:sfcdebug.obj
 0001:000333c0       sf_debug_transition_conflict_error 00000001800343c0 f   sfc_debug:sfcdebug.obj
 0001:00033740       sf_debug_state_inconsistency_error 0000000180034740 f   sfc_debug:sfcdebug.obj
 0001:00033860       sf_debug_check_for_state_inconsistency 0000000180034860 f   sfc_debug:sfcdebug.obj
 0001:00033890       sf_debug_cycle_detecton_error 0000000180034890 f   sfc_debug:sfcdebug.obj
 0001:00034060       sf_debug_size_eq_check_1d  0000000180035060 f   sfc_debug:sfcdebug.obj
 0001:00034080       sf_debug_size_eq_check_nd  0000000180035080 f   sfc_debug:sfcdebug.obj
 0001:00034260       sf_debug_dim_size_eq_check 0000000180035260 f   sfc_debug:sfcdebug.obj
 0001:00034290       sf_debug_dim_size_geq_check 0000000180035290 f   sfc_debug:sfcdebug.obj
 0001:000342c0       sf_debug_sub_assign_size_check_nd 00000001800352c0 f   sfc_debug:sfcdebug.obj
 0001:00034500       sf_debug_matrix_matrix_index_check 0000000180035500 f   sfc_debug:sfcdebug.obj
 0001:00034530       sf_debug_vector_vector_index_check 0000000180035530 f   sfc_debug:sfcdebug.obj
 0001:00034560       sf_debug_for_loop_vector_check 0000000180035560 f   sfc_debug:sfcdebug.obj
 0001:000345f0       sf_debug_runtime_error_msgid 00000001800355f0 f   sfc_debug:sfcdebug.obj
 0001:00034680       sf_debug_data_array_bounds_error_check 0000000180035680 f   sfc_debug:sfcdebug.obj
 0001:00034790       sf_debug_eml_data_array_bounds_error_check 0000000180035790 f   sfc_debug:sfcdebug.obj
 0001:00034c70       sf_debug_integer_check     0000000180035c70 f   sfc_debug:sfcdebug.obj
 0001:00034d50       sf_debug_not_nan_check     0000000180035d50 f   sfc_debug:sfcdebug.obj
 0001:00034e10       sf_debug_non_negative_check 0000000180035e10 f   sfc_debug:sfcdebug.obj
 0001:00034ed0       sf_debug_overflow_detection 0000000180035ed0 f   sfc_debug:sfcdebug.obj
 0001:000355c0       sf_debug_cast_to_real32_T  00000001800365c0 f   sfc_debug:sfcdebug.obj
 0001:00035680       sf_debug_cast_to_int8_T    0000000180036680 f   sfc_debug:sfcdebug.obj
 0001:00035740       sf_debug_cast_to_uint8_T   0000000180036740 f   sfc_debug:sfcdebug.obj
 0001:00035800       sf_debug_cast_to_int16_T   0000000180036800 f   sfc_debug:sfcdebug.obj
 0001:000358c0       sf_debug_cast_to_uint16_T  00000001800368c0 f   sfc_debug:sfcdebug.obj
 0001:00035980       sf_debug_cast_to_int32_T   0000000180036980 f   sfc_debug:sfcdebug.obj
 0001:00035a40       sf_debug_cast_to_uint32_T  0000000180036a40 f   sfc_debug:sfcdebug.obj
 0001:00035b00       sf_debug_data_range_error  0000000180036b00 f   sfc_debug:sfcdebug.obj
 0001:00035e50       sf_debug_read_before_write_check 0000000180036e50 f   sfc_debug:sfcdebug.obj
 0001:000362b0       sf_debug_data_range_error_wrapper_min_max 00000001800372b0 f   sfc_debug:sfcdebug.obj
 0001:000363a0       sf_debug_data_range_error_wrapper_min 00000001800373a0 f   sfc_debug:sfcdebug.obj
 0001:00036480       sf_debug_data_range_error_wrapper_max 0000000180037480 f   sfc_debug:sfcdebug.obj
 0001:00036560       sf_debug_data_range_wrapper 0000000180037560 f   sfc_debug:sfcdebug.obj
 0001:00036610       sf_debug_set_current_status_info 0000000180037610 f   sfc_debug:sfcdebug.obj
 0001:000369c0       sf_debug_register_message_post_receive_info 00000001800379c0 f   sfc_debug:sfcdebug.obj
 0001:00036c30       sf_debug_call              0000000180037c30 f   sfc_debug:sfcdebug.obj
 0001:00037890       sf_debug_initialize_machine 0000000180038890 f   sfc_debug:sfcdebug.obj
 0001:00037ba0       sf_debug_initialize_chart  0000000180038ba0 f   sfc_debug:sfcdebug.obj
 0001:00037ff0       sf_debug_ensure_script     0000000180038ff0 f   sfc_debug:sfcdebug.obj
 0001:000380b0       cv_script_init_script      00000001800390b0 f   sfc_debug:sfcdebug.obj
 0001:000381a0       cv_script_init_fcn         00000001800391a0 f   sfc_debug:sfcdebug.obj
 0001:00038250       cv_script_init_testobjective 0000000180039250 f   sfc_debug:sfcdebug.obj
 0001:00038300       cv_script_init_if          0000000180039300 f   sfc_debug:sfcdebug.obj
 0001:000383b0       cv_script_init_for         00000001800393b0 f   sfc_debug:sfcdebug.obj
 0001:00038460       cv_script_init_while       0000000180039460 f   sfc_debug:sfcdebug.obj
 0001:00038510       cv_script_init_mcdc        0000000180039510 f   sfc_debug:sfcdebug.obj
 0001:00038610       cv_script_init_switch      0000000180039610 f   sfc_debug:sfcdebug.obj
 0001:000386f0       cv_script_eval             00000001800396f0 f   sfc_debug:sfcdebug.obj
 0001:000387d0       eml_debug_line_call        00000001800397d0 f   sfc_debug:sfcdebug.obj
 0001:00038980       sf_debug_terminate         0000000180039980 f   sfc_debug:sfcdebug.obj
 0001:00038af0       sf_debug_set_script_cv_ids 0000000180039af0 f   sfc_debug:sfcdebug.obj
 0001:00038c20       sf_debug_api               0000000180039c20 f   sfc_debug:sfc_api.obj
 0001:0003a2d0       sf_debug_sm_terminate      000000018003b2d0 f   sfc_debug:sfdb_animation.obj
 0001:0003a490       sf_debug_reset_path_objects 000000018003b490 f   sfc_debug:sfdb_animation.obj
 0001:0003a510       sf_debug_sm_reset_object_selection_status 000000018003b510 f   sfc_debug:sfdb_animation.obj
 0001:0003a5b0       sf_debug_sm_reset_state_buffer 000000018003b5b0 f   sfc_debug:sfdb_animation.obj
 0001:0003a680       sf_debug_sm_store_state_buffer 000000018003b680 f   sfc_debug:sfdb_animation.obj
 0001:0003a700       sf_debug_sm_restore_state_buffer1 000000018003b700 f   sfc_debug:sfdb_animation.obj
 0001:0003a770       sf_debug_sm_restore_state_buffer2 000000018003b770 f   sfc_debug:sfdb_animation.obj
 0001:0003a7e0       sf_debug_sm_chart_active   000000018003b7e0 f   sfc_debug:sfdb_animation.obj
 0001:0003a830       sf_debug_sm_select_active_objects 000000018003b830 f   sfc_debug:sfdb_animation.obj
 0001:0003ad20       sf_debug_sm_is_chart_active 000000018003bd20 f   sfc_debug:sfdb_animation.obj
 0001:0003ad60       sf_debug_sm_is_state_active 000000018003bd60 f   sfc_debug:sfdb_animation.obj
 0001:0003afa0       sf_debug_sm_get_active_states 000000018003bfa0 f   sfc_debug:sfdb_animation.obj
 0001:0003b560       sf_debug_sm_initialize_instance 000000018003c560 f   sfc_debug:sfdb_animation.obj
 0001:0003b780       sf_debug_sm_change_object_selection_status 000000018003c780 f   sfc_debug:sfdb_animation.obj
 0001:0003ba90       cv_create_interface        000000018003ca90 f   sfc_debug:cv_sfinterface.obj
 0001:0003bdf0       cv_init_trans              000000018003cdf0 f   sfc_debug:cv_sfinterface.obj
 0001:0003be40       cv_init_testobjective      000000018003ce40 f   sfc_debug:cv_sfinterface.obj
 0001:0003be80       cv_init_state              000000018003ce80 f   sfc_debug:cv_sfinterface.obj
 0001:0003bef0       cv_init_chart              000000018003cef0 f   sfc_debug:cv_sfinterface.obj
 0001:0003bf40       cv_dec_update_call         000000018003cf40 f   sfc_debug:cv_sfinterface.obj
 0001:0003bf80       cv_cond_update_call        000000018003cf80 f   sfc_debug:cv_sfinterface.obj
 0001:0003bfc0       cv_testobjective_update_call 000000018003cfc0 f   sfc_debug:cv_sfinterface.obj
 0001:0003c000       cv_sigrange_update         000000018003d000 f   sfc_debug:cv_sfinterface.obj
 0001:0003c040       cvsf_eml_eval              000000018003d040 f   sfc_debug:cv_sfinterface.obj
 0001:0003c130       cvsf_eml_init_script       000000018003d130 f   sfc_debug:cv_sfinterface.obj
 0001:0003c1c0       cvsf_eml_init_fcn          000000018003d1c0 f   sfc_debug:cv_sfinterface.obj
 0001:0003c220       cvsf_eml_init_testobjective 000000018003d220 f   sfc_debug:cv_sfinterface.obj
 0001:0003c280       cvsf_eml_init_saturation   000000018003d280 f   sfc_debug:cv_sfinterface.obj
 0001:0003c2d0       cvsf_eml_init_if           000000018003d2d0 f   sfc_debug:cv_sfinterface.obj
 0001:0003c330       cvsf_eml_init_for          000000018003d330 f   sfc_debug:cv_sfinterface.obj
 0001:0003c380       cvsf_eml_init_while        000000018003d380 f   sfc_debug:cv_sfinterface.obj
 0001:0003c3d0       cvsf_eml_init_mcdc         000000018003d3d0 f   sfc_debug:cv_sfinterface.obj
 0001:0003c460       cvsf_eml_init_switch       000000018003d460 f   sfc_debug:cv_sfinterface.obj
 0001:0003c4d0       cvsf_script_eval           000000018003d4d0 f   sfc_debug:cv_sfinterface.obj
 0001:0003c5c0       cvsf_script_init_script    000000018003d5c0 f   sfc_debug:cv_sfinterface.obj
 0001:0003c650       cvsf_script_init_fcn       000000018003d650 f   sfc_debug:cv_sfinterface.obj
 0001:0003c6b0       cvsf_script_init_testobjective 000000018003d6b0 f   sfc_debug:cv_sfinterface.obj
 0001:0003c710       cvsf_script_init_saturation 000000018003d710 f   sfc_debug:cv_sfinterface.obj
 0001:0003c760       cvsf_script_init_if        000000018003d760 f   sfc_debug:cv_sfinterface.obj
 0001:0003c7c0       cvsf_script_init_for       000000018003d7c0 f   sfc_debug:cv_sfinterface.obj
 0001:0003c810       cvsf_script_init_while     000000018003d810 f   sfc_debug:cv_sfinterface.obj
 0001:0003c860       cvsf_script_init_mcdc      000000018003d860 f   sfc_debug:cv_sfinterface.obj
 0001:0003c8f0       cvsf_script_init_switch    000000018003d8f0 f   sfc_debug:cv_sfinterface.obj
 0001:0003c960       cv_destroy_interface       000000018003d960 f   sfc_debug:cv_sfinterface.obj
 0001:0003c980       cv_create_instance_objects 000000018003d980 f   sfc_debug:cv_sfinterface.obj
 0001:0003ce30       cv_is_enabled              000000018003de30 f   sfc_debug:cv_sfinterface.obj
 0001:0003ce40       sf_debug_cv_initialize_script 000000018003de40 f   sfc_debug:cv_sfinterface.obj
 0001:0003cff0       sf_debug_cv_initialize_instance 000000018003dff0 f   sfc_debug:cv_sfinterface.obj
 0001:0003d390       sf_debug_cv_terminate_chart 000000018003e390 f   sfc_debug:cv_sfinterface.obj
 0001:0003d4d0       cv_call_trans_test         000000018003e4d0 f   sfc_debug:cv_sfinterface.obj
 0001:0003d4e0       cv_call_sub_cond_test      000000018003e4e0 f   sfc_debug:cv_sfinterface.obj
 0001:0003d520       sf_debug_st_initialize_machine 000000018003e520 f   sfc_debug:sfdb_data_browse.obj
 0001:0003d5e0       sf_debug_st_initialize_instance 000000018003e5e0 f   sfc_debug:sfdb_data_browse.obj
 0001:0003d810       sf_debug_st_terminate      000000018003e810 f   sfc_debug:sfdb_data_browse.obj
 0001:0003dbb0       sf_debug_st_set_data_value_ptr_in_machine 000000018003ebb0 f   sfc_debug:sfdb_data_browse.obj
 0001:0003dc40       sf_debug_st_set_data_value_ptr_in_instance 000000018003ec40 f   sfc_debug:sfdb_data_browse.obj
 0001:0003dd20       sf_debug_st_unset_data_value_ptr_in_machine 000000018003ed20 f   sfc_debug:sfdb_data_browse.obj
 0001:0003dd90       sf_debug_st_unset_data_value_ptr_in_instance 000000018003ed90 f   sfc_debug:sfdb_data_browse.obj
 0001:0003e0a0       sf_debug_mx_value          000000018003f0a0 f   sfc_debug:sfdb_data_browse.obj
 0001:0003e100       sf_debug_mx_packed_vector  000000018003f100 f   sfc_debug:sfdb_data_browse.obj
 0001:0003e1e0       sf_debug_mx_uint_vector    000000018003f1e0 f   sfc_debug:sfdb_data_browse.obj
 0001:0003e2a0       sf_debug_st_get_double_value_from_void_ptr_vector 000000018003f2a0 f   sfc_debug:sfdb_data_browse.obj
 0001:0003ed90       sf_debug_st_browse_data    000000018003fd90 f   sfc_debug:sfdb_data_browse.obj
 0001:0003f620       sf_debug_hm_initialize_instance 0000000180040620 f   sfc_debug:sfdb_handle_management.obj
 0001:0003fb50       sf_debug_hm_get_object_id  0000000180040b50 f   sfc_debug:sfdb_handle_management.obj
 0001:00040700       sf_debug_hm_update_chart_visibility 0000000180041700 f   sfc_debug:sfdb_handle_management.obj
 0001:000419e0       sf_debug_object_is_eml_function 00000001800429e0 f   sfc_debug:sfdb_handle_management.obj
 0001:00041a50       sf_debug_hm_initialize_ids_in_machine 0000000180042a50 f   sfc_debug:sfdb_handle_management.obj
 0001:00041bc0       sf_debug_hm_initialize_ids_in_chart 0000000180042bc0 f   sfc_debug:sfdb_handle_management.obj
 0001:00041cc0       sf_debug_hm_initialize_chart 0000000180042cc0 f   sfc_debug:sfdb_handle_management.obj
 0001:00042460       sf_debug_hm_terminate      0000000180043460 f   sfc_debug:sfdb_handle_management.obj
 0001:000424c0       sf_debug_hm_initialize_machine 00000001800434c0 f   sfc_debug:sfdb_handle_management.obj
 0001:00042c70       sf_debug_ss_initialize     0000000180043c70 f   sfc_debug:sfdb_symbol_scope.obj
 0001:00042c90       sf_debug_ss_terminate      0000000180043c90 f   sfc_debug:sfdb_symbol_scope.obj
 0001:00042d20       sf_debug_ss_push_symbol_scope 0000000180043d20 f   sfc_debug:sfdb_symbol_scope.obj
 0001:00042e20       sf_debug_ss_push_symbol_scope_eml 0000000180043e20 f   sfc_debug:sfdb_symbol_scope.obj
 0001:00042e80       sf_debug_ss_pop_symbol_scope 0000000180043e80 f   sfc_debug:sfdb_symbol_scope.obj
 0001:00042f30       sf_debug_ss_add_symbol     0000000180043f30 f   sfc_debug:sfdb_symbol_scope.obj
 0001:00043090       sf_debug_ss_add_symbol_eml 0000000180044090 f   sfc_debug:sfdb_symbol_scope.obj
 0001:00043db0       sf_debug_ss_set_data_value 0000000180044db0 f   sfc_debug:sfdb_symbol_scope.obj
 0001:00044280       getInstanceNumber          0000000180045280 f   sfc_debug:sfdb_symbol_scope.obj
 0001:00044350       sf_debug_ss_watch_data     0000000180045350 f   sfc_debug:sfdb_symbol_scope.obj
 0001:000444f0       sf_debug_ss_assign_data    00000001800454f0 f   sfc_debug:sfdb_symbol_scope.obj
 0001:00044f10       get_data_entry_name        0000000180045f10 f   sfc_debug:sfdb_symbol_scope.obj
 0001:00044f60       sf_debug_ss_whos           0000000180045f60 f   sfc_debug:sfdb_symbol_scope.obj
 0001:00045680       sf_debug_cc_initialize_chart 0000000180046680 f   sfc_debug:sfdb_coverage.obj
 0001:00046070       sf_debug_cc_initialize_instance 0000000180047070 f   sfc_debug:sfdb_coverage.obj
 0001:00046e80       sf_debug_cc_terminate      0000000180047e80 f   sfc_debug:sfdb_coverage.obj
 0001:00046f70       sf_debug_cc_set_transition_maps 0000000180047f70 f   sfc_debug:sfdb_coverage.obj
 0001:000470a0       sf_debug_cc_set_state_maps 00000001800480a0 f   sfc_debug:sfdb_coverage.obj
 0001:00047180       sf_debug_cc_set_transition_weights 0000000180048180 f   sfc_debug:sfdb_coverage.obj
 0001:00047450       sf_debug_cc_set_state_weights 0000000180048450 f   sfc_debug:sfdb_coverage.obj
 0001:00047720       sf_debug_cc_mark_transition_guard 0000000180048720 f   sfc_debug:sfdb_coverage.obj
 0001:000477b0       sf_debug_cc_mark_transition_trigger 00000001800487b0 f   sfc_debug:sfdb_coverage.obj
 0001:00047840       sf_debug_cc_mark_transition_decision 0000000180048840 f   sfc_debug:sfdb_coverage.obj
 0001:000478b0       sf_debug_cc_mark_transition_condition_action 00000001800488b0 f   sfc_debug:sfdb_coverage.obj
 0001:00047900       sf_debug_cc_mark_transition_transition_action 0000000180048900 f   sfc_debug:sfdb_coverage.obj
 0001:00047950       sf_debug_cc_mark_state_entry 0000000180048950 f   sfc_debug:sfdb_coverage.obj
 0001:000479a0       sf_debug_cc_mark_state_during 00000001800489a0 f   sfc_debug:sfdb_coverage.obj
 0001:000479f0       sf_debug_cc_mark_state_exit 00000001800489f0 f   sfc_debug:sfdb_coverage.obj
 0001:00047a40       sf_debug_bm_clear_script_breakpoints 0000000180048a40 f   sfc_debug:sfdb_breakpoints.obj
 0001:00047a70       sf_debug_bm_set_script_breakpoint 0000000180048a70 f   sfc_debug:sfdb_breakpoints.obj
 0001:00047af0       sf_debug_bm_clear_single_script_breakpoint 0000000180048af0 f   sfc_debug:sfdb_breakpoints.obj
 0001:00047b70       sf_debug_bm_query_script_breakpoint 0000000180048b70 f   sfc_debug:sfdb_breakpoints.obj
 0001:00047bc0       sf_debug_bm_initialize_scripts 0000000180048bc0 f   sfc_debug:sfdb_breakpoints.obj
 0001:000482e0       sf_debug_bm_terminate      00000001800492e0 f   sfc_debug:sfdb_breakpoints.obj
 0001:000485d0       sf_debug_bm_remove_all_breakpoints_in_machine 00000001800495d0 f   sfc_debug:sfdb_breakpoints.obj
 0001:00048640       sf_debug_bm_remove_all_breakpoints_in_chart 0000000180049640 f   sfc_debug:sfdb_breakpoints.obj
 0001:00048790       sf_debug_bm_initialize_global_breakpoints 0000000180049790 f   sfc_debug:sfdb_breakpoints.obj
 0001:00048910       sf_debug_bm_set_breakpoint 0000000180049910 f   sfc_debug:sfdb_breakpoints.obj
 0001:00048f10       sf_debug_bm_set_eml_breakpoint 0000000180049f10 f   sfc_debug:sfdb_breakpoints.obj
 0001:00048fb0       sf_debug_bm_initialize_machine_breakpoint_map 0000000180049fb0 f   sfc_debug:sfdb_breakpoints.obj
 0001:000493d0       sf_debug_bm_is_a_breakpoint 000000018004a3d0 f   sfc_debug:sfdb_breakpoints.obj
 0001:000499b0       sf_debug_bm_get_all_breakpoints_in_machine 000000018004a9b0 f   sfc_debug:sfdb_breakpoints.obj
 0001:00049cb0       sf_debug_bm_get_all_breakpoints_in_chart 000000018004acb0 f   sfc_debug:sfdb_breakpoints.obj
 0001:0004a970       sf_debug_bm_initialize_machine 000000018004b970 f   sfc_debug:sfdb_breakpoints.obj
 0001:0004aa40       sf_debug_bm_initialize_chart 000000018004ba40 f   sfc_debug:sfdb_breakpoints.obj
 0001:0004ae60       sf_debug_sc_terminate      000000018004be60 f   sfc_debug:sfdb_state_consistency.obj
 0001:0004b190       sf_debug_sc_is_chart_consistent 000000018004c190 f   sfc_debug:sfdb_state_consistency.obj
 0001:0004b440       sf_debug_sc_get_consistency_error_info 000000018004c440 f   sfc_debug:sfdb_state_consistency.obj
 0001:0004b890       sf_debug_tm_terminate      000000018004c890 f   sfc_debug:sfdb_call_stack.obj
 0001:0004b950       sf_debug_tm_push_chart_instance 000000018004c950 f   sfc_debug:sfdb_call_stack.obj
 0001:0004baa0       sf_debug_tm_pop_chart_instance 000000018004caa0 f   sfc_debug:sfdb_call_stack.obj
 0001:0004bb00       sf_debug_tm_push_trace_node 000000018004cb00 f   sfc_debug:sfdb_call_stack.obj
 0001:0004bc90       sf_debug_tm_pop_trace_node 000000018004cc90 f   sfc_debug:sfdb_call_stack.obj
 0001:0004bd10       sf_debug_tm_get_current_global_trace_index 000000018004cd10 f   sfc_debug:sfdb_call_stack.obj
 0001:0004bd20       sf_debug_tm_get_current_local_trace_index 000000018004cd20 f   sfc_debug:sfdb_call_stack.obj
 0001:0004bd50       sf_debug_tm_set_cycle_detected_flag 000000018004cd50 f   sfc_debug:sfdb_call_stack.obj
 0001:0004bd90       sf_debug_tm_set_cycle_started_flag 000000018004cd90 f   sfc_debug:sfdb_call_stack.obj
 0001:0004bdd0       sf_debug_tm_get_chart_number_from_stack 000000018004cdd0 f   sfc_debug:sfdb_call_stack.obj
 0001:0004bfd0       sf_debug_tm_browse_trace   000000018004cfd0 f   sfc_debug:sfdb_call_stack.obj
 0001:0004c310       sf_debug_cd_initialize_instance 000000018004d310 f   sfc_debug:sfdb_cycle_detection.obj
 0001:0004c5c0       sf_debug_cd_mark_processed_transition_in_instance 000000018004d5c0 f   sfc_debug:sfdb_cycle_detection.obj
 0001:0004c660       sf_debug_cd_checksum_push  000000018004d660 f   sfc_debug:sfdb_cycle_detection.obj
 0001:0004c920       sf_debug_cd_checksum_pop   000000018004d920 f   sfc_debug:sfdb_cycle_detection.obj
 0001:0004c990       sf_debug_cd_turn_off_cycle_detection 000000018004d990 f   sfc_debug:sfdb_cycle_detection.obj
 0001:0004c9e0       sf_debug_cd_terminate      000000018004d9e0 f   sfc_debug:sfdb_cycle_detection.obj
 0001:0004cc20       md5_initialize_state       000000018004dc20 f   sfc_debug:ckmd5.obj
 0001:0004d690       md5_update_state           000000018004e690 f   sfc_debug:ckmd5.obj
 0001:0004d6b0       md5_get_hash               000000018004e6b0 f   sfc_debug:ckmd5.obj
 0001:0004d6e0       md5_get_hash_for_a_single_string 000000018004e6e0 f   sfc_debug:ckmd5.obj
 0001:0004d744       mxGetPr                    000000018004e744 f   libmx:libmx.dll
 0001:0004d74a       mxCreateDoubleScalar       000000018004e74a f   libmx:libmx.dll
 0001:0004d750       mxCreateDoubleMatrix_730   000000018004e750 f   libmx:libmx.dll
 0001:0004d756       mxSetField_730             000000018004e756 f   libmx:libmx.dll
 0001:0004d75c       mxCreateString             000000018004e75c f   libmx:libmx.dll
 0001:0004d762       mxCreateStructMatrix_730   000000018004e762 f   libmx:libmx.dll
 0001:0004d768       mxDestroyArray             000000018004e768 f   libmx:libmx.dll
 0001:0004d76e       mxDuplicateArray           000000018004e76e f   libmx:libmx.dll
 0001:0004d774       mxGetString_730            000000018004e774 f   libmx:libmx.dll
 0001:0004d77a       mxIsChar                   000000018004e77a f   libmx:libmx.dll
 0001:0004d780       mxGetClassID               000000018004e780 f   libmx:libmx.dll
 0001:0004d786       mxIsNumeric                000000018004e786 f   libmx:libmx.dll
 0001:0004d78c       mxIsComplex                000000018004e78c f   libmx:libmx.dll
 0001:0004d792       mxGetN                     000000018004e792 f   libmx:libmx.dll
 0001:0004d798       mxGetM                     000000018004e798 f   libmx:libmx.dll
 0001:0004d79e       mxCalloc                   000000018004e79e f   libmx:libmx.dll
 0001:0004d7a4       mxGetScalar                000000018004e7a4 f   libmx:libmx.dll
 0001:0004d7aa       mxIsLogical                000000018004e7aa f   libmx:libmx.dll
 0001:0004d7b0       mxCreateDoubleMatrix_700   000000018004e7b0 f   libmx:libmx.dll
 0001:0004d7b6       mxFree                     000000018004e7b6 f   libmx:libmx.dll
 0001:0004d7bc       mxArrayToString            000000018004e7bc f   libmx:libmx.dll
 0001:0004d7c2       mxCreateCellMatrix_700     000000018004e7c2 f   libmx:libmx.dll
 0001:0004d7c8       mxSetCell_700              000000018004e7c8 f   libmx:libmx.dll
 0001:0004d7ce       mxGetCell_700              000000018004e7ce f   libmx:libmx.dll
 0001:0004d7d4       mxGetClassName             000000018004e7d4 f   libmx:libmx.dll
 0001:0004d7da       mxSetField_700             000000018004e7da f   libmx:libmx.dll
 0001:0004d7e0       mxAddField                 000000018004e7e0 f   libmx:libmx.dll
 0001:0004d7e6       mxGetField_700             000000018004e7e6 f   libmx:libmx.dll
 0001:0004d7ec       mxGetNumberOfElements      000000018004e7ec f   libmx:libmx.dll
 0001:0004d7f2       mxIsStruct                 000000018004e7f2 f   libmx:libmx.dll
 0001:0004d7f8       mxIsA                      000000018004e7f8 f   libmx:libmx.dll
 0001:0004d7fe       mxIsClass                  000000018004e7fe f   libmx:libmx.dll
 0001:0004d804       mxGetLogicals              000000018004e804 f   libmx:libmx.dll
 0001:0004d80a       mxIsSparse                 000000018004e80a f   libmx:libmx.dll
 0001:0004d810       mxSetFieldByNumber_700     000000018004e810 f   libmx:libmx.dll
 0001:0004d816       mxGetFieldByNumber_700     000000018004e816 f   libmx:libmx.dll
 0001:0004d81c       mxGetFieldNameByNumber     000000018004e81c f   libmx:libmx.dll
 0001:0004d822       mxGetNumberOfFields        000000018004e822 f   libmx:libmx.dll
 0001:0004d828       mxCreateStructMatrix_700   000000018004e828 f   libmx:libmx.dll
 0001:0004d82e       mxGetFieldNumber           000000018004e82e f   libmx:libmx.dll
 0001:0004d834       mxIsNaN                    000000018004e834 f   libmx:libmx.dll
 0001:0004d83a       mxIsEmpty                  000000018004e83a f   libmx:libmx.dll
 0001:0004d840       mxGetData                  000000018004e840 f   libmx:libmx.dll
 0001:0004d846       mxGetImagData              000000018004e846 f   libmx:libmx.dll
 0001:0004d84c       mxArrayClassIDName         000000018004e84c f   libmx:libmx.dll
 0001:0004d852       mxCreateNumericMatrix_700  000000018004e852 f   libmx:libmx.dll
 0001:0004d858       mxCreateStructArray_700    000000018004e858 f   libmx:libmx.dll
 0001:0004d85e       mxCalcSingleSubscript_700  000000018004e85e f   libmx:libmx.dll
 0001:0004d864       mxGetDimensions_700        000000018004e864 f   libmx:libmx.dll
 0001:0004d86a       mxGetNumberOfDimensions_700 000000018004e86a f   libmx:libmx.dll
 0001:0004d870       mxCreateNumericArray_700   000000018004e870 f   libmx:libmx.dll
 0001:0004d876       mxGetElementSize           000000018004e876 f   libmx:libmx.dll
 0001:0004d87c       mxCreateStringFromNChars_700 000000018004e87c f   libmx:libmx.dll
 0001:0004d882       mxGetString_700            000000018004e882 f   libmx:libmx.dll
 0001:0004d888       mxIsLogicalScalarTrue      000000018004e888 f   libmx:libmx.dll
 0001:0004d88e       mxCreateLogicalScalar      000000018004e88e f   libmx:libmx.dll
 0001:0004d894       mexUnlock                  000000018004e894 f   libmex:libmex.dll
 0001:0004d89a       mexIsLocked                000000018004e89a f   libmex:libmex.dll
 0001:0004d8a0       mexWarnMsgTxt              000000018004e8a0 f   libmex:libmex.dll
 0001:0004d8a6       mexCallMATLAB              000000018004e8a6 f   libmex:libmex.dll
 0001:0004d8ac       mexErrMsgTxt               000000018004e8ac f   libmex:libmex.dll
 0001:0004d8b2       mexMakeArrayPersistent     000000018004e8b2 f   libmex:libmex.dll
 0001:0004d8b8       mexSetTrapFlag             000000018004e8b8 f   libmex:libmex.dll
 0001:0004d8be       mexPutVariable             000000018004e8be f   libmex:libmex.dll
 0001:0004d8c4       mexGetVariable             000000018004e8c4 f   libmex:libmex.dll
 0001:0004d8ca       mexLock                    000000018004e8ca f   libmex:libmex.dll
 0001:0004d8d0       mexMakeMemoryPersistent    000000018004e8d0 f   libmex:libmex.dll
 0001:0004d8d6       mexFunctionName            000000018004e8d6 f   libmex:libmex.dll
 0001:0004d8dc       ssRegisterDataTypeFxpFSlopeFixExpBias 000000018004e8dc f   libfixedpoint:libfixedpoint.dll
 0001:0004d8e2       utVSNprintf                000000018004e8e2 f   libut:libut.dll
 0001:0004d8e8       utCPUtime                  000000018004e8e8 f   libut:libut.dll
 0001:0004d8ee       utFree                     000000018004e8ee f   libut:libut.dll
 0001:0004d8f4       utMalloc                   000000018004e8f4 f   libut:libut.dll
 0001:0004d8fa       muDoubleScalarSin          000000018004e8fa f   libmwmathutil:libmwmathutil.dll
 0001:0004d900       muDoubleScalarCos          000000018004e900 f   libmwmathutil:libmwmathutil.dll
 0001:0004d906       muDoubleScalarPower        000000018004e906 f   libmwmathutil:libmwmathutil.dll
 0001:0004d90c       muDoubleScalarAcos         000000018004e90c f   libmwmathutil:libmwmathutil.dll
 0001:0004d912       muDoubleScalarSqrt         000000018004e912 f   libmwmathutil:libmwmathutil.dll
 0001:0004d918       muDoubleScalarAbs          000000018004e918 f   libmwmathutil:libmwmathutil.dll
 0001:0004d91e       emlrtCreateRootTLS         000000018004e91e f   libemlrt:libemlrt.dll
 0001:0004d924       emlrtDestroyRootTLS        000000018004e924 f   libemlrt:libemlrt.dll
 0001:0004d92a       emlrtCheckBuiltInR2012b    000000018004e92a f   libemlrt:libemlrt.dll
 0001:0004d930       emlrtCheckVsBuiltInR2012b  000000018004e930 f   libemlrt:libemlrt.dll
 0001:0004d936       emlrtCheckEnumR2012b       000000018004e936 f   libemlrt:libemlrt.dll
 0001:0004d93c       emlrtCreateEnumR2012b      000000018004e93c f   libemlrt:libemlrt.dll
 0001:0004d942       emlrtGetEnumElementR2009a  000000018004e942 f   libemlrt:libemlrt.dll
 0001:0004d948       emlrtCreateReference       000000018004e948 f   libemlrt:libemlrt.dll
 0001:0004d94e       emlrtImportVsFiArrayR2009b 000000018004e94e f   libemlrt:libemlrt.dll
 0001:0004d954       emlrtNameCapturePostProcessR2012a 000000018004e954 f   libemlrt:libemlrt.dll
 0001:0004d95a       emlrtExtractMessageId      000000018004e95a f   libemlrt:libemlrt.dll
 0001:0004d960       emlrtTranslateMessageIDtoLCPstring 000000018004e960 f   libemlrt:libemlrt.dll
 0001:0004d966       emlrtForLoopVectorIsValidR2011b 000000018004e966 f   libemlrt:libemlrt.dll
 0001:0004d96c       emlrtTranslateUTF16MessagetoLCPstring 000000018004e96c f   libemlrt:libemlrt.dll
 0001:0004d972       emlrtGetEnumUnderlyingArrayR2009a 000000018004e972 f   libemlrt:libemlrt.dll
 0001:0004d978       emlrtIsEnumR2009a          000000018004e978 f   libemlrt:libemlrt.dll
 0001:0004d97e       strlen                     000000018004e97e f   MSVCRT:MSVCR100.dll
 0001:0004d984       __GSHandlerCheckCommon     000000018004e984 f   MSVCRT:gshandler.obj
 0001:0004d9e8       __GSHandlerCheck           000000018004e9e8 f   MSVCRT:gshandler.obj
 0001:0004da20       __security_check_cookie    000000018004ea20 f   MSVCRT:amdsecgs.obj
 0001:0004da40       memset                     000000018004ea40 f   MSVCRT:MSVCR100.dll
 0001:0004da46       malloc                     000000018004ea46 f   MSVCRT:MSVCR100.dll
 0001:0004da4c       free                       000000018004ea4c f   MSVCRT:MSVCR100.dll
 0001:0004da52       strcmp                     000000018004ea52 f   MSVCRT:MSVCR100.dll
 0001:0004da58       sprintf                    000000018004ea58 f   MSVCRT:MSVCR100.dll
 0001:0004da5e       strcat                     000000018004ea5e f   MSVCRT:MSVCR100.dll
 0001:0004da64       memcpy                     000000018004ea64 f   MSVCRT:MSVCR100.dll
 0001:0004da6c       NtCurrentTeb               000000018004ea6c f i MSVCRT:crtdll.obj
 0001:0004dad8       _CRT_INIT                  000000018004ead8 f   MSVCRT:crtdll.obj
 0001:0004de70       _DllMainCRTStartup         000000018004ee70 f   MSVCRT:crtdll.obj
 0001:0004deae       strncpy                    000000018004eeae f   MSVCRT:MSVCR100.dll
 0001:0004ded0       _alloca_probe              000000018004eed0     MSVCRT:chkstk.obj
 0001:0004ded0       __chkstk                   000000018004eed0 f   MSVCRT:chkstk.obj
 0001:0004df1e       longjmp                    000000018004ef1e f   MSVCRT:MSVCR100.dll
 0001:0004df24       strncmp                    000000018004ef24 f   MSVCRT:MSVCR100.dll
 0001:0004df2a       ceil                       000000018004ef2a f   MSVCRT:MSVCR100.dll
 0001:0004df30       strrchr                    000000018004ef30 f   MSVCRT:MSVCR100.dll
 0001:0004df36       _setjmp                    000000018004ef36 f   MSVCRT:MSVCR100.dll
 0001:0004df3c       calloc                     000000018004ef3c f   MSVCRT:MSVCR100.dll
 0001:0004df42       realloc                    000000018004ef42 f   MSVCRT:MSVCR100.dll
 0001:0004df48       ldexp                      000000018004ef48 f   MSVCRT:MSVCR100.dll
 0001:0004df50       __report_gsfailure         000000018004ef50 f   MSVCRT:gs_report.obj
 0001:0004e09c       __clean_type_info_names    000000018004f09c f   MSVCRT:tncleanup.obj
 0001:0004e0a8       _onexit                    000000018004f0a8 f   MSVCRT:atonexit.obj
 0001:0004e158       atexit                     000000018004f158 f   MSVCRT:atonexit.obj
 0001:0004e170       _RTC_Initialize            000000018004f170 f   MSVCRT:_initsect_.obj
 0001:0004e1a8       _RTC_Terminate             000000018004f1a8 f   MSVCRT:_initsect_.obj
 0001:0004e1e0       _malloc_crt                000000018004f1e0 f   MSVCRT:MSVCR100.dll
 0001:0004e1f0       _ValidateImageBase         000000018004f1f0 f   MSVCRT:pesect.obj
 0001:0004e220       _FindPESection             000000018004f220 f   MSVCRT:pesect.obj
 0001:0004e270       _IsNonwritableInCurrentImage 000000018004f270 f   MSVCRT:pesect.obj
 0001:0004e2b2       _initterm                  000000018004f2b2 f   MSVCRT:MSVCR100.dll
 0001:0004e2b8       _initterm_e                000000018004f2b8 f   MSVCRT:MSVCR100.dll
 0001:0004e2be       _encoded_null              000000018004f2be f   MSVCRT:MSVCR100.dll
 0001:0004e2c4       _amsg_exit                 000000018004f2c4 f   MSVCRT:MSVCR100.dll
 0001:0004e2ca       __C_specific_handler       000000018004f2ca f   MSVCRT:MSVCR100.dll
 0001:0004e2d0       __CppXcptFilter            000000018004f2d0 f   MSVCRT:MSVCR100.dll
 0001:0004e2d8       DllMain                    000000018004f2d8 f   MSVCRT:dllmain.obj
 0001:0004e2fc       __security_init_cookie     000000018004f2fc f   MSVCRT:gs_support.obj
 0001:0004e3b0       __crt_debugger_hook        000000018004f3b0 f   MSVCRT:MSVCR100.dll
 0001:0004e3b6       __clean_type_info_names_internal 000000018004f3b6 f   MSVCRT:MSVCR100.dll
 0001:0004e3bc       _unlock                    000000018004f3bc f   MSVCRT:MSVCR100.dll
 0001:0004e3c2       __dllonexit                000000018004f3c2 f   MSVCRT:MSVCR100.dll
 0001:0004e3c8       _lock                      000000018004f3c8 f   MSVCRT:MSVCR100.dll
 0001:0004e3ce       EncodePointer              000000018004f3ce f   kernel32:KERNEL32.dll
 0001:0004e3d4       DecodePointer              000000018004f3d4 f   kernel32:KERNEL32.dll
 0001:0004e3da       Sleep                      000000018004f3da f   kernel32:KERNEL32.dll
 0001:0004e3e0       TerminateProcess           000000018004f3e0 f   kernel32:KERNEL32.dll
 0001:0004e3e6       GetCurrentProcess          000000018004f3e6 f   kernel32:KERNEL32.dll
 0001:0004e3ec       UnhandledExceptionFilter   000000018004f3ec f   kernel32:KERNEL32.dll
 0001:0004e3f2       SetUnhandledExceptionFilter 000000018004f3f2 f   kernel32:KERNEL32.dll
 0001:0004e3f8       IsDebuggerPresent          000000018004f3f8 f   kernel32:KERNEL32.dll
 0001:0004e3fe       RtlVirtualUnwind           000000018004f3fe f   kernel32:KERNEL32.dll
 0001:0004e404       RtlLookupFunctionEntry     000000018004f404 f   kernel32:KERNEL32.dll
 0001:0004e40a       RtlCaptureContext          000000018004f40a f   kernel32:KERNEL32.dll
 0001:0004e410       DisableThreadLibraryCalls  000000018004f410 f   kernel32:KERNEL32.dll
 0001:0004e416       QueryPerformanceCounter    000000018004f416 f   kernel32:KERNEL32.dll
 0001:0004e41c       GetTickCount               000000018004f41c f   kernel32:KERNEL32.dll
 0001:0004e422       GetCurrentThreadId         000000018004f422 f   kernel32:KERNEL32.dll
 0001:0004e428       GetCurrentProcessId        000000018004f428 f   kernel32:KERNEL32.dll
 0001:0004e42e       GetSystemTimeAsFileTime    000000018004f42e f   kernel32:KERNEL32.dll
 0002:00000000       __imp_DisableThreadLibraryCalls 0000000180050000     kernel32:KERNEL32.dll
 0002:00000008       __imp_RtlCaptureContext    0000000180050008     kernel32:KERNEL32.dll
 0002:00000010       __imp_RtlLookupFunctionEntry 0000000180050010     kernel32:KERNEL32.dll
 0002:00000018       __imp_RtlVirtualUnwind     0000000180050018     kernel32:KERNEL32.dll
 0002:00000020       __imp_IsDebuggerPresent    0000000180050020     kernel32:KERNEL32.dll
 0002:00000028       __imp_SetUnhandledExceptionFilter 0000000180050028     kernel32:KERNEL32.dll
 0002:00000030       __imp_UnhandledExceptionFilter 0000000180050030     kernel32:KERNEL32.dll
 0002:00000038       __imp_GetCurrentProcess    0000000180050038     kernel32:KERNEL32.dll
 0002:00000040       __imp_TerminateProcess     0000000180050040     kernel32:KERNEL32.dll
 0002:00000048       __imp_Sleep                0000000180050048     kernel32:KERNEL32.dll
 0002:00000050       __imp_DecodePointer        0000000180050050     kernel32:KERNEL32.dll
 0002:00000058       __imp_EncodePointer        0000000180050058     kernel32:KERNEL32.dll
 0002:00000060       __imp_GetTickCount         0000000180050060     kernel32:KERNEL32.dll
 0002:00000068       __imp_GetCurrentThreadId   0000000180050068     kernel32:KERNEL32.dll
 0002:00000070       __imp_GetCurrentProcessId  0000000180050070     kernel32:KERNEL32.dll
 0002:00000078       __imp_GetSystemTimeAsFileTime 0000000180050078     kernel32:KERNEL32.dll
 0002:00000080       __imp_QueryPerformanceCounter 0000000180050080     kernel32:KERNEL32.dll
 0002:00000088       \177KERNEL32_NULL_THUNK_DATA 0000000180050088     kernel32:KERNEL32.dll
 0002:00000090       __imp__onexit              0000000180050090     MSVCRT:MSVCR100.dll
 0002:00000098       __imp__lock                0000000180050098     MSVCRT:MSVCR100.dll
 0002:000000a0       __imp___dllonexit          00000001800500a0     MSVCRT:MSVCR100.dll
 0002:000000a8       __imp__unlock              00000001800500a8     MSVCRT:MSVCR100.dll
 0002:000000b0       __imp___clean_type_info_names_internal 00000001800500b0     MSVCRT:MSVCR100.dll
 0002:000000b8       __imp___crt_debugger_hook  00000001800500b8     MSVCRT:MSVCR100.dll
 0002:000000c0       __imp___CppXcptFilter      00000001800500c0     MSVCRT:MSVCR100.dll
 0002:000000c8       __imp___C_specific_handler 00000001800500c8     MSVCRT:MSVCR100.dll
 0002:000000d0       __imp__amsg_exit           00000001800500d0     MSVCRT:MSVCR100.dll
 0002:000000d8       __imp__encoded_null        00000001800500d8     MSVCRT:MSVCR100.dll
 0002:000000e0       __imp__initterm_e          00000001800500e0     MSVCRT:MSVCR100.dll
 0002:000000e8       __imp__initterm            00000001800500e8     MSVCRT:MSVCR100.dll
 0002:000000f0       __imp__malloc_crt          00000001800500f0     MSVCRT:MSVCR100.dll
 0002:000000f8       __imp_ldexp                00000001800500f8     MSVCRT:MSVCR100.dll
 0002:00000100       __imp_realloc              0000000180050100     MSVCRT:MSVCR100.dll
 0002:00000108       __imp_calloc               0000000180050108     MSVCRT:MSVCR100.dll
 0002:00000110       __imp__setjmp              0000000180050110     MSVCRT:MSVCR100.dll
 0002:00000118       __imp_strrchr              0000000180050118     MSVCRT:MSVCR100.dll
 0002:00000120       __imp_ceil                 0000000180050120     MSVCRT:MSVCR100.dll
 0002:00000128       __imp_strncmp              0000000180050128     MSVCRT:MSVCR100.dll
 0002:00000130       __imp_longjmp              0000000180050130     MSVCRT:MSVCR100.dll
 0002:00000138       __imp_strncpy              0000000180050138     MSVCRT:MSVCR100.dll
 0002:00000140       __imp_memcpy               0000000180050140     MSVCRT:MSVCR100.dll
 0002:00000148       __imp_strcat               0000000180050148     MSVCRT:MSVCR100.dll
 0002:00000150       __imp_sprintf              0000000180050150     MSVCRT:MSVCR100.dll
 0002:00000158       __imp_strcmp               0000000180050158     MSVCRT:MSVCR100.dll
 0002:00000160       __imp_free                 0000000180050160     MSVCRT:MSVCR100.dll
 0002:00000168       __imp_malloc               0000000180050168     MSVCRT:MSVCR100.dll
 0002:00000170       __imp_memset               0000000180050170     MSVCRT:MSVCR100.dll
 0002:00000178       __imp_strlen               0000000180050178     MSVCRT:MSVCR100.dll
 0002:00000180       \177MSVCR100_NULL_THUNK_DATA 0000000180050180     MSVCRT:MSVCR100.dll
 0002:00000188       __imp_emlrtIsEnumR2009a    0000000180050188     libemlrt:libemlrt.dll
 0002:00000190       __imp_emlrtGetEnumUnderlyingArrayR2009a 0000000180050190     libemlrt:libemlrt.dll
 0002:00000198       __imp_emlrtTranslateUTF16MessagetoLCPstring 0000000180050198     libemlrt:libemlrt.dll
 0002:000001a0       __imp_emlrtForLoopVectorIsValidR2011b 00000001800501a0     libemlrt:libemlrt.dll
 0002:000001a8       __imp_emlrtTranslateMessageIDtoLCPstring 00000001800501a8     libemlrt:libemlrt.dll
 0002:000001b0       __imp_emlrtExtractMessageId 00000001800501b0     libemlrt:libemlrt.dll
 0002:000001b8       __imp_emlrtNameCapturePostProcessR2012a 00000001800501b8     libemlrt:libemlrt.dll
 0002:000001c0       __imp_emlrtCheckBuiltInR2012b 00000001800501c0     libemlrt:libemlrt.dll
 0002:000001c8       __imp_emlrtDestroyRootTLS  00000001800501c8     libemlrt:libemlrt.dll
 0002:000001d0       __imp_emlrtCreateRootTLS   00000001800501d0     libemlrt:libemlrt.dll
 0002:000001d8       __imp_emlrtCheckEnumR2012b 00000001800501d8     libemlrt:libemlrt.dll
 0002:000001e0       __imp_emlrtCreateEnumR2012b 00000001800501e0     libemlrt:libemlrt.dll
[...]
 0001:00023ae0       sf_mex_check_fimath        0000000180024ae0 f   sfc_mex:sfc_mex.obj
 0001:00024690       size_mismatch_error        0000000180025690 f   sfc_mex:sfc_mex.obj
 0001:00025130       check_array_dimensions     0000000180026130 f   sfc_mex:sfc_mex.obj
 0001:000251a0       check_input_mxarray        00000001800261a0 f   sfc_mex:sfc_mex.obj
 0001:000258e0       sf_numeric_value_to_double 00000001800268e0 f   sfc_mex:sfc_mex.obj
 0001:00025930       ml_generic_out_of_bounds_check 0000000180026930 f   sfc_mex:sfc_mex.obj
 0001:00025b00       ml_get_element_value_from_array 0000000180026b00 f   sfc_mex:sfc_mex.obj
 0001:00025ea0       _ml_generic_castability_check 0000000180026ea0 f   sfc_mex:sfc_mex.obj
 0001:00026c00       ml_generic_castability_check 0000000180027c00 f   sfc_mex:sfc_mex.obj
 0001:00026ca0       ml_check_mx_array_for_single_castability 0000000180027ca0 f   sfc_mex:sfc_mex.obj
 0001:00026d40       ml_check_mx_array_for_logical_castability 0000000180027d40 f   sfc_mex:sfc_mex.obj
 0001:00026de0       ml_check_mx_array_for_int8_castability 0000000180027de0 f   sfc_mex:sfc_mex.obj
 0001:00026e90       ml_check_mx_array_for_uint8_castability 0000000180027e90 f   sfc_mex:sfc_mex.obj
 0001:00026ef0       ml_check_mx_array_for_int16_castability 0000000180027ef0 f   sfc_mex:sfc_mex.obj
 0001:00026f50       ml_check_mx_array_for_uint16_castability 0000000180027f50 f   sfc_mex:sfc_mex.obj
 0001:00026fb0       ml_check_mx_array_for_int32_castability 0000000180027fb0 f   sfc_mex:sfc_mex.obj
 0001:00027010       ml_check_mx_array_for_uint32_castability 0000000180028010 f   sfc_mex:sfc_mex.obj
 0001:00027070       ml_check_mx_array_for_castability 0000000180028070 f   sfc_mex:sfc_mex.obj
 0001:000279a0       set_data_value             00000001800289a0 f   sfc_mex:sfc_mex.obj
 0001:00027d10       get_data_value             0000000180028d10 f   sfc_mex:sfc_mex.obj
 0001:00027e20       get_next_element_address   0000000180028e20 f   sfc_mex:sfc_mex.obj
 0001:00027ef0       sf_normalize_index         0000000180028ef0 f   sfc_mex:sfc_mex.obj
 0001:00028280       ml_array_index_bound_check 0000000180029280 f   sfc_mex:sfc_mex.obj
 0001:00028da0       mx_value                   0000000180029da0 f   sfc_mex:sfc_mex.obj
 0001:00028df0       sf_create_numeric_array    0000000180029df0 f   sfc_mex:sfc_mex.obj
 0001:00028e90       sf_mex_assign_to_mx_array  0000000180029e90 f   sfc_mex:sfc_mex.obj
 0001:000291e0       assign_from_mx_array       000000018002a1e0 f   sfc_mex:sfc_mex.obj
 0001:00029a10       sf_mex_import_v            000000018002aa10 f   sfc_mex:sfc_mex.obj
 0001:0002a110       get_machine_and_chart_file_number 000000018002b110 f   sfc_mex:sfc_sf.obj
 0001:0002a200       get_sfun_block_specialization 000000018002b200 f   sfc_mex:sfc_sf.obj
 0001:0002a2b0       call_sf_machine_global_method_dispatcher 000000018002b2b0 f   sfc_mex:sfc_sf.obj
 0001:0002a500       mdl_zeroCrossings_processing 000000018002b500 f   sfc_mex:sfc_sf.obj
 0001:0002a5d0       mdl_derivatives_processing 000000018002b5d0 f   sfc_mex:sfc_sf.obj
 0001:0002a890       mdl_outputs_continuous_legacy 000000018002b890 f   sfc_mex:sfc_sf.obj
 0001:0002a910       mdl_outputs_processing     000000018002b910 f   sfc_mex:sfc_sf.obj
 0001:0002ab80       mdl_enable_processing      000000018002bb80 f   sfc_mex:sfc_sf.obj
 0001:0002ac50       mdl_disable_processing     000000018002bc50 f   sfc_mex:sfc_sf.obj
 0001:0002b9c0       sf_call_output_fcn_enable_disable 000000018002c9c0 f   sfc_mex:sfc_sf.obj
 0001:0002bc40       set_dwork_information_from_mx_array 000000018002cc40 f   sfc_mex:sfc_sf.obj
 0001:0002c500       ptr2mxStruct               000000018002d500 f   sfc_mex:sfc_sf.obj
 0001:0002c810       SNPRINTF_WRAPPER           000000018002d810 f   sfc_debug:sfcdebug.obj
 0001:0002c830       sf_debug_chart_instance_initialized_quick 000000018002d830 f   sfc_debug:sfcdebug.obj
 0001:0002c840       sf_debug_chart_instance_initialized 000000018002d840 f   sfc_debug:sfcdebug.obj
 0001:0002c9e0       sfrtAddSize                000000018002d9e0 f   sfc_debug:sfcdebug.obj
 0001:0002caa0       sfrtGenSizeString          000000018002daa0 f   sfc_debug:sfcdebug.obj
 0001:0002d1b0       fill_single_message_info   000000018002e1b0 f   sfc_debug:sfcdebug.obj
 0001:0002d370       sf_debug_sim_status_listener 000000018002e370 f   sfc_debug:sfcdebug.obj
 0001:0002d8e0       sf_debug_form_mask_bits    000000018002e8e0 f   sfc_debug:sfcdebug.obj
 0001:0002d920       sf_debug_form_sf_data_type_offsets 000000018002e920 f   sfc_debug:sfcdebug.obj
 0001:0002d9e0       sf_debug_free_all          000000018002e9e0 f   sfc_debug:sfcdebug.obj
 0001:0002db90       sf_debug_append_debugger_context 000000018002eb90 f   sfc_debug:sfcdebug.obj
 0001:0002dd30       sf_debug_update_always_honor_breakpoints 000000018002ed30 f   sfc_debug:sfcdebug.obj
 0001:0002df00       local_strdup               000000018002ef00 f   sfc_debug:sfcdebug.obj
 0001:0002ede0       sf_debug_em_terminate      000000018002fde0 f   sfc_debug:sfcdebug.obj
 0001:0002ee20       sf_debug_push_eml_function 000000018002fe20 f   sfc_debug:sfcdebug.obj
 0001:0002eec0       sf_debug_pop_eml_function  000000018002fec0 f   sfc_debug:sfcdebug.obj
 0001:0002fbc0       sf_debug_get_machine_number_from_id_or_name 0000000180030bc0 f   sfc_debug:sfcdebug.obj
 0001:0002fd10       sf_debug_get_chart_number_from_id 0000000180030d10 f   sfc_debug:sfcdebug.obj
 0001:00030ab0       sf_debug_transfer_control_to_debugger_GUI 0000000180031ab0 f   sfc_debug:sfcdebug.obj
 0001:00031a40       sf_debug_scripts_rehash    0000000180032a40 f   sfc_debug:sfcdebug.obj
 0001:00031c80       sf_debug_get_script_line_count 0000000180032c80 f   sfc_debug:sfcdebug.obj
 0001:000325b0       cv_eml_state_cvId          00000001800335b0 f   sfc_debug:sfcdebug.obj
 0001:00032620       cv_eml_trans_cvId          0000000180033620 f   sfc_debug:sfcdebug.obj
 0001:000339b0       sf_debug_data_array_bounds_error 00000001800349b0 f   sfc_debug:sfcdebug.obj
 0001:00033de0       eml_debug_runtime_error_doclink 0000000180034de0 f   sfc_debug:sfcdebug.obj
 0001:00033f40       sf_debug_runtime_error     0000000180034f40 f   sfc_debug:sfcdebug.obj
 0001:00033fb0       sf_debug_matlab_error      0000000180034fb0 f   sfc_debug:sfcdebug.obj
 0001:000348f0       sf_debug_data_value_error  00000001800358f0 f   sfc_debug:sfcdebug.obj
 0001:000351f0       sf_debug_data_loss_error   00000001800361f0 f   sfc_debug:sfcdebug.obj
 0001:00036180       call_cv_range_check        0000000180037180 f   sfc_debug:sfcdebug.obj
 0001:00036950       sf_debug_invoke_cycle_detection_code 0000000180037950 f   sfc_debug:sfcdebug.obj
 0001:000377d0       sf_reset_debug_info_struct 00000001800387d0 f   sfc_debug:sfcdebug.obj
 0001:00038030       cv_script_cvId             0000000180039030 f   sfc_debug:sfcdebug.obj
 0001:00038d90       sfc_api_chart_visible      0000000180039d90 f   sfc_debug:sfc_api.obj
 0001:00038e10       sfc_api_active_instance    0000000180039e10 f   sfc_debug:sfc_api.obj
 0001:00038e90       sfc_api_machine_load       0000000180039e90 f   sfc_debug:sfc_api.obj
 0001:00038f60       sfc_api_debugger_alive     0000000180039f60 f   sfc_debug:sfc_api.obj
 0001:00038f70       sfc_api_go                 0000000180039f70 f   sfc_debug:sfc_api.obj
 0001:00038f80       sfc_api_step_over          0000000180039f80 f   sfc_debug:sfc_api.obj
 0001:00038f90       sfc_api_step_out           0000000180039f90 f   sfc_debug:sfc_api.obj
 0001:00038fa0       sfc_api_resume             0000000180039fa0 f   sfc_debug:sfc_api.obj
 0001:00038fb0       sfc_api_break              0000000180039fb0 f   sfc_debug:sfc_api.obj
 0001:00038fc0       sfc_api_stop_debugging     0000000180039fc0 f   sfc_debug:sfc_api.obj
 0001:00039010       sfc_api_is_cycle_detected  000000018003a010 f   sfc_debug:sfc_api.obj
 0001:00039060       sfc_api_is_array_bounds_detected 000000018003a060 f   sfc_debug:sfc_api.obj
 0001:000390b0       sfc_api_set_disable_all_breakpoints 000000018003a0b0 f   sfc_debug:sfc_api.obj
 0001:00039120       sfc_api_disable_all_breakpoints_and_go 000000018003a120 f   sfc_debug:sfc_api.obj
 0001:00039130       sfc_api_close              000000018003a130 f   sfc_debug:sfc_api.obj
 0001:00039140       sfc_api_browse_data        000000018003a140 f   sfc_debug:sfc_api.obj
 0001:000391b0       sfc_api_watch_data         000000018003a1b0 f   sfc_debug:sfc_api.obj
 0001:000392b0       sfc_api_extract_message_post_receive_info 000000018003a2b0 f   sfc_debug:sfc_api.obj
 0001:000392d0       sfc_api_assign_data        000000018003a2d0 f   sfc_debug:sfc_api.obj
 0001:00039370       sfc_api_whos               000000018003a370 f   sfc_debug:sfc_api.obj
 0001:00039400       sfc_api_get_consistency_info 000000018003a400 f   sfc_debug:sfc_api.obj
 0001:00039410       sfc_api_browse_trace       000000018003a410 f   sfc_debug:sfc_api.obj
 0001:00039420       sfc_api_break_on_chart_entry 000000018003a420 f   sfc_debug:sfc_api.obj
 0001:00039440       sfc_api_break_on_event_broadcast 000000018003a440 f   sfc_debug:sfc_api.obj
 0001:00039460       sfc_api_break_on_state_entry 000000018003a460 f   sfc_debug:sfc_api.obj
 0001:00039480       sfc_api_set_watch          000000018003a480 f   sfc_debug:sfc_api.obj
 0001:00039520       sfc_api_set_breakpoints    000000018003a520 f   sfc_debug:sfc_api.obj
 0001:000395c0       sfc_api_set_eml_breakpoints 000000018003a5c0 f   sfc_debug:sfc_api.obj
 0001:00039640       sfc_api_set_script_breakpoints 000000018003a640 f   sfc_debug:sfc_api.obj
 0001:00039690       sfc_api_add_script_breakpoints 000000018003a690 f   sfc_debug:sfc_api.obj
 0001:000396e0       sfc_api_clear_script_breakpoints 000000018003a6e0 f   sfc_debug:sfc_api.obj
 0001:00039730       sfc_api_query_script_breakpoints 000000018003a730 f   sfc_debug:sfc_api.obj
 0001:00039790       sfc_api_get_script_id      000000018003a790 f   sfc_debug:sfc_api.obj
 0001:00039850       sfc_api_get_active_states  000000018003a850 f   sfc_debug:sfc_api.obj
 0001:000398d0       sfc_api_break_between_times 000000018003a8d0 f   sfc_debug:sfc_api.obj
 0001:00039930       sfc_api_get_instance_handle 000000018003a930 f   sfc_debug:sfc_api.obj
 0001:000399e0       sfc_api_set_animation      000000018003a9e0 f   sfc_debug:sfc_api.obj
 0001:00039a30       sfc_api_select_chart       000000018003aa30 f   sfc_debug:sfc_api.obj
 0001:00039a90       sfc_api_select_charts      000000018003aa90 f   sfc_debug:sfc_api.obj
 0001:00039ac0       sfc_api_cycle_detection_check 000000018003aac0 f   sfc_debug:sfc_api.obj
 0001:00039b10       sfc_api_data_range_check   000000018003ab10 f   sfc_debug:sfc_api.obj
 0001:00039b60       sfc_api_transition_conflict_check 000000018003ab60 f   sfc_debug:sfc_api.obj
 0001:00039bb0       sfc_api_state_consistency_check 000000018003abb0 f   sfc_debug:sfc_api.obj
 0001:00039c00       sfc_api_set_instance_cv_ids 000000018003ac00 f   sfc_debug:sfc_api.obj
 0001:00039d10       sfc_api_set_script_cv_ids  000000018003ad10 f   sfc_debug:sfc_api.obj
 0001:00039dc0       sfc_api_get_current_machine_id 000000018003adc0 f   sfc_debug:sfc_api.obj
 0001:00039df0       sfc_api_get_current_machine_number 000000018003adf0 f   sfc_debug:sfc_api.obj
 0001:00039e20       sfc_api_get_current_chart_number 000000018003ae20 f   sfc_debug:sfc_api.obj
 0001:00039e50       sfc_api_get_current_instance_number 000000018003ae50 f   sfc_debug:sfc_api.obj
 0001:00039e80       sfc_api_get_current_instance_handle 000000018003ae80 f   sfc_debug:sfc_api.obj
 0001:00039ea0       sfc_api_get_current_is_minor_time_step 000000018003aea0 f   sfc_debug:sfc_api.obj
 0001:00039ed0       sfc_api_get_current_machine_name 000000018003aed0 f   sfc_debug:sfc_api.obj
 0001:00039ef0       sfc_api_get_current_chart_id 000000018003aef0 f   sfc_debug:sfc_api.obj
 0001:00039f20       sfc_api_get_current_object_type 000000018003af20 f   sfc_debug:sfc_api.obj
 0001:00039f50       sfc_api_get_current_event_type 000000018003af50 f   sfc_debug:sfc_api.obj
 0001:00039f80       sfc_api_get_current_object_id 000000018003af80 f   sfc_debug:sfc_api.obj
 0001:00039fb0       sfc_get_current_active_event_type 000000018003afb0 f   sfc_debug:sfc_api.obj
 0001:00039fe0       sfc_api_get_current_active_event_id 000000018003afe0 f   sfc_debug:sfc_api.obj
 0001:0003a010       sfc_api_get_current_simulation_time 000000018003b010 f   sfc_debug:sfc_api.obj
 0001:0003a030       sfc_get_current_tag_type   000000018003b030 f   sfc_debug:sfc_api.obj
 0001:0003a060       sfc_get_current_coverage_percentage 000000018003b060 f   sfc_debug:sfc_api.obj
 0001:0003a080       sfc_get_current_statement_context 000000018003b080 f   sfc_debug:sfc_api.obj
 0001:0003a0a0       sfc_get_current_optional_integer 000000018003b0a0 f   sfc_debug:sfc_api.obj
 0001:0003a0d0       sfc_get_current_statement_info 000000018003b0d0 f   sfc_debug:sfc_api.obj
 0001:0003a170       sfc_api_get                000000018003b170 f   sfc_debug:sfc_api.obj
 0001:0003ade0       sf_debug_sm_fill_state_activity_data 000000018003bde0 f   sfc_debug:sfdb_animation.obj
 0001:0003d6e0       void_ptr_stack_vector_free_total 000000018003e6e0 f   sfc_debug:sfdb_data_browse.obj
 0001:0003d770       sf_debug_st_terminate_machine 000000018003e770 f   sfc_debug:sfdb_data_browse.obj
 0001:0003d7b0       sf_debug_st_terminate_instance 000000018003e7b0 f   sfc_debug:sfdb_data_browse.obj
 0001:0003db60       push_on_to_void_ptr_stack  000000018003eb60 f   sfc_debug:sfdb_data_browse.obj
 0001:0003dcf0       pop_from_void_ptr_stack    000000018003ecf0 f   sfc_debug:sfdb_data_browse.obj
 0001:0003de20       sf_debug_st_get_data_value 000000018003ee20 f   sfc_debug:sfdb_data_browse.obj
 0001:0003e3b0       mx_value                   000000018003f3b0 f   sfc_debug:sfdb_data_browse.obj
 0001:0003e3f0       sf_debug_st_fill_data_struct 000000018003f3f0 f   sfc_debug:sfdb_data_browse.obj
 0001:0003e730       data_type_format_strings   000000018003f730 f   sfc_debug:sfdb_data_browse.obj
 0001:0003e7e0       sf_debug_st_fill_data      000000018003f7e0 f   sfc_debug:sfdb_data_browse.obj
 0001:0003f530       sf_debug_hm_get_simulink_handle 0000000180040530 f   sfc_debug:sfdb_handle_management.obj
 0001:00040030       sf_debug_hm_initialize_globals 0000000180041030 f   sfc_debug:sfdb_handle_management.obj
 0001:00040130       sf_debug_hm_get_machine_debug_flag 0000000180041130 f   sfc_debug:sfdb_handle_management.obj
 0001:000402a0       sf_debug_hm_get_machine_id 00000001800412a0 f   sfc_debug:sfdb_handle_management.obj
 0001:000403c0       sf_debug_hm_get_chart_id   00000001800413c0 f   sfc_debug:sfdb_handle_management.obj
 0001:00040560       sf_debug_hm_register_executing_SFunction 0000000180041560 f   sfc_debug:sfdb_handle_management.obj
 0001:000408f0       sf_debug_hm_form_object_boolean_properties 00000001800418f0 f   sfc_debug:sfdb_handle_management.obj
 0001:00040bc0       sf_debug_hm_form_object_properties 0000000180041bc0 f   sfc_debug:sfdb_handle_management.obj
 0001:00040e00       sf_debug_hm_terminate_charts 0000000180041e00 f   sfc_debug:sfdb_handle_management.obj
 0001:00041560       sf_debug_hm_terminate_machines 0000000180042560 f   sfc_debug:sfdb_handle_management.obj
 0001:00043160       sf_debug_ss_copy_dimension 0000000180044160 f   sfc_debug:sfdb_symbol_scope.obj
 0001:00043220       sf_debug_ss_get_number_elements 0000000180044220 f   sfc_debug:sfdb_symbol_scope.obj
 0001:00043240       sf_debug_ss_fill_data_struct 0000000180044240 f   sfc_debug:sfdb_symbol_scope.obj
 0001:00043590       sf_debug_ss_reset_data_info 0000000180044590 f   sfc_debug:sfdb_symbol_scope.obj
 0001:000435f0       sf_debug_fill_data_info_by_symbol_scope_entry 00000001800445f0 f   sfc_debug:sfdb_symbol_scope.obj
 0001:000436b0       sf_debug_fill_data_info_by_data_vector 00000001800446b0 f   sfc_debug:sfdb_symbol_scope.obj
 0001:00043900       get_data_info_helper       0000000180044900 f   sfc_debug:sfdb_symbol_scope.obj
 0001:00043a00       sf_debug_ss_get_data_info  0000000180044a00 f   sfc_debug:sfdb_symbol_scope.obj
 0001:00043c30       sf_debug_select_mex_function 0000000180044c30 f   sfc_debug:sfdb_symbol_scope.obj
 0001:00043c60       sf_debug_is_dyn_matrix_initialized 0000000180044c60 f   sfc_debug:sfdb_symbol_scope.obj
 0001:00043c80       sf_debug_ss_set_data_value_try 0000000180044c80 f   sfc_debug:sfdb_symbol_scope.obj
 0001:00043e50       sf_debug_ss_get_data_value 0000000180044e50 f   sfc_debug:sfdb_symbol_scope.obj
 0001:000445c0       sf_debug_ss_data_bytes_string 00000001800455c0 f   sfc_debug:sfdb_symbol_scope.obj
 0001:00044670       sf_debug_ss_data_class_string 0000000180045670 f   sfc_debug:sfdb_symbol_scope.obj
 0001:00044a00       sf_debug_ss_data_size_string 0000000180045a00 f   sfc_debug:sfdb_symbol_scope.obj
 0001:00044ae0       sf_debug_ss_data_create_data_info_struct 0000000180045ae0 f   sfc_debug:sfdb_symbol_scope.obj
 0001:00044db0       sf_debug_ss_data_create_name_value_pair 0000000180045db0 f   sfc_debug:sfdb_symbol_scope.obj
 0001:00044e50       sf_debug_ss_data_get_whos_info 0000000180045e50 f   sfc_debug:sfdb_symbol_scope.obj
 0001:00044e60       same_named_data_in_data_array 0000000180045e60 f   sfc_debug:sfdb_symbol_scope.obj
 0001:000466f0       sf_debug_cc_terminate_chart 00000001800476f0 f   sfc_debug:sfdb_coverage.obj
 0001:00046a90       sf_debug_cc_terminate_instance 0000000180047a90 f   sfc_debug:sfdb_coverage.obj
 0001:00047680       sf_debug_cc_mark_object_if_needed 0000000180048680 f   sfc_debug:sfdb_coverage.obj
 0001:00047f80       sf_debug_bm_initialize_eml 0000000180048f80 f   sfc_debug:sfdb_breakpoints.obj
 0001:000490c0       sf_debug_bm_map_debug_tag_to_breakpoint_tag 000000018004a0c0 f   sfc_debug:sfdb_breakpoints.obj
 0001:000491a0       sf_debug_bm_is_a_eml_breakpoint_impl 000000018004a1a0 f   sfc_debug:sfdb_breakpoints.obj
 0001:0004ace0       sf_debug_sc_push_on_error_stack 000000018004bce0 f   sfc_debug:sfdb_state_consistency.obj
 0001:0004ae10       sf_debug_sc_reset_error_stack 000000018004be10 f   sfc_debug:sfdb_state_consistency.obj
 0001:0004afa0       sf_debug_sc_is_state_inconsistent 000000018004bfa0 f   sfc_debug:sfdb_state_consistency.obj
 0001:0004b2a0       sf_debug_sc_fill_consistency_info 000000018004c2a0 f   sfc_debug:sfdb_state_consistency.obj
 0001:0004b880       void_assertion_fcn         000000018004c880 f   sfc_debug:sfdb_call_stack.obj
 0001:0004be00       sf_debug_tm_fill_local_trace 000000018004ce00 f   sfc_debug:sfdb_call_stack.obj
 0001:0004c3d0       sf_debug_cd_terminate_instance 000000018004d3d0 f   sfc_debug:sfdb_cycle_detection.obj
 0001:0004c430       sf_debug_cd_free_checksum_stack 000000018004d430 f   sfc_debug:sfdb_cycle_detection.obj
 0001:0004c480       sf_debug_cd_reset_pack_strings 000000018004d480 f   sfc_debug:sfdb_cycle_detection.obj
 0001:0004cb40       md5file_clear              000000018004db40 f   sfc_debug:ckmd5.obj
 0001:0004cb70       Encode                     000000018004db70 f   sfc_debug:ckmd5.obj
 0001:0004cbc0       Decode                     000000018004dbc0 f   sfc_debug:ckmd5.obj
 0001:0004cc60       MD5Transform               000000018004dc60 f   sfc_debug:ckmd5.obj
 0001:0004d4b0       md5file_addn               000000018004e4b0 f   sfc_debug:ckmd5.obj
 0001:0004d580       md5file_hash               000000018004e580 f   sfc_debug:ckmd5.obj
 0001:0004da78       pre_c_init                 000000018004ea78 f   MSVCRT:crtdll.obj
 0001:0004dd34       __DllMainCRTStartup        000000018004ed34 f   MSVCRT:crtdll.obj
 0001:0004e440       __DllMainCRTStartup$filt$0 000000018004f440 f   MSVCRT:crtdll.obj
 0001:0004e470       __DllMainCRTStartup$fin$1  000000018004f470 f   MSVCRT:crtdll.obj
 0001:0004e48a       _onexit$fin$0              000000018004f48a f   MSVCRT:atonexit.obj
 0001:0004e4b0       _IsNonwritableInCurrentImage$filt$0 000000018004f4b0 f   MSVCRT:pesect.obj
