 Quadsim_sfun

 Timestamp is 52da9471 (Sat Jan 18 16:49:21 2014)

 Preferred load address is 0000000180000000

 Start         Length     Name                   Class
 0001:00000000 00043c24H .text                   CODE
 0001:00043c30 00000092H .text$x                 CODE
 0002:00000000 000004a8H .idata$5                DATA
 0002:000004a8 00000008H .CRT$XCA                DATA
 0002:000004b0 00000008H .CRT$XCZ                DATA
 0002:000004b8 00000008H .CRT$XIA                DATA
 0002:000004c0 00000008H .CRT$XIAA               DATA
 0002:000004c8 00000008H .CRT$XIZ                DATA
 0002:000004d0 00004bfcH .rdata                  DATA
 0002:000050d0 00000008H .rtc$IAA                DATA
 0002:000050d8 00000008H .rtc$IZZ                DATA
 0002:000050e0 00000008H .rtc$TAA                DATA
 0002:000050e8 00000008H .rtc$TZZ                DATA
 0002:000050f0 000043acH .xdata                  DATA
 0002:0000949c 000000a0H .idata$2                DATA
 0002:0000953c 00000014H .idata$3                DATA
 0002:00009550 000004a8H .idata$4                DATA
 0002:000099f8 00000ad6H .idata$6                DATA
 0002:0000a4d0 00000052H .edata                  DATA
 0003:00000000 00004338H .data                   DATA
 0003:00004340 000026f8H .bss                    DATA
 0004:00000000 00003558H .pdata                  DATA

  Address         Publics by Value              Rva+Base               Lib:Object

 0000:00000000       ___safe_se_handler_count   0000000000000000     <absolute>
 0000:00000000       ___safe_se_handler_table   0000000000000000     <absolute>
 0000:00000000       __ImageBase                0000000180000000     <linker-defined>
 0001:00000000       sf_c1_Quadsim_get_eml_resolved_functions_info 0000000180001000 f   c1_Quadsim.obj
 0001:00000480       sf_c1_Quadsim_get_check_sum 0000000180001480 f   c1_Quadsim.obj
 0001:00000500       sf_c1_Quadsim_get_autoinheritance_info 0000000180001500 f   c1_Quadsim.obj
 0001:00000920       sf_internal_get_sim_state_c1_Quadsim 0000000180001920 f   c1_Quadsim.obj
 0001:00000ce0       sf_internal_set_sim_state_c1_Quadsim 0000000180001ce0 f   c1_Quadsim.obj
 0001:000011a0       c1_Quadsim_method_dispatcher 00000001800021a0 f   c1_Quadsim.obj
 0001:00004040       sf_c2_Quadsim_get_eml_resolved_functions_info 0000000180005040 f   c2_Quadsim.obj
 0001:00004c30       sf_c2_Quadsim_get_check_sum 0000000180005c30 f   c2_Quadsim.obj
 0001:00004cb0       sf_c2_Quadsim_get_autoinheritance_info 0000000180005cb0 f   c2_Quadsim.obj
 0001:000050d0       sf_internal_get_sim_state_c2_Quadsim 00000001800060d0 f   c2_Quadsim.obj
 0001:00005490       sf_internal_set_sim_state_c2_Quadsim 0000000180006490 f   c2_Quadsim.obj
 0001:00005970       c2_Quadsim_method_dispatcher 0000000180006970 f   c2_Quadsim.obj
 0001:000092c0       sf_c3_Quadsim_get_eml_resolved_functions_info 000000018000a2c0 f   c3_Quadsim.obj
 0001:000097d0       sf_c3_Quadsim_get_check_sum 000000018000a7d0 f   c3_Quadsim.obj
 0001:00009850       sf_c3_Quadsim_get_autoinheritance_info 000000018000a850 f   c3_Quadsim.obj
 0001:00009c70       sf_internal_get_sim_state_c3_Quadsim 000000018000ac70 f   c3_Quadsim.obj
 0001:00009fc0       sf_internal_set_sim_state_c3_Quadsim 000000018000afc0 f   c3_Quadsim.obj
 0001:0000a3c0       c3_Quadsim_method_dispatcher 000000018000b3c0 f   c3_Quadsim.obj
 0001:0000c2e0       sf_c4_Quadsim_get_eml_resolved_functions_info 000000018000d2e0 f   c4_Quadsim.obj
 0001:0000d330       sf_c4_Quadsim_get_check_sum 000000018000e330 f   c4_Quadsim.obj
 0001:0000d3b0       sf_c4_Quadsim_get_autoinheritance_info 000000018000e3b0 f   c4_Quadsim.obj
 0001:0000d7d0       sf_internal_get_sim_state_c4_Quadsim 000000018000e7d0 f   c4_Quadsim.obj
 0001:0000dbb0       sf_internal_set_sim_state_c4_Quadsim 000000018000ebb0 f   c4_Quadsim.obj
 0001:0000e090       c4_Quadsim_method_dispatcher 000000018000f090 f   c4_Quadsim.obj
 0001:000113e0       sf_process_check_sum_call  00000001800123e0 f   Quadsim_sfun_registry.obj
 0001:00011430       sf_process_autoinheritance_call 0000000180012430 f   Quadsim_sfun_registry.obj
 0001:000115d0       sf_process_get_eml_resolved_functions_info_call 00000001800125d0 f   Quadsim_sfun_registry.obj
 0001:00011750       sf_mex_unlock_call         0000000180012750 f   Quadsim_sfun_registry.obj
 0001:00011800       sf_machine_global_initializer_called 0000000180012800 f   Quadsim_sfun_registry.obj
 0001:00011830       sf_machine_global_method_dispatcher 0000000180012830 f   Quadsim_sfun_registry.obj
 0001:00011890       sf_machine_global_terminator 0000000180012890 f   Quadsim_sfun_registry.obj
 0001:000118d0       sf_register_machine_exported_symbols 00000001800128d0 f   Quadsim_sfun_registry.obj
 0001:000118f0       callCustomFcn              00000001800128f0 f   Quadsim_sfun_registry.obj
 0001:00011900       sf_machine_global_initializer 0000000180012900 f   Quadsim_sfun_registry.obj
 0001:00011970       _ssSetStateAbsTol          0000000180012970 f   Quadsim_sfun_registry.obj
 0001:00011a50       _ssGetAbsTol               0000000180012a50 f   Quadsim_sfun_registry.obj
 0001:00011ac0       _ssSetInputPortMatrixDimensions 0000000180012ac0 f   Quadsim_sfun_registry.obj
 0001:00011bd0       _ssSetOutputPortMatrixDimensions 0000000180012bd0 f   Quadsim_sfun_registry.obj
 0001:00011ce0       _ssSetInputPortVectorDimension 0000000180012ce0 f   Quadsim_sfun_registry.obj
 0001:00011db0       _ssSetOutputPortVectorDimension 0000000180012db0 f   Quadsim_sfun_registry.obj
 0001:00011e80       ssIsRunTimeParamTunable    0000000180012e80 f   Quadsim_sfun_registry.obj
 0001:00011ef0       ssGetSFuncBlockHandle      0000000180012ef0 f   Quadsim_sfun_registry.obj
 0001:00011f60       _ssGetCurrentInputPortWidth 0000000180012f60 f   Quadsim_sfun_registry.obj
 0001:00012080       _ssGetCurrentOutputPortWidth 0000000180013080 f   Quadsim_sfun_registry.obj
 0001:000121a0       _ssGetCallSystemNumFcnCallDestinations 00000001800131a0 f   Quadsim_sfun_registry.obj
 0001:00012210       ssWarning                  0000000180013210 f   Quadsim_sfun_registry.obj
 0001:00012320       ssGetIsZeroCrossControlDisabled 0000000180013320 f   Quadsim_sfun_registry.obj
 0001:00012390       ssSetIsInputPortUsedForContZcSignal 0000000180013390 f   Quadsim_sfun_registry.obj
 0001:00012400       ssSetZcSignalIsZcElementDisc 0000000180013400 f   Quadsim_sfun_registry.obj
 0001:000124b0       ssSetZcSignalName          00000001800134b0 f   Quadsim_sfun_registry.obj
 0001:00012520       ssSetZcSignalWidth         0000000180013520 f   Quadsim_sfun_registry.obj
 0001:00012590       ssSetZcSignalZcEventType   0000000180013590 f   Quadsim_sfun_registry.obj
 0001:00012600       ssSetZcSignalType          0000000180013600 f   Quadsim_sfun_registry.obj
 0001:00012670       ssSetZcSignalZcTol         0000000180013670 f   Quadsim_sfun_registry.obj
 0001:000126e0       ssSetZcSignalNeedsEventNotification 00000001800136e0 f   Quadsim_sfun_registry.obj
 0001:00012750       ssCreateAndAddZcSignalInfo 0000000180013750 f   Quadsim_sfun_registry.obj
 0001:000127c0       ssCloneAndAddZcSignalInfo  00000001800137c0 f   Quadsim_sfun_registry.obj
 0001:00012830       ssGetNumZcSignals          0000000180013830 f   Quadsim_sfun_registry.obj
 0001:000128a0       ssGetZcSignalVector        00000001800138a0 f   Quadsim_sfun_registry.obj
 0001:00012910       ssGetZcSignalZcEvents      0000000180013910 f   Quadsim_sfun_registry.obj
 0001:00012980       ssGetZcSignalName          0000000180013980 f   Quadsim_sfun_registry.obj
 0001:000129f0       ssGetZcSignalWidth         00000001800139f0 f   Quadsim_sfun_registry.obj
 0001:00012a60       ssGetZcSignalZcEventType   0000000180013a60 f   Quadsim_sfun_registry.obj
 0001:00012ad0       ssGetZcSignalType          0000000180013ad0 f   Quadsim_sfun_registry.obj
 0001:00012b40       ssGetZcSignalZcTol         0000000180013b40 f   Quadsim_sfun_registry.obj
 0001:00012bc0       ssGetZcSignalNeedsEventNotification 0000000180013bc0 f   Quadsim_sfun_registry.obj
 0001:00012c30       ssGetZcSignalIsZcElementDisc 0000000180013c30 f   Quadsim_sfun_registry.obj
 0001:00012cd0       ssGetIsInputPortElementContinuous 0000000180013cd0 f   Quadsim_sfun_registry.obj
 0001:00012d70       _ssGetInputPortSignalPtrsFcn 0000000180013d70 f   Quadsim_sfun_registry.obj
 0001:00013030       _ssGetInputPortSignalFcn   0000000180014030 f   Quadsim_sfun_registry.obj
 0001:00013250       _ssSetInputPortDirectFeedThroughFcn 0000000180014250 f   Quadsim_sfun_registry.obj
 0001:000133b0       _ssSetInputPortReusableFcn 00000001800143b0 f   Quadsim_sfun_registry.obj
 0001:000134a0       _ssSetOutputPortReusableFcn 00000001800144a0 f   Quadsim_sfun_registry.obj
 0001:00013580       ssGetDTypeIdFromMxArray    0000000180014580 f   Quadsim_sfun_registry.obj
 0001:000136a0       ssWriteRTWStr              00000001800146a0 f   Quadsim_sfun_registry.obj
 0001:00013700       ssWriteRTWMxVectParam      0000000180014700 f   Quadsim_sfun_registry.obj
 0001:00013760       ssWriteRTWMx2dMatParam     0000000180014760 f   Quadsim_sfun_registry.obj
 0001:000137e0       ssWriteRTWNameValuePair    00000001800147e0 f   Quadsim_sfun_registry.obj
 0001:00013cd0       ssWriteRTWParameters       0000000180014cd0 f   Quadsim_sfun_registry.obj
 0001:000142d0       ssWriteRTWParamSettings    00000001800152d0 f   Quadsim_sfun_registry.obj
 0001:000149a0       ssWriteRTWWorkVect         00000001800159a0 f   Quadsim_sfun_registry.obj
 0001:00014ea0       mexFunction                0000000180015ea0 f   Quadsim_sfun_registry.obj
 0001:00016b60       ProcessMexSfunctionEveryCall 0000000180017b60 f   Quadsim_sfun_registry.obj
 0001:00016cd0       Quadsim_initializer        0000000180017cd0 f   Quadsim_sfun.obj
 0001:00016ce0       Quadsim_terminator         0000000180017ce0 f   Quadsim_sfun.obj
 0001:00016cf0       sf_Quadsim_method_dispatcher 0000000180017cf0 f   Quadsim_sfun.obj
 0001:00016da0       sf_Quadsim_process_check_sum_call 0000000180017da0 f   Quadsim_sfun.obj
 0001:000171f0       sf_Quadsim_autoinheritance_info 00000001800181f0 f   Quadsim_sfun.obj
 0001:00017450       sf_Quadsim_get_eml_resolved_functions_info 0000000180018450 f   Quadsim_sfun.obj
 0001:00017640       Quadsim_debug_initialize   0000000180018640 f   Quadsim_sfun.obj
 0001:000176b0       Quadsim_register_exported_symbols 00000001800186b0 f   Quadsim_sfun.obj
 0001:000176c0       load_Quadsim_optimization_info 00000001800186c0 f   Quadsim_sfun.obj
 0001:00017710       unload_Quadsim_optimization_info 0000000180018710 f   Quadsim_sfun.obj
 0001:00017830       sf_mex_mx_is_numeric       0000000180018830 f   sfc_mex:sfc_mex.obj
 0001:00017870       strcmp_ignore_ws           0000000180018870 f   sfc_mex:sfc_mex.obj
 0001:000179b0       sf_mex_duplicatearraysafe  00000001800189b0 f   sfc_mex:sfc_mex.obj
 0001:00017b10       sf_set_error_debugger_context_message_fcn 0000000180018b10 f   sfc_mex:sfc_mex.obj
 0001:00017b20       sf_set_debugger_matlab_error_fcn 0000000180018b20 f   sfc_mex:sfc_mex.obj
 0001:00017b50       sf_set_error_prefix_string 0000000180018b50 f   sfc_mex:sfc_mex.obj
 0001:00017b80       sf_get_error_prefix_string 0000000180018b80 f   sfc_mex:sfc_mex.obj
 0001:00017b90       sf_mex_enter_parallel_region 0000000180018b90 f   sfc_mex:sfc_mex.obj
 0001:00017ba0       sf_mex_exit_parallel_region 0000000180018ba0 f   sfc_mex:sfc_mex.obj
 0001:00017bb0       sf_get_current_jmp_buf_ptr 0000000180018bb0 f   sfc_mex:sfc_mex.obj
 0001:00017bc0       sf_set_current_jmp_buf_ptr 0000000180018bc0 f   sfc_mex:sfc_mex.obj
 0001:00017bd0       sf_mex_set_halt_simulation 0000000180018bd0 f   sfc_mex:sfc_mex.obj
 0001:00017be0       sf_mex_get_halt_simulation 0000000180018be0 f   sfc_mex:sfc_mex.obj
 0001:00017bf0       sf_mex_clear_error_message 0000000180018bf0 f   sfc_mex:sfc_mex.obj
 0001:00017c10       sf_mex_get_error_message_for_read 0000000180018c10 f   sfc_mex:sfc_mex.obj
 0001:00017c20       sf_mex_get_error_message_buffer_length 0000000180018c20 f   sfc_mex:sfc_mex.obj
 0001:00017d00       sf_mex_warning_message     0000000180018d00 f   sfc_mex:sfc_mex.obj
 0001:00017d70       sf_mex_v_errbuf_createf    0000000180018d70 f   sfc_mex:sfc_mex.obj
 0001:00017d80       sf_mex_errbuf_createf      0000000180018d80 f   sfc_mex:sfc_mex.obj
 0001:00017db0       sf_mex_v_errbuf_catf       0000000180018db0 f   sfc_mex:sfc_mex.obj
 0001:00017df0       sf_mex_errbuf_catf         0000000180018df0 f   sfc_mex:sfc_mex.obj
 0001:00017e40       sf_mex_errbuf_copy         0000000180018e40 f   sfc_mex:sfc_mex.obj
 0001:00017e50       sf_mex_errbuf_clear        0000000180018e50 f   sfc_mex:sfc_mex.obj
 0001:00017e60       sf_mex_errbuf_isempty      0000000180018e60 f   sfc_mex:sfc_mex.obj
 0001:00017f70       sf_mex_set_error_status    0000000180018f70 f   sfc_mex:sfc_mex.obj
 0001:00017fc0       sf_mex_error_direct_call   0000000180018fc0 f   sfc_mex:sfc_mex.obj
 0001:00017fe0       sf_mex_error_message_no_long_jump 0000000180018fe0 f   sfc_mex:sfc_mex.obj
 0001:00018000       sf_mex_long_jump_on_error  0000000180019000 f   sfc_mex:sfc_mex.obj
 0001:00018030       sf_mex_call_matlab         0000000180019030 f   sfc_mex:sfc_mex.obj
 0001:00018150       sf_mex_check_builtin       0000000180019150 f   sfc_mex:sfc_mex.obj
 0001:000181f0       sf_mex_check_builtin_vs    00000001800191f0 f   sfc_mex:sfc_mex.obj
 0001:000182b0       sf_mex_check_enum          00000001800192b0 f   sfc_mex:sfc_mex.obj
 0001:00018330       sf_mex_create_enum         0000000180019330 f   sfc_mex:sfc_mex.obj
 0001:000183a0       sf_mex_get_enum_element    00000001800193a0 f   sfc_mex:sfc_mex.obj
 0001:000183b0       sf_mex_createcellarray     00000001800193b0 f   sfc_mex:sfc_mex.obj
 0001:000183c0       sf_mex_setcell             00000001800193c0 f   sfc_mex:sfc_mex.obj
 0001:000183d0       sf_mex_getcell             00000001800193d0 f   sfc_mex:sfc_mex.obj
 0001:000183e0       sf_mex_dup                 00000001800193e0 f   sfc_mex:sfc_mex.obj
 0001:00018400       sf_mex_assign              0000000180019400 f   sfc_mex:sfc_mex.obj
 0001:00018480       sf_mex_destroy             0000000180019480 f   sfc_mex:sfc_mex.obj
 0001:000184b0       mx_array_has_fi_type       00000001800194b0 f   sfc_mex:sfc_mex.obj
 0001:000184e0       sf_mex_convert_from_fi     00000001800194e0 f   sfc_mex:sfc_mex.obj
 0001:00018610       sf_mex_convert_to_double   0000000180019610 f   sfc_mex:sfc_mex.obj
 0001:00018730       sf_mex_import_fi_vs        0000000180019730 f   sfc_mex:sfc_mex.obj
 0001:000188f0       sf_matrix_matrix_index_ok  00000001800198f0 f   sfc_mex:sfc_mex.obj
 0001:00018980       sf_vector_vector_index_ok  0000000180019980 f   sfc_mex:sfc_mex.obj
 0001:000189b0       ssGetCurrentInputPortDimensions_wrapper 00000001800199b0 f   sfc_mex:sfc_mex.obj
 0001:000189d0       ssGetCurrentOutputPortDimensions_wrapper 00000001800199d0 f   sfc_mex:sfc_mex.obj
 0001:000189f0       sf_mex_emlrt_context_is_debug_mode 00000001800199f0 f   sfc_mex:sfc_mex.obj
 0001:00018a00       sf_mex_emlrt_context_set_debug_mode 0000000180019a00 f   sfc_mex:sfc_mex.obj
 0001:00018a10       sf_mex_emlrtNameCapturePostProcessR2012a 0000000180019a10 f   sfc_mex:sfc_mex.obj
 0001:00018a80       sf_clear_error_manager_info 0000000180019a80 f   sfc_mex:sfc_mex.obj
 0001:00018ae0       sf_mex_stop_simulation_abruptly_wo_error 0000000180019ae0 f   sfc_mex:sfc_mex.obj
 0001:00018b20       sf_mex_error_message       0000000180019b20 f   sfc_mex:sfc_mex.obj
 0001:00018b80       sf_react_to_error_in_matlab_call 0000000180019b80 f   sfc_mex:sfc_mex.obj
 0001:00018bb0       sf_mex_addfield            0000000180019bb0 f   sfc_mex:sfc_mex.obj
 0001:00018c50       sf_mex_getfield            0000000180019c50 f   sfc_mex:sfc_mex.obj
 0001:00018f50       sf_mex_check_class         0000000180019f50 f   sfc_mex:sfc_mex.obj
 0001:00018ff0       sf_mex_is_real             0000000180019ff0 f   sfc_mex:sfc_mex.obj
 0001:00019460       sf_mex_decode_encoded_mx_struct_array 000000018001a460 f   sfc_mex:sfc_mex.obj
 0001:00019740       sf_mex_lw_bounds_check     000000018001a740 f   sfc_mex:sfc_mex.obj
 0001:00019770       sf_mex_lw_size_eq_check_1d 000000018001a770 f   sfc_mex:sfc_mex.obj
 0001:00019790       sf_mex_lw_size_eq_check_nd 000000018001a790 f   sfc_mex:sfc_mex.obj
 0001:00019970       sf_mex_lw_dim_size_eq_check 000000018001a970 f   sfc_mex:sfc_mex.obj
 0001:000199a0       sf_mex_lw_dim_size_geq_check 000000018001a9a0 f   sfc_mex:sfc_mex.obj
 0001:000199d0       sf_mex_lw_sub_assign_size_check_nd 000000018001a9d0 f   sfc_mex:sfc_mex.obj
 0001:00019c00       sf_mex_lw_runtime_error_msgid 000000018001ac00 f   sfc_mex:sfc_mex.obj
 0001:00019cf0       sf_mex_lw_matrix_matrix_index_check 000000018001acf0 f   sfc_mex:sfc_mex.obj
 0001:00019d10       sf_mex_lw_vector_vector_index_check 000000018001ad10 f   sfc_mex:sfc_mex.obj
 0001:00019d50       sf_mex_lw_for_loop_vector_check 000000018001ad50 f   sfc_mex:sfc_mex.obj
 0001:00019de0       sf_mex_lw_non_negative_check 000000018001ade0 f   sfc_mex:sfc_mex.obj
 0001:00019e20       sf_mex_overflow_error      000000018001ae20 f   sfc_mex:sfc_mex.obj
 0001:00019e30       sf_mex_dividebyzero_error  000000018001ae30 f   sfc_mex:sfc_mex.obj
 0001:00019e40       sf_mex_unsafe_enum_error   000000018001ae40 f   sfc_mex:sfc_mex.obj
 0001:00019e50       sf_emlrtErrHandler         000000018001ae50 f   sfc_mex:sfc_mex.obj
 0001:00019f30       sf_mex_size_one_check      000000018001af30 f   sfc_mex:sfc_mex.obj
 0001:00019f50       sf_mex_printf              000000018001af50 f   sfc_mex:sfc_mex.obj
 0001:0001a120       sf_mex_check_size          000000018001b120 f   sfc_mex:sfc_mex.obj
 0001:0001a3f0       sf_mex_check_struct        000000018001b3f0 f   sfc_mex:sfc_mex.obj
 0001:0001a650       sf_mex_check_struct_vs     000000018001b650 f   sfc_mex:sfc_mex.obj
 0001:0001a6e0       sf_mex_check_fi            000000018001b6e0 f   sfc_mex:sfc_mex.obj
 0001:0001a7e0       sf_mex_check_fi_vs         000000018001b7e0 f   sfc_mex:sfc_mex.obj
 0001:0001a880       sf_echo_expression         000000018001b880 f   sfc_mex:sfc_mex.obj
 0001:0001a8e0       sf_assertion_failed        000000018001b8e0 f   sfc_mex:sfc_mex.obj
 0001:0001abc0       sf_mex_evalin              000000018001bbc0 f   sfc_mex:sfc_mex.obj
 0001:0001ae30       sf_mex_export              000000018001be30 f   sfc_mex:sfc_mex.obj
 0001:0001aef0       sf_mex_get_ml_var_no_error 000000018001bef0 f   sfc_mex:sfc_mex.obj
 0001:0001b090       sf_mex_get_ml_var          000000018001c090 f   sfc_mex:sfc_mex.obj
 0001:0001b530       ml_set_element_value_in_array 000000018001c530 f   sfc_mex:sfc_mex.obj
 0001:0001cc00       sf_mex_call_impl           000000018001dc00 f   sfc_mex:sfc_mex.obj
 0001:0001d130       sf_mex_call_debug          000000018001e130 f   sfc_mex:sfc_mex.obj
 0001:0001d160       sf_mex_call                000000018001e160 f   sfc_mex:sfc_mex.obj
 0001:0001d7b0       sf_mex_createstruct        000000018001e7b0 f   sfc_mex:sfc_mex.obj
 0001:0001d8a0       sf_mex_createstructarray   000000018001e8a0 f   sfc_mex:sfc_mex.obj
 0001:0001d920       sf_mex_get_mx_datatype_from_sf_datatype 000000018001e920 f   sfc_mex:sfc_mex.obj
 0001:0001dc30       sf_mex_ml_var_sub          000000018001ec30 f   sfc_mex:sfc_mex.obj
 0001:0001de00       sf_mex_ml_var_subsasgn     000000018001ee00 f   sfc_mex:sfc_mex.obj
 0001:0001e1f0       sf_mex_sub                 000000018001f1f0 f   sfc_mex:sfc_mex.obj
 0001:0001e3f0       sf_mex_subsasgn            000000018001f3f0 f   sfc_mex:sfc_mex.obj
 0001:0001e8d0       sf_mex_create              000000018001f8d0 f   sfc_mex:sfc_mex.obj
 0001:0001f320       sf_mex_import_named        0000000180020320 f   sfc_mex:sfc_mex.obj
 0001:0001f380       sf_mex_import              0000000180020380 f   sfc_mex:sfc_mex.obj
 0001:0001f3d0       sf_mex_import_vs           00000001800203d0 f   sfc_mex:sfc_mex.obj
 0001:0001f4e0       sf_mex_lower_fixpt_mx_array 00000001800204e0 f   sfc_mex:sfc_mex.obj
 0001:0001f7d0       sf_send_message_wrapper    00000001800207d0 f   sfc_mex:sfc_sf.obj
 0001:0001f800       sf_receive_message_wrapper 0000000180020800 f   sfc_mex:sfc_sf.obj
 0001:0001f840       sf_check_out_message_wrapper 0000000180020840 f   sfc_mex:sfc_sf.obj
 0001:0001f880       sf_check_in_message_wrapper 0000000180020880 f   sfc_mex:sfc_sf.obj
 0001:0001f8c0       sf_no_message_wrapper      00000001800208c0 f   sfc_mex:sfc_sf.obj
 0001:0001fc50       sim_mode_is_rtw_gen        0000000180020c50 f   sfc_mex:sfc_sf.obj
 0001:0001fc80       sim_mode_is_external       0000000180020c80 f   sfc_mex:sfc_sf.obj
 0001:0001fc90       sim_mode_is_modelref_sim   0000000180020c90 f   sfc_mex:sfc_sf.obj
 0001:0001fcb0       mdlInitializeSizes         0000000180020cb0 f   sfc_mex:sfc_sf.obj
 0001:0001fcd0       mdlInitializeSampleTimes   0000000180020cd0 f   sfc_mex:sfc_sf.obj
 0001:0001fd10       mdlZeroCrossings           0000000180020d10 f   sfc_mex:sfc_sf.obj
 0001:0001fdf0       mdlDerivatives             0000000180020df0 f   sfc_mex:sfc_sf.obj
 0001:0001fea0       mdl_initialize_conditions_processing 0000000180020ea0 f   sfc_mex:sfc_sf.obj
 0001:0001fed0       mdlInitializeConditions    0000000180020ed0 f   sfc_mex:sfc_sf.obj
 0001:0001ff90       mdlGetSimState             0000000180020f90 f   sfc_mex:sfc_sf.obj
 0001:0001ffa0       mdlSetSimState             0000000180020fa0 f   sfc_mex:sfc_sf.obj
 0001:0001ffb0       mdl_ext_mode_exec_processing 0000000180020fb0 f   sfc_mex:sfc_sf.obj
 0001:0001ffd0       mdlExtModeExec             0000000180020fd0 f   sfc_mex:sfc_sf.obj
 0001:00020160       mdlTerminate               0000000180021160 f   sfc_mex:sfc_sf.obj
 0001:000201d0       mdlRTW                     00000001800211d0 f   sfc_mex:sfc_sf.obj
 0001:00020200       mdlSetWorkWidths           0000000180021200 f   sfc_mex:sfc_sf.obj
 0001:00020210       mdlProcessParameters       0000000180021210 f   sfc_mex:sfc_sf.obj
 0001:00020220       mdl_start_processing       0000000180021220 f   sfc_mex:sfc_sf.obj
 0001:00020280       mdlStart                   0000000180021280 f   sfc_mex:sfc_sf.obj
 0001:00020390       mdlEnable                  0000000180021390 f   sfc_mex:sfc_sf.obj
 0001:00020460       mdlDisable                 0000000180021460 f   sfc_mex:sfc_sf.obj
 0001:00020510       sf_get_chart_instance_ptr  0000000180021510 f   sfc_mex:sfc_sf.obj
 0001:00020530       sf_load_rtw_optimization_info 0000000180021530 f   sfc_mex:sfc_sf.obj
 0001:00020600       sf_rtw_info_uint_prop      0000000180021600 f   sfc_mex:sfc_sf.obj
 0001:00020740       sf_is_chart_inlinable      0000000180021740 f   sfc_mex:sfc_sf.obj
 0001:00020760       sf_mark_output_events_with_multiple_callers 0000000180021760 f   sfc_mex:sfc_sf.obj
 0001:000208f0       sf_mark_chart_reusable_outputs 00000001800218f0 f   sfc_mex:sfc_sf.obj
 0001:00020b50       sf_mark_chart_expressionable_inputs 0000000180021b50 f   sfc_mex:sfc_sf.obj
 0001:00020db0       sf_get_subchart_simstruct  0000000180021db0 f   sfc_mex:sfc_sf.obj
 0001:00020e00       sf_get_fixpt_data_type_id  0000000180021e00 f   sfc_mex:sfc_sf.obj
 0001:00020e40       sf_get_enum_data_type_id   0000000180021e40 f   sfc_mex:sfc_sf.obj
 0001:00020e80       sf_get_param_data_type_id  0000000180021e80 f   sfc_mex:sfc_sf.obj
 0001:00020eb0       sf_mex_listen_for_ctrl_c_force 0000000180021eb0 f   sfc_mex:sfc_sf.obj
 0001:00020fc0       sf_mex_draw_now            0000000180021fc0 f   sfc_mex:sfc_sf.obj
 0001:00021000       sf_mex_set_debugger_sim_status_listener_fcn 0000000180022000 f   sfc_mex:sfc_sf.obj
 0001:00021010       sf_mex_listen_for_ctrl_c   0000000180022010 f   sfc_mex:sfc_sf.obj
 0001:000210a0       sf_mex_get_sfun_param      00000001800220a0 f   sfc_mex:sfc_sf.obj
 0001:000210f0       sf_get_runtime_param_data  00000001800220f0 f   sfc_mex:sfc_sf.obj
 0001:00021130       sf_call_output_fcn_call    0000000180022130 f   sfc_mex:sfc_sf.obj
 0001:00021270       sf_call_output_fcn_enable  0000000180022270 f   sfc_mex:sfc_sf.obj
 0001:00021300       sf_call_output_fcn_disable 0000000180022300 f   sfc_mex:sfc_sf.obj
 0001:00021390       sf_clear_rtw_identifier    0000000180022390 f   sfc_mex:sfc_sf.obj
 0001:00021b80       sf_set_encoded_dwork_info  0000000180022b80 f   sfc_mex:sfc_sf.obj
 0001:00021bd0       sf_get_dwork_info_from_mat_file 0000000180022bd0 f   sfc_mex:sfc_sf.obj
 0001:00021d90       sf_set_rtw_dwork_info      0000000180022d90 f   sfc_mex:sfc_sf.obj
 0001:00021f00       mdlOutputs                 0000000180022f00 f   sfc_mex:sfc_sf.obj
 0001:000220a0       sf_debug_disp              00000001800230a0 f   sfc_debug:sfcdebug.obj
 0001:00022300       sf_debug_data_runtime_size_mismatch_error_check 0000000180023300 f   sfc_debug:sfcdebug.obj
 0001:000223a0       sf_debug_try_loading_machine 00000001800233a0 f   sfc_debug:sfcdebug.obj
 0001:000224a0       sf_debug_reset_current_state_configuration 00000001800234a0 f   sfc_debug:sfcdebug.obj
 0001:00022530       sf_debug_store_current_state_configuration 0000000180023530 f   sfc_debug:sfcdebug.obj
 0001:000225c0       sf_debug_restore_previous_state_configuration 00000001800235c0 f   sfc_debug:sfcdebug.obj
 0001:00022650       sf_debug_restore_previous_state_configuration2 0000000180023650 f   sfc_debug:sfcdebug.obj
 0001:000226e0       sf_debug_get_event_scope   00000001800236e0 f   sfc_debug:sfcdebug.obj
 0001:00022850       use_debugger_step_animation 0000000180023850 f   sfc_debug:sfcdebug.obj
 0001:00022870       sf_debug_get_script_id     0000000180023870 f   sfc_debug:sfcdebug.obj
 0001:00022900       sf_debug_set_script_translation 0000000180023900 f   sfc_debug:sfcdebug.obj
 0001:00022a80       sf_debug_extract_message_post_receive_info 0000000180023a80 f   sfc_debug:sfcdebug.obj
 0001:00022b80       sf_debug_get_current_machine_id 0000000180023b80 f   sfc_debug:sfcdebug.obj
 0001:00022ba0       sf_debug_get_current_optional_integer 0000000180023ba0 f   sfc_debug:sfcdebug.obj
 0001:00022bb0       sf_debug_get_current_machine_number 0000000180023bb0 f   sfc_debug:sfcdebug.obj
 0001:00022bd0       sf_debug_get_current_machine_name 0000000180023bd0 f   sfc_debug:sfcdebug.obj
 0001:00022bf0       sf_debug_get_current_chart_id 0000000180023bf0 f   sfc_debug:sfcdebug.obj
 0001:00022c40       sf_debug_get_current_chart_number 0000000180023c40 f   sfc_debug:sfcdebug.obj
 0001:00022c50       sf_debug_get_current_instance_number 0000000180023c50 f   sfc_debug:sfcdebug.obj
 0001:00022c60       sf_debug_get_current_is_minor_time_step 0000000180023c60 f   sfc_debug:sfcdebug.obj
 0001:00022ce0       sf_debug_get_current_object_type 0000000180023ce0 f   sfc_debug:sfcdebug.obj
 0001:00022cf0       sf_debug_get_current_instance_handle 0000000180023cf0 f   sfc_debug:sfcdebug.obj
 0001:00022d50       sf_debug_get_current_event_type 0000000180023d50 f   sfc_debug:sfcdebug.obj
 0001:00022d60       sf_debug_get_current_object_id 0000000180023d60 f   sfc_debug:sfcdebug.obj
 0001:00022da0       sf_debug_get_current_active_event_type 0000000180023da0 f   sfc_debug:sfcdebug.obj
 0001:00022db0       sf_debug_get_current_active_event_id 0000000180023db0 f   sfc_debug:sfcdebug.obj
 0001:00022df0       sf_debug_get_current_tag_type 0000000180023df0 f   sfc_debug:sfcdebug.obj
 0001:00022e00       sf_debug_get_current_simulation_time 0000000180023e00 f   sfc_debug:sfcdebug.obj
 0001:00022e10       sf_debug_get_current_coverage_percentage 0000000180023e10 f   sfc_debug:sfcdebug.obj
 0001:00022e20       sf_debug_current_statement_context 0000000180023e20 f   sfc_debug:sfcdebug.obj
 0001:00022eb0       sf_debug_get_current_statement_info 0000000180023eb0 f   sfc_debug:sfcdebug.obj
 0001:00023030       sf_debug_terminate_instance 0000000180024030 f   sfc_debug:sfcdebug.obj
 0001:00023370       sf_debug_assertion_failed  0000000180024370 f   sfc_debug:sfcdebug.obj
 0001:000235d0       sf_debug_set_number_of_data_with_change_event_for_machine 00000001800245d0 f   sfc_debug:sfcdebug.obj
 0001:00023610       sf_debug_set_machine_event_thresholds 0000000180024610 f   sfc_debug:sfcdebug.obj
 0001:00023630       sf_debug_set_machine_event_scope 0000000180024630 f   sfc_debug:sfcdebug.obj
 0001:00023670       sf_debug_set_machine_data_thresholds 0000000180024670 f   sfc_debug:sfcdebug.obj
 0001:000236b0       sf_debug_set_machine_data_scope 00000001800246b0 f   sfc_debug:sfcdebug.obj
 0001:00023740       sf_debug_set_machine_data_name 0000000180024740 f   sfc_debug:sfcdebug.obj
 0001:000237e0       sf_debug_set_machine_data_size 00000001800247e0 f   sfc_debug:sfcdebug.obj
 0001:00023920       sf_debug_set_machine_data_type 0000000180024920 f   sfc_debug:sfcdebug.obj
 0001:00023a90       sf_debug_get_chart_data_number 0000000180024a90 f   sfc_debug:sfcdebug.obj
 0001:00023ab0       sf_debug_get_chart_event_number 0000000180024ab0 f   sfc_debug:sfcdebug.obj
 0001:00023ad0       sf_debug_set_chart_state_info 0000000180024ad0 f   sfc_debug:sfcdebug.obj
 0001:00023b50       sf_debug_set_chart_decomposition 0000000180024b50 f   sfc_debug:sfcdebug.obj
 0001:00023bc0       sf_debug_set_chart_substate_count 0000000180024bc0 f   sfc_debug:sfcdebug.obj
 0001:00023ca0       sf_debug_set_chart_substate_index 0000000180024ca0 f   sfc_debug:sfcdebug.obj
 0001:00023d10       sf_debug_set_chart_state_substate_count 0000000180024d10 f   sfc_debug:sfcdebug.obj
 0001:00023e20       sf_debug_set_chart_state_substate_index 0000000180024e20 f   sfc_debug:sfcdebug.obj
 0001:00023ea0       sf_debug_set_number_of_data_with_change_event_for_chart 0000000180024ea0 f   sfc_debug:sfcdebug.obj
 0001:00023f20       sf_debug_set_number_of_states_with_entry_event_for_chart 0000000180024f20 f   sfc_debug:sfcdebug.obj
 0001:00023f90       sf_debug_set_number_of_states_with_exit_event_for_chart 0000000180024f90 f   sfc_debug:sfcdebug.obj
 0001:00024000       sf_debug_set_chart_disable_implicit_casting 0000000180025000 f   sfc_debug:sfcdebug.obj
 0001:00024070       sf_debug_set_chart_event_thresholds 0000000180025070 f   sfc_debug:sfcdebug.obj
 0001:000240e0       sf_debug_set_chart_data_compiled_props 00000001800250e0 f   sfc_debug:sfcdebug.obj
 0001:00024430       sf_debug_set_chart_data_props 0000000180025430 f   sfc_debug:sfcdebug.obj
 0001:00024750       sf_debug_check_fi_license  0000000180025750 f   sfc_debug:sfcdebug.obj
 0001:00024940       sf_debug_symbol_scope_push 0000000180025940 f   sfc_debug:sfcdebug.obj
 0001:00024980       sf_debug_symbol_scope_push_eml 0000000180025980 f   sfc_debug:sfcdebug.obj
 0001:000249d0       sf_debug_symbol_scope_pop  00000001800259d0 f   sfc_debug:sfcdebug.obj
 0001:00024a10       sf_debug_symbol_scope_add_importable 0000000180025a10 f   sfc_debug:sfcdebug.obj
 0001:00024a90       sf_debug_symbol_scope_add  0000000180025a90 f   sfc_debug:sfcdebug.obj
 0001:00024b10       sf_debug_symbol_scope_add_dyn_importable 0000000180025b10 f   sfc_debug:sfcdebug.obj
 0001:00024bd0       sf_debug_symbol_scope_add_dyn 0000000180025bd0 f   sfc_debug:sfcdebug.obj
 0001:00024c00       sf_debug_symbol_scope_add_eml_importable 0000000180025c00 f   sfc_debug:sfcdebug.obj
 0001:00024c40       sf_debug_symbol_scope_add_eml 0000000180025c40 f   sfc_debug:sfcdebug.obj
 0001:00024c80       sf_debug_symbol_scope_add_eml_dyn_importable 0000000180025c80 f   sfc_debug:sfcdebug.obj
 0001:00024cf0       sf_debug_symbol_scope_add_eml_dyn 0000000180025cf0 f   sfc_debug:sfcdebug.obj
 0001:00024d50       sf_debug_symbol_switch     0000000180025d50 f   sfc_debug:sfcdebug.obj
 0001:00024d70       sf_debug_symbol_scope_add_verbose 0000000180025d70 f   sfc_debug:sfcdebug.obj
 0001:00024e40       sf_debug_set_machine_data_value_ptr 0000000180025e40 f   sfc_debug:sfcdebug.obj
 0001:00024e80       sf_debug_set_instance_data_value_ptr 0000000180025e80 f   sfc_debug:sfcdebug.obj
 0001:00024f40       sf_debug_unset_instance_data_value_ptr 0000000180025f40 f   sfc_debug:sfcdebug.obj
 0001:00024ff0       sf_debug_set_chart_event_scope 0000000180025ff0 f   sfc_debug:sfcdebug.obj
 0001:00025070       sf_debug_set_chart_transition_coverage_maps 0000000180026070 f   sfc_debug:sfcdebug.obj
 0001:00025180       sf_debug_set_chart_state_coverage_maps 0000000180026180 f   sfc_debug:sfcdebug.obj
 0001:00025260       sf_debug_set_instance_transition_coverage_weights 0000000180026260 f   sfc_debug:sfcdebug.obj
 0001:00025300       sf_debug_set_instance_state_coverage_weights 0000000180026300 f   sfc_debug:sfcdebug.obj
 0001:00025550       sf_debug_unload_machine    0000000180026550 f   sfc_debug:sfcdebug.obj
 0001:000255a0       sf_debug_load_machine      00000001800265a0 f   sfc_debug:sfcdebug.obj
 0001:000256a0       sf_debug_set_active_instance_in_data_dictionary 00000001800266a0 f   sfc_debug:sfcdebug.obj
 0001:00025880       sf_debug_set_active_instance 0000000180026880 f   sfc_debug:sfcdebug.obj
 0001:000259e0       sf_debug_chart_visiblity_change 00000001800269e0 f   sfc_debug:sfcdebug.obj
 0001:00025ae0       sf_debug_select_chart      0000000180026ae0 f   sfc_debug:sfcdebug.obj
 0001:00025c50       sf_debug_set_instance_cv_ids 0000000180026c50 f   sfc_debug:sfcdebug.obj
 0001:00025f60       sf_debug_select_charts     0000000180026f60 f   sfc_debug:sfcdebug.obj
 0001:000260f0       sf_debug_initialized       00000001800270f0 f   sfc_debug:sfcdebug.obj
 0001:00026100       sf_debug_is_uninterruptible 0000000180027100 f   sfc_debug:sfcdebug.obj
 0001:00026130       sf_debug_initialize_debugger_gui 0000000180027130 f   sfc_debug:sfcdebug.obj
 0001:00026520       sf_debug_resume            0000000180027520 f   sfc_debug:sfcdebug.obj
 0001:00026540       sf_debug_go                0000000180027540 f   sfc_debug:sfcdebug.obj
 0001:00026550       sf_debug_break             0000000180027550 f   sfc_debug:sfcdebug.obj
 0001:00026560       sf_debug_step_over         0000000180027560 f   sfc_debug:sfcdebug.obj
 0001:00026570       sf_debug_step_out          0000000180027570 f   sfc_debug:sfcdebug.obj
 0001:00026580       sf_debug_set_disable_all_breakpoints 0000000180027580 f   sfc_debug:sfcdebug.obj
 0001:00026590       sf_debug_disable_all_breakpoints_and_go 0000000180027590 f   sfc_debug:sfcdebug.obj
 0001:000265a0       sf_debug_break_on_chart_entry 00000001800275a0 f   sfc_debug:sfcdebug.obj
 0001:000265b0       sf_debug_break_on_event_broadcast 00000001800275b0 f   sfc_debug:sfcdebug.obj
 0001:000265c0       sf_debug_break_on_state_entry 00000001800275c0 f   sfc_debug:sfcdebug.obj
 0001:000265d0       sf_debug_break_between_times 00000001800275d0 f   sfc_debug:sfcdebug.obj
 0001:000265f0       sf_debug_browse_data       00000001800275f0 f   sfc_debug:sfcdebug.obj
 0001:00026610       sf_debug_watch_data        0000000180027610 f   sfc_debug:sfcdebug.obj
 0001:00026630       sf_debug_assign_data       0000000180027630 f   sfc_debug:sfcdebug.obj
 0001:00026650       sf_debug_whos              0000000180027650 f   sfc_debug:sfcdebug.obj
 0001:00026670       sf_debug_get_consistency_info 0000000180027670 f   sfc_debug:sfcdebug.obj
 0001:00026680       sf_debug_browse_trace      0000000180027680 f   sfc_debug:sfcdebug.obj
 0001:00026690       sf_debug_set_breakpoints   0000000180027690 f   sfc_debug:sfcdebug.obj
 0001:000267f0       sf_debug_set_eml_breakpoints 00000001800277f0 f   sfc_debug:sfcdebug.obj
 0001:00026950       sf_debug_set_script_breakpoints 0000000180027950 f   sfc_debug:sfcdebug.obj
 0001:000269d0       sf_debug_add_script_breakpoints 00000001800279d0 f   sfc_debug:sfcdebug.obj
 0001:00026a40       sf_debug_clear_script_breakpoints 0000000180027a40 f   sfc_debug:sfcdebug.obj
 0001:00026ab0       sf_debug_query_script_breakpoints 0000000180027ab0 f   sfc_debug:sfcdebug.obj
 0001:00026b70       sf_debug_get_eml_script_id 0000000180027b70 f   sfc_debug:sfcdebug.obj
 0001:00026bc0       sf_debug_set_watch         0000000180027bc0 f   sfc_debug:sfcdebug.obj
 0001:00026df0       sf_debug_get_instance_handle 0000000180027df0 f   sfc_debug:sfcdebug.obj
 0001:00026e80       sf_debug_get_active_states 0000000180027e80 f   sfc_debug:sfcdebug.obj
 0001:00026e90       sf_debug_get_animation     0000000180027e90 f   sfc_debug:sfcdebug.obj
 0001:00026ea0       sf_debug_set_animation     0000000180027ea0 f   sfc_debug:sfcdebug.obj
 0001:00026eb0       sf_debug_animate           0000000180027eb0 f   sfc_debug:sfcdebug.obj
 0001:00026ee0       sf_debug_cycle_detection_check 0000000180027ee0 f   sfc_debug:sfcdebug.obj
 0001:00026ef0       sf_debug_data_range_check  0000000180027ef0 f   sfc_debug:sfcdebug.obj
 0001:00026f00       sf_debug_transition_conflict_check 0000000180027f00 f   sfc_debug:sfcdebug.obj
 0001:00026f10       sf_debug_state_consistency_check 0000000180027f10 f   sfc_debug:sfcdebug.obj
 0001:00026f20       sf_debug_data_range_check_enabled 0000000180027f20 f   sfc_debug:sfcdebug.obj
 0001:00026f40       sf_debug_transition_conflict_check_enabled 0000000180027f40 f   sfc_debug:sfcdebug.obj
 0001:00026f60       sf_debug_transition_conflict_check_begin 0000000180027f60 f   sfc_debug:sfcdebug.obj
 0001:00026f80       sf_debug_transition_conflict_check_end 0000000180027f80 f   sfc_debug:sfcdebug.obj
 0001:00026fa0       sf_debug_stop_debugging    0000000180027fa0 f   sfc_debug:sfcdebug.obj
 0001:00026fd0       sf_debug_is_cycle_detected 0000000180027fd0 f   sfc_debug:sfcdebug.obj
 0001:00026fe0       sf_debug_is_array_bounds_detected 0000000180027fe0 f   sfc_debug:sfcdebug.obj
 0001:00026ff0       sf_debug_get_state_vectors_data_size 0000000180027ff0 f   sfc_debug:sfcdebug.obj
 0001:00027030       sf_debug_get_state_vectors_data 0000000180028030 f   sfc_debug:sfcdebug.obj
 0001:00027130       sf_debug_set_state_vectors_data 0000000180028130 f   sfc_debug:sfcdebug.obj
 0001:000273f0       sf_debug_get_script_index  00000001800283f0 f   sfc_debug:sfcdebug.obj
 0001:00027580       sf_debug_add_script        0000000180028580 f   sfc_debug:sfcdebug.obj
 0001:00027710       cv_eval_point              0000000180028710 f   sfc_debug:sfcdebug.obj
 0001:00027880       cv_eval_testobjective      0000000180028880 f   sfc_debug:sfcdebug.obj
 0001:000279a0       sf_debug_cv_init_state     00000001800289a0 f   sfc_debug:sfcdebug.obj
 0001:00027ac0       sf_debug_cv_init_chart     0000000180028ac0 f   sfc_debug:sfcdebug.obj
 0001:00027ba0       sf_debug_cv_init_trans     0000000180028ba0 f   sfc_debug:sfcdebug.obj
 0001:00027ca0       sf_debug_cv_init_testobjectives 0000000180028ca0 f   sfc_debug:sfcdebug.obj
 0001:00027e80       cv_eml_init_script         0000000180028e80 f   sfc_debug:sfcdebug.obj
 0001:00027f90       cv_eml_init_fcn            0000000180028f90 f   sfc_debug:sfcdebug.obj
 0001:00028040       cv_eml_init_testobjective  0000000180029040 f   sfc_debug:sfcdebug.obj
 0001:00028110       cv_eml_init_saturation     0000000180029110 f   sfc_debug:sfcdebug.obj
 0001:000281d0       cv_eml_init_if             00000001800291d0 f   sfc_debug:sfcdebug.obj
 0001:000282a0       cv_eml_init_for            00000001800292a0 f   sfc_debug:sfcdebug.obj
 0001:00028360       cv_eml_init_while          0000000180029360 f   sfc_debug:sfcdebug.obj
 0001:00028420       cv_eml_init_mcdc           0000000180029420 f   sfc_debug:sfcdebug.obj
 0001:00028530       cv_eml_init_switch         0000000180029530 f   sfc_debug:sfcdebug.obj
 0001:00028620       cv_eml_eval                0000000180029620 f   sfc_debug:sfcdebug.obj
 0001:00028700       sf_debug_bm_is_a_eml_breakpoint 0000000180029700 f   sfc_debug:sfcdebug.obj
 0001:00028850       sf_debug_temporal_threshold 0000000180029850 f   sfc_debug:sfcdebug.obj
 0001:00028bb0       sf_debug_transition_conflict_error 0000000180029bb0 f   sfc_debug:sfcdebug.obj
 0001:00028f30       sf_debug_state_inconsistency_error 0000000180029f30 f   sfc_debug:sfcdebug.obj
 0001:00029050       sf_debug_check_for_state_inconsistency 000000018002a050 f   sfc_debug:sfcdebug.obj
 0001:00029080       sf_debug_cycle_detecton_error 000000018002a080 f   sfc_debug:sfcdebug.obj
 0001:00029850       sf_debug_size_eq_check_1d  000000018002a850 f   sfc_debug:sfcdebug.obj
 0001:00029870       sf_debug_size_eq_check_nd  000000018002a870 f   sfc_debug:sfcdebug.obj
 0001:00029a50       sf_debug_dim_size_eq_check 000000018002aa50 f   sfc_debug:sfcdebug.obj
 0001:00029a80       sf_debug_dim_size_geq_check 000000018002aa80 f   sfc_debug:sfcdebug.obj
 0001:00029ab0       sf_debug_sub_assign_size_check_nd 000000018002aab0 f   sfc_debug:sfcdebug.obj
 0001:00029cf0       sf_debug_matrix_matrix_index_check 000000018002acf0 f   sfc_debug:sfcdebug.obj
 0001:00029d20       sf_debug_vector_vector_index_check 000000018002ad20 f   sfc_debug:sfcdebug.obj
 0001:00029d50       sf_debug_for_loop_vector_check 000000018002ad50 f   sfc_debug:sfcdebug.obj
 0001:00029de0       sf_debug_runtime_error_msgid 000000018002ade0 f   sfc_debug:sfcdebug.obj
 0001:00029e70       sf_debug_data_array_bounds_error_check 000000018002ae70 f   sfc_debug:sfcdebug.obj
 0001:00029f80       sf_debug_eml_data_array_bounds_error_check 000000018002af80 f   sfc_debug:sfcdebug.obj
 0001:0002a460       sf_debug_integer_check     000000018002b460 f   sfc_debug:sfcdebug.obj
 0001:0002a540       sf_debug_not_nan_check     000000018002b540 f   sfc_debug:sfcdebug.obj
 0001:0002a600       sf_debug_non_negative_check 000000018002b600 f   sfc_debug:sfcdebug.obj
 0001:0002a6c0       sf_debug_overflow_detection 000000018002b6c0 f   sfc_debug:sfcdebug.obj
 0001:0002adb0       sf_debug_cast_to_real32_T  000000018002bdb0 f   sfc_debug:sfcdebug.obj
 0001:0002ae70       sf_debug_cast_to_int8_T    000000018002be70 f   sfc_debug:sfcdebug.obj
 0001:0002af30       sf_debug_cast_to_uint8_T   000000018002bf30 f   sfc_debug:sfcdebug.obj
 0001:0002aff0       sf_debug_cast_to_int16_T   000000018002bff0 f   sfc_debug:sfcdebug.obj
 0001:0002b0b0       sf_debug_cast_to_uint16_T  000000018002c0b0 f   sfc_debug:sfcdebug.obj
 0001:0002b170       sf_debug_cast_to_int32_T   000000018002c170 f   sfc_debug:sfcdebug.obj
 0001:0002b230       sf_debug_cast_to_uint32_T  000000018002c230 f   sfc_debug:sfcdebug.obj
 0001:0002b2f0       sf_debug_data_range_error  000000018002c2f0 f   sfc_debug:sfcdebug.obj
 0001:0002b640       sf_debug_read_before_write_check 000000018002c640 f   sfc_debug:sfcdebug.obj
 0001:0002baa0       sf_debug_data_range_error_wrapper_min_max 000000018002caa0 f   sfc_debug:sfcdebug.obj
 0001:0002bb90       sf_debug_data_range_error_wrapper_min 000000018002cb90 f   sfc_debug:sfcdebug.obj
 0001:0002bc70       sf_debug_data_range_error_wrapper_max 000000018002cc70 f   sfc_debug:sfcdebug.obj
 0001:0002bd50       sf_debug_data_range_wrapper 000000018002cd50 f   sfc_debug:sfcdebug.obj
 0001:0002be00       sf_debug_set_current_status_info 000000018002ce00 f   sfc_debug:sfcdebug.obj
 0001:0002c1b0       sf_debug_register_message_post_receive_info 000000018002d1b0 f   sfc_debug:sfcdebug.obj
 0001:0002c420       sf_debug_call              000000018002d420 f   sfc_debug:sfcdebug.obj
 0001:0002d080       sf_debug_initialize_machine 000000018002e080 f   sfc_debug:sfcdebug.obj
 0001:0002d390       sf_debug_initialize_chart  000000018002e390 f   sfc_debug:sfcdebug.obj
 0001:0002d7e0       sf_debug_ensure_script     000000018002e7e0 f   sfc_debug:sfcdebug.obj
 0001:0002d8a0       cv_script_init_script      000000018002e8a0 f   sfc_debug:sfcdebug.obj
 0001:0002d990       cv_script_init_fcn         000000018002e990 f   sfc_debug:sfcdebug.obj
 0001:0002da40       cv_script_init_testobjective 000000018002ea40 f   sfc_debug:sfcdebug.obj
 0001:0002daf0       cv_script_init_if          000000018002eaf0 f   sfc_debug:sfcdebug.obj
 0001:0002dba0       cv_script_init_for         000000018002eba0 f   sfc_debug:sfcdebug.obj
 0001:0002dc50       cv_script_init_while       000000018002ec50 f   sfc_debug:sfcdebug.obj
 0001:0002dd00       cv_script_init_mcdc        000000018002ed00 f   sfc_debug:sfcdebug.obj
 0001:0002de00       cv_script_init_switch      000000018002ee00 f   sfc_debug:sfcdebug.obj
 0001:0002dee0       cv_script_eval             000000018002eee0 f   sfc_debug:sfcdebug.obj
 0001:0002dfc0       eml_debug_line_call        000000018002efc0 f   sfc_debug:sfcdebug.obj
 0001:0002e170       sf_debug_terminate         000000018002f170 f   sfc_debug:sfcdebug.obj
 0001:0002e2e0       sf_debug_set_script_cv_ids 000000018002f2e0 f   sfc_debug:sfcdebug.obj
 0001:0002e410       sf_debug_api               000000018002f410 f   sfc_debug:sfc_api.obj
 0001:0002fac0       sf_debug_sm_terminate      0000000180030ac0 f   sfc_debug:sfdb_animation.obj
 0001:0002fc80       sf_debug_reset_path_objects 0000000180030c80 f   sfc_debug:sfdb_animation.obj
 0001:0002fd00       sf_debug_sm_reset_object_selection_status 0000000180030d00 f   sfc_debug:sfdb_animation.obj
 0001:0002fda0       sf_debug_sm_reset_state_buffer 0000000180030da0 f   sfc_debug:sfdb_animation.obj
 0001:0002fe70       sf_debug_sm_store_state_buffer 0000000180030e70 f   sfc_debug:sfdb_animation.obj
 0001:0002fef0       sf_debug_sm_restore_state_buffer1 0000000180030ef0 f   sfc_debug:sfdb_animation.obj
 0001:0002ff60       sf_debug_sm_restore_state_buffer2 0000000180030f60 f   sfc_debug:sfdb_animation.obj
 0001:0002ffd0       sf_debug_sm_chart_active   0000000180030fd0 f   sfc_debug:sfdb_animation.obj
 0001:00030020       sf_debug_sm_select_active_objects 0000000180031020 f   sfc_debug:sfdb_animation.obj
 0001:00030510       sf_debug_sm_is_chart_active 0000000180031510 f   sfc_debug:sfdb_animation.obj
 0001:00030550       sf_debug_sm_is_state_active 0000000180031550 f   sfc_debug:sfdb_animation.obj
 0001:00030790       sf_debug_sm_get_active_states 0000000180031790 f   sfc_debug:sfdb_animation.obj
 0001:00030d50       sf_debug_sm_initialize_instance 0000000180031d50 f   sfc_debug:sfdb_animation.obj
 0001:00030f70       sf_debug_sm_change_object_selection_status 0000000180031f70 f   sfc_debug:sfdb_animation.obj
 0001:00031280       cv_create_interface        0000000180032280 f   sfc_debug:cv_sfinterface.obj
 0001:000315e0       cv_init_trans              00000001800325e0 f   sfc_debug:cv_sfinterface.obj
 0001:00031630       cv_init_testobjective      0000000180032630 f   sfc_debug:cv_sfinterface.obj
 0001:00031670       cv_init_state              0000000180032670 f   sfc_debug:cv_sfinterface.obj
 0001:000316e0       cv_init_chart              00000001800326e0 f   sfc_debug:cv_sfinterface.obj
 0001:00031730       cv_dec_update_call         0000000180032730 f   sfc_debug:cv_sfinterface.obj
 0001:00031770       cv_cond_update_call        0000000180032770 f   sfc_debug:cv_sfinterface.obj
 0001:000317b0       cv_testobjective_update_call 00000001800327b0 f   sfc_debug:cv_sfinterface.obj
 0001:000317f0       cv_sigrange_update         00000001800327f0 f   sfc_debug:cv_sfinterface.obj
 0001:00031830       cvsf_eml_eval              0000000180032830 f   sfc_debug:cv_sfinterface.obj
 0001:00031920       cvsf_eml_init_script       0000000180032920 f   sfc_debug:cv_sfinterface.obj
 0001:000319b0       cvsf_eml_init_fcn          00000001800329b0 f   sfc_debug:cv_sfinterface.obj
 0001:00031a10       cvsf_eml_init_testobjective 0000000180032a10 f   sfc_debug:cv_sfinterface.obj
 0001:00031a70       cvsf_eml_init_saturation   0000000180032a70 f   sfc_debug:cv_sfinterface.obj
 0001:00031ac0       cvsf_eml_init_if           0000000180032ac0 f   sfc_debug:cv_sfinterface.obj
 0001:00031b20       cvsf_eml_init_for          0000000180032b20 f   sfc_debug:cv_sfinterface.obj
 0001:00031b70       cvsf_eml_init_while        0000000180032b70 f   sfc_debug:cv_sfinterface.obj
 0001:00031bc0       cvsf_eml_init_mcdc         0000000180032bc0 f   sfc_debug:cv_sfinterface.obj
 0001:00031c50       cvsf_eml_init_switch       0000000180032c50 f   sfc_debug:cv_sfinterface.obj
 0001:00031cc0       cvsf_script_eval           0000000180032cc0 f   sfc_debug:cv_sfinterface.obj
 0001:00031db0       cvsf_script_init_script    0000000180032db0 f   sfc_debug:cv_sfinterface.obj
 0001:00031e40       cvsf_script_init_fcn       0000000180032e40 f   sfc_debug:cv_sfinterface.obj
 0001:00031ea0       cvsf_script_init_testobjective 0000000180032ea0 f   sfc_debug:cv_sfinterface.obj
 0001:00031f00       cvsf_script_init_saturation 0000000180032f00 f   sfc_debug:cv_sfinterface.obj
 0001:00031f50       cvsf_script_init_if        0000000180032f50 f   sfc_debug:cv_sfinterface.obj
 0001:00031fb0       cvsf_script_init_for       0000000180032fb0 f   sfc_debug:cv_sfinterface.obj
 0001:00032000       cvsf_script_init_while     0000000180033000 f   sfc_debug:cv_sfinterface.obj
 0001:00032050       cvsf_script_init_mcdc      0000000180033050 f   sfc_debug:cv_sfinterface.obj
 0001:000320e0       cvsf_script_init_switch    00000001800330e0 f   sfc_debug:cv_sfinterface.obj
 0001:00032150       cv_destroy_interface       0000000180033150 f   sfc_debug:cv_sfinterface.obj
 0001:00032170       cv_create_instance_objects 0000000180033170 f   sfc_debug:cv_sfinterface.obj
 0001:00032620       cv_is_enabled              0000000180033620 f   sfc_debug:cv_sfinterface.obj
 0001:00032630       sf_debug_cv_initialize_script 0000000180033630 f   sfc_debug:cv_sfinterface.obj
 0001:000327e0       sf_debug_cv_initialize_instance 00000001800337e0 f   sfc_debug:cv_sfinterface.obj
 0001:00032b80       sf_debug_cv_terminate_chart 0000000180033b80 f   sfc_debug:cv_sfinterface.obj
 0001:00032cc0       cv_call_trans_test         0000000180033cc0 f   sfc_debug:cv_sfinterface.obj
 0001:00032cd0       cv_call_sub_cond_test      0000000180033cd0 f   sfc_debug:cv_sfinterface.obj
 0001:00032d10       sf_debug_st_initialize_machine 0000000180033d10 f   sfc_debug:sfdb_data_browse.obj
 0001:00032dd0       sf_debug_st_initialize_instance 0000000180033dd0 f   sfc_debug:sfdb_data_browse.obj
 0001:00033000       sf_debug_st_terminate      0000000180034000 f   sfc_debug:sfdb_data_browse.obj
 0001:000333a0       sf_debug_st_set_data_value_ptr_in_machine 00000001800343a0 f   sfc_debug:sfdb_data_browse.obj
 0001:00033430       sf_debug_st_set_data_value_ptr_in_instance 0000000180034430 f   sfc_debug:sfdb_data_browse.obj
 0001:00033510       sf_debug_st_unset_data_value_ptr_in_machine 0000000180034510 f   sfc_debug:sfdb_data_browse.obj
 0001:00033580       sf_debug_st_unset_data_value_ptr_in_instance 0000000180034580 f   sfc_debug:sfdb_data_browse.obj
 0001:00033890       sf_debug_mx_value          0000000180034890 f   sfc_debug:sfdb_data_browse.obj
 0001:000338f0       sf_debug_mx_packed_vector  00000001800348f0 f   sfc_debug:sfdb_data_browse.obj
 0001:000339d0       sf_debug_mx_uint_vector    00000001800349d0 f   sfc_debug:sfdb_data_browse.obj
 0001:00033a90       sf_debug_st_get_double_value_from_void_ptr_vector 0000000180034a90 f   sfc_debug:sfdb_data_browse.obj
 0001:00034580       sf_debug_st_browse_data    0000000180035580 f   sfc_debug:sfdb_data_browse.obj
 0001:00034e10       sf_debug_hm_initialize_instance 0000000180035e10 f   sfc_debug:sfdb_handle_management.obj
 0001:00035340       sf_debug_hm_get_object_id  0000000180036340 f   sfc_debug:sfdb_handle_management.obj
 0001:00035ef0       sf_debug_hm_update_chart_visibility 0000000180036ef0 f   sfc_debug:sfdb_handle_management.obj
 0001:000371d0       sf_debug_object_is_eml_function 00000001800381d0 f   sfc_debug:sfdb_handle_management.obj
 0001:00037240       sf_debug_hm_initialize_ids_in_machine 0000000180038240 f   sfc_debug:sfdb_handle_management.obj
 0001:000373b0       sf_debug_hm_initialize_ids_in_chart 00000001800383b0 f   sfc_debug:sfdb_handle_management.obj
 0001:000374b0       sf_debug_hm_initialize_chart 00000001800384b0 f   sfc_debug:sfdb_handle_management.obj
 0001:00037c50       sf_debug_hm_terminate      0000000180038c50 f   sfc_debug:sfdb_handle_management.obj
 0001:00037cb0       sf_debug_hm_initialize_machine 0000000180038cb0 f   sfc_debug:sfdb_handle_management.obj
 0001:00038460       sf_debug_ss_initialize     0000000180039460 f   sfc_debug:sfdb_symbol_scope.obj
 0001:00038480       sf_debug_ss_terminate      0000000180039480 f   sfc_debug:sfdb_symbol_scope.obj
 0001:00038510       sf_debug_ss_push_symbol_scope 0000000180039510 f   sfc_debug:sfdb_symbol_scope.obj
 0001:00038610       sf_debug_ss_push_symbol_scope_eml 0000000180039610 f   sfc_debug:sfdb_symbol_scope.obj
 0001:00038670       sf_debug_ss_pop_symbol_scope 0000000180039670 f   sfc_debug:sfdb_symbol_scope.obj
 0001:00038720       sf_debug_ss_add_symbol     0000000180039720 f   sfc_debug:sfdb_symbol_scope.obj
 0001:00038880       sf_debug_ss_add_symbol_eml 0000000180039880 f   sfc_debug:sfdb_symbol_scope.obj
 0001:000395a0       sf_debug_ss_set_data_value 000000018003a5a0 f   sfc_debug:sfdb_symbol_scope.obj
 0001:00039a70       getInstanceNumber          000000018003aa70 f   sfc_debug:sfdb_symbol_scope.obj
 0001:00039b40       sf_debug_ss_watch_data     000000018003ab40 f   sfc_debug:sfdb_symbol_scope.obj
 0001:00039ce0       sf_debug_ss_assign_data    000000018003ace0 f   sfc_debug:sfdb_symbol_scope.obj
 0001:0003a700       get_data_entry_name        000000018003b700 f   sfc_debug:sfdb_symbol_scope.obj
 0001:0003a750       sf_debug_ss_whos           000000018003b750 f   sfc_debug:sfdb_symbol_scope.obj
 0001:0003ae70       sf_debug_cc_initialize_chart 000000018003be70 f   sfc_debug:sfdb_coverage.obj
 0001:0003b860       sf_debug_cc_initialize_instance 000000018003c860 f   sfc_debug:sfdb_coverage.obj
 0001:0003c670       sf_debug_cc_terminate      000000018003d670 f   sfc_debug:sfdb_coverage.obj
 0001:0003c760       sf_debug_cc_set_transition_maps 000000018003d760 f   sfc_debug:sfdb_coverage.obj
 0001:0003c890       sf_debug_cc_set_state_maps 000000018003d890 f   sfc_debug:sfdb_coverage.obj
 0001:0003c970       sf_debug_cc_set_transition_weights 000000018003d970 f   sfc_debug:sfdb_coverage.obj
 0001:0003cc40       sf_debug_cc_set_state_weights 000000018003dc40 f   sfc_debug:sfdb_coverage.obj
 0001:0003cf10       sf_debug_cc_mark_transition_guard 000000018003df10 f   sfc_debug:sfdb_coverage.obj
 0001:0003cfa0       sf_debug_cc_mark_transition_trigger 000000018003dfa0 f   sfc_debug:sfdb_coverage.obj
 0001:0003d030       sf_debug_cc_mark_transition_decision 000000018003e030 f   sfc_debug:sfdb_coverage.obj
 0001:0003d0a0       sf_debug_cc_mark_transition_condition_action 000000018003e0a0 f   sfc_debug:sfdb_coverage.obj
 0001:0003d0f0       sf_debug_cc_mark_transition_transition_action 000000018003e0f0 f   sfc_debug:sfdb_coverage.obj
 0001:0003d140       sf_debug_cc_mark_state_entry 000000018003e140 f   sfc_debug:sfdb_coverage.obj
 0001:0003d190       sf_debug_cc_mark_state_during 000000018003e190 f   sfc_debug:sfdb_coverage.obj
 0001:0003d1e0       sf_debug_cc_mark_state_exit 000000018003e1e0 f   sfc_debug:sfdb_coverage.obj
 0001:0003d230       sf_debug_bm_clear_script_breakpoints 000000018003e230 f   sfc_debug:sfdb_breakpoints.obj
 0001:0003d260       sf_debug_bm_set_script_breakpoint 000000018003e260 f   sfc_debug:sfdb_breakpoints.obj
 0001:0003d2e0       sf_debug_bm_clear_single_script_breakpoint 000000018003e2e0 f   sfc_debug:sfdb_breakpoints.obj
 0001:0003d360       sf_debug_bm_query_script_breakpoint 000000018003e360 f   sfc_debug:sfdb_breakpoints.obj
 0001:0003d3b0       sf_debug_bm_initialize_scripts 000000018003e3b0 f   sfc_debug:sfdb_breakpoints.obj
 0001:0003dad0       sf_debug_bm_terminate      000000018003ead0 f   sfc_debug:sfdb_breakpoints.obj
 0001:0003ddc0       sf_debug_bm_remove_all_breakpoints_in_machine 000000018003edc0 f   sfc_debug:sfdb_breakpoints.obj
 0001:0003de30       sf_debug_bm_remove_all_breakpoints_in_chart 000000018003ee30 f   sfc_debug:sfdb_breakpoints.obj
 0001:0003df80       sf_debug_bm_initialize_global_breakpoints 000000018003ef80 f   sfc_debug:sfdb_breakpoints.obj
 0001:0003e100       sf_debug_bm_set_breakpoint 000000018003f100 f   sfc_debug:sfdb_breakpoints.obj
 0001:0003e700       sf_debug_bm_set_eml_breakpoint 000000018003f700 f   sfc_debug:sfdb_breakpoints.obj
 0001:0003e7a0       sf_debug_bm_initialize_machine_breakpoint_map 000000018003f7a0 f   sfc_debug:sfdb_breakpoints.obj
 0001:0003ebc0       sf_debug_bm_is_a_breakpoint 000000018003fbc0 f   sfc_debug:sfdb_breakpoints.obj
 0001:0003f1a0       sf_debug_bm_get_all_breakpoints_in_machine 00000001800401a0 f   sfc_debug:sfdb_breakpoints.obj
 0001:0003f4a0       sf_debug_bm_get_all_breakpoints_in_chart 00000001800404a0 f   sfc_debug:sfdb_breakpoints.obj
 0001:00040160       sf_debug_bm_initialize_machine 0000000180041160 f   sfc_debug:sfdb_breakpoints.obj
 0001:00040230       sf_debug_bm_initialize_chart 0000000180041230 f   sfc_debug:sfdb_breakpoints.obj
 0001:00040650       sf_debug_sc_terminate      0000000180041650 f   sfc_debug:sfdb_state_consistency.obj
 0001:00040980       sf_debug_sc_is_chart_consistent 0000000180041980 f   sfc_debug:sfdb_state_consistency.obj
 0001:00040c30       sf_debug_sc_get_consistency_error_info 0000000180041c30 f   sfc_debug:sfdb_state_consistency.obj
 0001:00041080       sf_debug_tm_terminate      0000000180042080 f   sfc_debug:sfdb_call_stack.obj
 0001:00041140       sf_debug_tm_push_chart_instance 0000000180042140 f   sfc_debug:sfdb_call_stack.obj
 0001:00041290       sf_debug_tm_pop_chart_instance 0000000180042290 f   sfc_debug:sfdb_call_stack.obj
 0001:000412f0       sf_debug_tm_push_trace_node 00000001800422f0 f   sfc_debug:sfdb_call_stack.obj
 0001:00041480       sf_debug_tm_pop_trace_node 0000000180042480 f   sfc_debug:sfdb_call_stack.obj
 0001:00041500       sf_debug_tm_get_current_global_trace_index 0000000180042500 f   sfc_debug:sfdb_call_stack.obj
 0001:00041510       sf_debug_tm_get_current_local_trace_index 0000000180042510 f   sfc_debug:sfdb_call_stack.obj
 0001:00041540       sf_debug_tm_set_cycle_detected_flag 0000000180042540 f   sfc_debug:sfdb_call_stack.obj
 0001:00041580       sf_debug_tm_set_cycle_started_flag 0000000180042580 f   sfc_debug:sfdb_call_stack.obj
 0001:000415c0       sf_debug_tm_get_chart_number_from_stack 00000001800425c0 f   sfc_debug:sfdb_call_stack.obj
 0001:000417c0       sf_debug_tm_browse_trace   00000001800427c0 f   sfc_debug:sfdb_call_stack.obj
 0001:00041b00       sf_debug_cd_initialize_instance 0000000180042b00 f   sfc_debug:sfdb_cycle_detection.obj
 0001:00041db0       sf_debug_cd_mark_processed_transition_in_instance 0000000180042db0 f   sfc_debug:sfdb_cycle_detection.obj
 0001:00041e50       sf_debug_cd_checksum_push  0000000180042e50 f   sfc_debug:sfdb_cycle_detection.obj
 0001:00042110       sf_debug_cd_checksum_pop   0000000180043110 f   sfc_debug:sfdb_cycle_detection.obj
 0001:00042180       sf_debug_cd_turn_off_cycle_detection 0000000180043180 f   sfc_debug:sfdb_cycle_detection.obj
 0001:000421d0       sf_debug_cd_terminate      00000001800431d0 f   sfc_debug:sfdb_cycle_detection.obj
 0001:00042410       md5_initialize_state       0000000180043410 f   sfc_debug:ckmd5.obj
 0001:00042e80       md5_update_state           0000000180043e80 f   sfc_debug:ckmd5.obj
 0001:00042ea0       md5_get_hash               0000000180043ea0 f   sfc_debug:ckmd5.obj
 0001:00042ed0       md5_get_hash_for_a_single_string 0000000180043ed0 f   sfc_debug:ckmd5.obj
 0001:00042f34       mxGetPr                    0000000180043f34 f   libmx:libmx.dll
 0001:00042f3a       mxCreateDoubleScalar       0000000180043f3a f   libmx:libmx.dll
 0001:00042f40       mxCreateDoubleMatrix_730   0000000180043f40 f   libmx:libmx.dll
 0001:00042f46       mxSetField_730             0000000180043f46 f   libmx:libmx.dll
 0001:00042f4c       mxCreateString             0000000180043f4c f   libmx:libmx.dll
 0001:00042f52       mxCreateStructMatrix_730   0000000180043f52 f   libmx:libmx.dll
 0001:00042f58       mxDestroyArray             0000000180043f58 f   libmx:libmx.dll
 0001:00042f5e       mxDuplicateArray           0000000180043f5e f   libmx:libmx.dll
 0001:00042f64       mxGetString_730            0000000180043f64 f   libmx:libmx.dll
 0001:00042f6a       mxIsChar                   0000000180043f6a f   libmx:libmx.dll
 0001:00042f70       mxGetClassID               0000000180043f70 f   libmx:libmx.dll
 0001:00042f76       mxIsNumeric                0000000180043f76 f   libmx:libmx.dll
 0001:00042f7c       mxIsComplex                0000000180043f7c f   libmx:libmx.dll
 0001:00042f82       mxGetN                     0000000180043f82 f   libmx:libmx.dll
 0001:00042f88       mxGetM                     0000000180043f88 f   libmx:libmx.dll
 0001:00042f8e       mxCalloc                   0000000180043f8e f   libmx:libmx.dll
 0001:00042f94       mxGetScalar                0000000180043f94 f   libmx:libmx.dll
 0001:00042f9a       mxIsLogical                0000000180043f9a f   libmx:libmx.dll
 0001:00042fa0       mxCreateDoubleMatrix_700   0000000180043fa0 f   libmx:libmx.dll
 0001:00042fa6       mxFree                     0000000180043fa6 f   libmx:libmx.dll
 0001:00042fac       mxArrayToString            0000000180043fac f   libmx:libmx.dll
 0001:00042fb2       mxCreateCellMatrix_700     0000000180043fb2 f   libmx:libmx.dll
 0001:00042fb8       mxSetCell_700              0000000180043fb8 f   libmx:libmx.dll
 0001:00042fbe       mxGetCell_700              0000000180043fbe f   libmx:libmx.dll
 0001:00042fc4       mxGetClassName             0000000180043fc4 f   libmx:libmx.dll
 0001:00042fca       mxSetField_700             0000000180043fca f   libmx:libmx.dll
 0001:00042fd0       mxAddField                 0000000180043fd0 f   libmx:libmx.dll
 0001:00042fd6       mxGetField_700             0000000180043fd6 f   libmx:libmx.dll
 0001:00042fdc       mxGetNumberOfElements      0000000180043fdc f   libmx:libmx.dll
 0001:00042fe2       mxIsStruct                 0000000180043fe2 f   libmx:libmx.dll
 0001:00042fe8       mxIsA                      0000000180043fe8 f   libmx:libmx.dll
 0001:00042fee       mxIsClass                  0000000180043fee f   libmx:libmx.dll
 0001:00042ff4       mxGetLogicals              0000000180043ff4 f   libmx:libmx.dll
 0001:00042ffa       mxIsSparse                 0000000180043ffa f   libmx:libmx.dll
 0001:00043000       mxSetFieldByNumber_700     0000000180044000 f   libmx:libmx.dll
 0001:00043006       mxGetFieldByNumber_700     0000000180044006 f   libmx:libmx.dll
 0001:0004300c       mxGetFieldNameByNumber     000000018004400c f   libmx:libmx.dll
 0001:00043012       mxGetNumberOfFields        0000000180044012 f   libmx:libmx.dll
 0001:00043018       mxCreateStructMatrix_700   0000000180044018 f   libmx:libmx.dll
 0001:0004301e       mxGetFieldNumber           000000018004401e f   libmx:libmx.dll
 0001:00043024       mxIsNaN                    0000000180044024 f   libmx:libmx.dll
 0001:0004302a       mxIsEmpty                  000000018004402a f   libmx:libmx.dll
 0001:00043030       mxGetData                  0000000180044030 f   libmx:libmx.dll
 0001:00043036       mxGetImagData              0000000180044036 f   libmx:libmx.dll
 0001:0004303c       mxArrayClassIDName         000000018004403c f   libmx:libmx.dll
 0001:00043042       mxCreateNumericMatrix_700  0000000180044042 f   libmx:libmx.dll
 0001:00043048       mxCreateStructArray_700    0000000180044048 f   libmx:libmx.dll
 0001:0004304e       mxCalcSingleSubscript_700  000000018004404e f   libmx:libmx.dll
 0001:00043054       mxGetDimensions_700        0000000180044054 f   libmx:libmx.dll
 0001:0004305a       mxGetNumberOfDimensions_700 000000018004405a f   libmx:libmx.dll
 0001:00043060       mxCreateNumericArray_700   0000000180044060 f   libmx:libmx.dll
 0001:00043066       mxGetElementSize           0000000180044066 f   libmx:libmx.dll
 0001:0004306c       mxCreateStringFromNChars_700 000000018004406c f   libmx:libmx.dll
 0001:00043072       mxGetString_700            0000000180044072 f   libmx:libmx.dll
 0001:00043078       mxIsLogicalScalarTrue      0000000180044078 f   libmx:libmx.dll
 0001:0004307e       mxCreateLogicalScalar      000000018004407e f   libmx:libmx.dll
 0001:00043084       mexUnlock                  0000000180044084 f   libmex:libmex.dll
 0001:0004308a       mexIsLocked                000000018004408a f   libmex:libmex.dll
 0001:00043090       mexWarnMsgTxt              0000000180044090 f   libmex:libmex.dll
 0001:00043096       mexCallMATLAB              0000000180044096 f   libmex:libmex.dll
 0001:0004309c       mexErrMsgTxt               000000018004409c f   libmex:libmex.dll
 0001:000430a2       mexMakeArrayPersistent     00000001800440a2 f   libmex:libmex.dll
 0001:000430a8       mexSetTrapFlag             00000001800440a8 f   libmex:libmex.dll
 0001:000430ae       mexPutVariable             00000001800440ae f   libmex:libmex.dll
 0001:000430b4       mexGetVariable             00000001800440b4 f   libmex:libmex.dll
 0001:000430ba       mexLock                    00000001800440ba f   libmex:libmex.dll
 0001:000430c0       mexMakeMemoryPersistent    00000001800440c0 f   libmex:libmex.dll
 0001:000430c6       mexFunctionName            00000001800440c6 f   libmex:libmex.dll
 0001:000430cc       ssRegisterDataTypeFxpFSlopeFixExpBias 00000001800440cc f   libfixedpoint:libfixedpoint.dll
 0001:000430d2       utVSNprintf                00000001800440d2 f   libut:libut.dll
 0001:000430d8       utCPUtime                  00000001800440d8 f   libut:libut.dll
 0001:000430de       utFree                     00000001800440de f   libut:libut.dll
 0001:000430e4       utMalloc                   00000001800440e4 f   libut:libut.dll
 0001:000430ea       muDoubleScalarSin          00000001800440ea f   libmwmathutil:libmwmathutil.dll
 0001:000430f0       muDoubleScalarCos          00000001800440f0 f   libmwmathutil:libmwmathutil.dll
 0001:000430f6       muDoubleScalarPower        00000001800440f6 f   libmwmathutil:libmwmathutil.dll
 0001:000430fc       muDoubleScalarSqrt         00000001800440fc f   libmwmathutil:libmwmathutil.dll
 0001:00043102       muDoubleScalarAbs          0000000180044102 f   libmwmathutil:libmwmathutil.dll
 0001:00043108       emlrtCreateRootTLS         0000000180044108 f   libemlrt:libemlrt.dll
 0001:0004310e       emlrtDestroyRootTLS        000000018004410e f   libemlrt:libemlrt.dll
 0001:00043114       emlrtCheckBuiltInR2012b    0000000180044114 f   libemlrt:libemlrt.dll
 0001:0004311a       emlrtCheckVsBuiltInR2012b  000000018004411a f   libemlrt:libemlrt.dll
 0001:00043120       emlrtCheckEnumR2012b       0000000180044120 f   libemlrt:libemlrt.dll
 0001:00043126       emlrtCreateEnumR2012b      0000000180044126 f   libemlrt:libemlrt.dll
 0001:0004312c       emlrtGetEnumElementR2009a  000000018004412c f   libemlrt:libemlrt.dll
 0001:00043132       emlrtCreateReference       0000000180044132 f   libemlrt:libemlrt.dll
 0001:00043138       emlrtImportVsFiArrayR2009b 0000000180044138 f   libemlrt:libemlrt.dll
 0001:0004313e       emlrtNameCapturePostProcessR2012a 000000018004413e f   libemlrt:libemlrt.dll
 0001:00043144       emlrtExtractMessageId      0000000180044144 f   libemlrt:libemlrt.dll
 0001:0004314a       emlrtTranslateMessageIDtoLCPstring 000000018004414a f   libemlrt:libemlrt.dll
 0001:00043150       emlrtForLoopVectorIsValidR2011b 0000000180044150 f   libemlrt:libemlrt.dll
 0001:00043156       emlrtTranslateUTF16MessagetoLCPstring 0000000180044156 f   libemlrt:libemlrt.dll
 0001:0004315c       emlrtGetEnumUnderlyingArrayR2009a 000000018004415c f   libemlrt:libemlrt.dll
 0001:00043162       emlrtIsEnumR2009a          0000000180044162 f   libemlrt:libemlrt.dll
 0001:00043168       strlen                     0000000180044168 f   MSVCRT:MSVCR100.dll
 0001:00043170       __GSHandlerCheckCommon     0000000180044170 f   MSVCRT:gshandler.obj
 0001:000431d4       __GSHandlerCheck           00000001800441d4 f   MSVCRT:gshandler.obj
 0001:00043210       __security_check_cookie    0000000180044210 f   MSVCRT:amdsecgs.obj
 0001:00043230       memset                     0000000180044230 f   MSVCRT:MSVCR100.dll
 0001:00043236       malloc                     0000000180044236 f   MSVCRT:MSVCR100.dll
 0001:0004323c       free                       000000018004423c f   MSVCRT:MSVCR100.dll
 0001:00043242       strcmp                     0000000180044242 f   MSVCRT:MSVCR100.dll
 0001:00043248       sprintf                    0000000180044248 f   MSVCRT:MSVCR100.dll
 0001:0004324e       strcat                     000000018004424e f   MSVCRT:MSVCR100.dll
 0001:00043254       memcpy                     0000000180044254 f   MSVCRT:MSVCR100.dll
 0001:0004325c       NtCurrentTeb               000000018004425c f i MSVCRT:crtdll.obj
 0001:000432c8       _CRT_INIT                  00000001800442c8 f   MSVCRT:crtdll.obj
 0001:00043660       _DllMainCRTStartup         0000000180044660 f   MSVCRT:crtdll.obj
 0001:0004369e       strncpy                    000000018004469e f   MSVCRT:MSVCR100.dll
 0001:000436c0       _alloca_probe              00000001800446c0     MSVCRT:chkstk.obj
 0001:000436c0       __chkstk                   00000001800446c0 f   MSVCRT:chkstk.obj
 0001:0004370e       longjmp                    000000018004470e f   MSVCRT:MSVCR100.dll
 0001:00043714       strncmp                    0000000180044714 f   MSVCRT:MSVCR100.dll
 0001:0004371a       ceil                       000000018004471a f   MSVCRT:MSVCR100.dll
 0001:00043720       strrchr                    0000000180044720 f   MSVCRT:MSVCR100.dll
 0001:00043726       _setjmp                    0000000180044726 f   MSVCRT:MSVCR100.dll
 0001:0004372c       calloc                     000000018004472c f   MSVCRT:MSVCR100.dll
 0001:00043732       realloc                    0000000180044732 f   MSVCRT:MSVCR100.dll
 0001:00043738       ldexp                      0000000180044738 f   MSVCRT:MSVCR100.dll
 0001:00043740       __report_gsfailure         0000000180044740 f   MSVCRT:gs_report.obj
 0001:0004388c       __clean_type_info_names    000000018004488c f   MSVCRT:tncleanup.obj
 0001:00043898       _onexit                    0000000180044898 f   MSVCRT:atonexit.obj
 0001:00043948       atexit                     0000000180044948 f   MSVCRT:atonexit.obj
 0001:00043960       _RTC_Initialize            0000000180044960 f   MSVCRT:_initsect_.obj
 0001:00043998       _RTC_Terminate             0000000180044998 f   MSVCRT:_initsect_.obj
 0001:000439d0       _malloc_crt                00000001800449d0 f   MSVCRT:MSVCR100.dll
 0001:000439e0       _ValidateImageBase         00000001800449e0 f   MSVCRT:pesect.obj
 0001:00043a10       _FindPESection             0000000180044a10 f   MSVCRT:pesect.obj
 0001:00043a60       _IsNonwritableInCurrentImage 0000000180044a60 f   MSVCRT:pesect.obj
 0001:00043aa2       _initterm                  0000000180044aa2 f   MSVCRT:MSVCR100.dll
 0001:00043aa8       _initterm_e                0000000180044aa8 f   MSVCRT:MSVCR100.dll
 0001:00043aae       _encoded_null              0000000180044aae f   MSVCRT:MSVCR100.dll
 0001:00043ab4       _amsg_exit                 0000000180044ab4 f   MSVCRT:MSVCR100.dll
 0001:00043aba       __C_specific_handler       0000000180044aba f   MSVCRT:MSVCR100.dll
 0001:00043ac0       __CppXcptFilter            0000000180044ac0 f   MSVCRT:MSVCR100.dll
 0001:00043ac8       DllMain                    0000000180044ac8 f   MSVCRT:dllmain.obj
 0001:00043aec       __security_init_cookie     0000000180044aec f   MSVCRT:gs_support.obj
 0001:00043ba0       __crt_debugger_hook        0000000180044ba0 f   MSVCRT:MSVCR100.dll
 0001:00043ba6       __clean_type_info_names_internal 0000000180044ba6 f   MSVCRT:MSVCR100.dll
 0001:00043bac       _unlock                    0000000180044bac f   MSVCRT:MSVCR100.dll
 0001:00043bb2       __dllonexit                0000000180044bb2 f   MSVCRT:MSVCR100.dll
 0001:00043bb8       _lock                      0000000180044bb8 f   MSVCRT:MSVCR100.dll
 0001:00043bbe       EncodePointer              0000000180044bbe f   kernel32:KERNEL32.dll
 0001:00043bc4       DecodePointer              0000000180044bc4 f   kernel32:KERNEL32.dll
 0001:00043bca       Sleep                      0000000180044bca f   kernel32:KERNEL32.dll
 0001:00043bd0       TerminateProcess           0000000180044bd0 f   kernel32:KERNEL32.dll
 0001:00043bd6       GetCurrentProcess          0000000180044bd6 f   kernel32:KERNEL32.dll
 0001:00043bdc       UnhandledExceptionFilter   0000000180044bdc f   kernel32:KERNEL32.dll
 0001:00043be2       SetUnhandledExceptionFilter 0000000180044be2 f   kernel32:KERNEL32.dll
 0001:00043be8       IsDebuggerPresent          0000000180044be8 f   kernel32:KERNEL32.dll
 0001:00043bee       RtlVirtualUnwind           0000000180044bee f   kernel32:KERNEL32.dll
 0001:00043bf4       RtlLookupFunctionEntry     0000000180044bf4 f   kernel32:KERNEL32.dll
 0001:00043bfa       RtlCaptureContext          0000000180044bfa f   kernel32:KERNEL32.dll
 0001:00043c00       DisableThreadLibraryCalls  0000000180044c00 f   kernel32:KERNEL32.dll
 0001:00043c06       QueryPerformanceCounter    0000000180044c06 f   kernel32:KERNEL32.dll
 0001:00043c0c       GetTickCount               0000000180044c0c f   kernel32:KERNEL32.dll
 0001:00043c12       GetCurrentThreadId         0000000180044c12 f   kernel32:KERNEL32.dll
 0001:00043c18       GetCurrentProcessId        0000000180044c18 f   kernel32:KERNEL32.dll
 0001:00043c1e       GetSystemTimeAsFileTime    0000000180044c1e f   kernel32:KERNEL32.dll
 0002:00000000       __imp_DisableThreadLibraryCalls 0000000180045000     kernel32:KERNEL32.dll
 0002:00000008       __imp_RtlCaptureContext    0000000180045008     kernel32:KERNEL32.dll
 0002:00000010       __imp_RtlLookupFunctionEntry 0000000180045010     kernel32:KERNEL32.dll
 0002:00000018       __imp_RtlVirtualUnwind     0000000180045018     kernel32:KERNEL32.dll
 0002:00000020       __imp_IsDebuggerPresent    0000000180045020     kernel32:KERNEL32.dll
 0002:00000028       __imp_SetUnhandledExceptionFilter 0000000180045028     kernel32:KERNEL32.dll
 0002:00000030       __imp_UnhandledExceptionFilter 0000000180045030     kernel32:KERNEL32.dll
 0002:00000038       __imp_GetCurrentProcess    0000000180045038     kernel32:KERNEL32.dll
 0002:00000040       __imp_TerminateProcess     0000000180045040     kernel32:KERNEL32.dll
 0002:00000048       __imp_Sleep                0000000180045048     kernel32:KERNEL32.dll
 0002:00000050       __imp_DecodePointer        0000000180045050     kernel32:KERNEL32.dll
 0002:00000058       __imp_EncodePointer        0000000180045058     kernel32:KERNEL32.dll
 0002:00000060       __imp_GetTickCount         0000000180045060     kernel32:KERNEL32.dll
 0002:00000068       __imp_GetCurrentThreadId   0000000180045068     kernel32:KERNEL32.dll
 0002:00000070       __imp_GetCurrentProcessId  0000000180045070     kernel32:KERNEL32.dll
 0002:00000078       __imp_GetSystemTimeAsFileTime 0000000180045078     kernel32:KERNEL32.dll
 0002:00000080       __imp_QueryPerformanceCounter 0000000180045080     kernel32:KERNEL32.dll
 0002:00000088       \177KERNEL32_NULL_THUNK_DATA 0000000180045088     kernel32:KERNEL32.dll
 0002:00000090       __imp__onexit              0000000180045090     MSVCRT:MSVCR100.dll
 0002:00000098       __imp__lock                0000000180045098     MSVCRT:MSVCR100.dll
 0002:000000a0       __imp___dllonexit          00000001800450a0     MSVCRT:MSVCR100.dll
 0002:000000a8       __imp__unlock              00000001800450a8     MSVCRT:MSVCR100.dll
 0002:000000b0       __imp___clean_type_info_names_internal 00000001800450b0     MSVCRT:MSVCR100.dll
 0002:000000b8       __imp___crt_debugger_hook  00000001800450b8     MSVCRT:MSVCR100.dll
 0002:000000c0       __imp___CppXcptFilter      00000001800450c0     MSVCRT:MSVCR100.dll
 0002:000000c8       __imp___C_specific_handler 00000001800450c8     MSVCRT:MSVCR100.dll
 0002:000000d0       __imp__amsg_exit           00000001800450d0     MSVCRT:MSVCR100.dll
 0002:000000d8       __imp__encoded_null        00000001800450d8     MSVCRT:MSVCR100.dll
 0002:000000e0       __imp__initterm_e          00000001800450e0     MSVCRT:MSVCR100.dll
 0002:000000e8       __imp__initterm            00000001800450e8     MSVCRT:MSVCR100.dll
 0002:000000f0       __imp__malloc_crt          00000001800450f0     MSVCRT:MSVCR100.dll
 0002:000000f8       __imp_ldexp                00000001800450f8     MSVCRT:MSVCR100.dll
 0002:00000100       __imp_realloc              0000000180045100     MSVCRT:MSVCR100.dll
 0002:00000108       __imp_calloc               0000000180045108     MSVCRT:MSVCR100.dll
 0002:00000110       __imp__setjmp              0000000180045110     MSVCRT:MSVCR100.dll
 0002:00000118       __imp_strrchr              0000000180045118     MSVCRT:MSVCR100.dll
 0002:00000120       __imp_ceil                 0000000180045120     MSVCRT:MSVCR100.dll
 0002:00000128       __imp_strncmp              0000000180045128     MSVCRT:MSVCR100.dll
 0002:00000130       __imp_longjmp              0000000180045130     MSVCRT:MSVCR100.dll
 0002:00000138       __imp_strncpy              0000000180045138     MSVCRT:MSVCR100.dll
 0002:00000140       __imp_memcpy               0000000180045140     MSVCRT:MSVCR100.dll
 0002:00000148       __imp_strcat               0000000180045148     MSVCRT:MSVCR100.dll
 0002:00000150       __imp_sprintf              0000000180045150     MSVCRT:MSVCR100.dll
 0002:00000158       __imp_strcmp               0000000180045158     MSVCRT:MSVCR100.dll
 0002:00000160       __imp_free                 0000000180045160     MSVCRT:MSVCR100.dll
 0002:00000168       __imp_malloc               0000000180045168     MSVCRT:MSVCR100.dll
 0002:00000170       __imp_memset               0000000180045170     MSVCRT:MSVCR100.dll
 0002:00000178       __imp_strlen               0000000180045178     MSVCRT:MSVCR100.dll
 0002:00000180       \177MSVCR100_NULL_THUNK_DATA 0000000180045180     MSVCRT:MSVCR100.dll
 0002:00000188       __imp_emlrtIsEnumR2009a    0000000180045188     libemlrt:libemlrt.dll
 0002:00000190       __imp_emlrtGetEnumUnderlyingArrayR2009a 0000000180045190     libemlrt:libemlrt.dll
 0002:00000198       __imp_emlrtTranslateUTF16MessagetoLCPstring 0000000180045198     libemlrt:libemlrt.dll
 0002:000001a0       __imp_emlrtForLoopVectorIsValidR2011b 00000001800451a0     libemlrt:libemlrt.dll
 0002:000001a8       __imp_emlrtTranslateMessageIDtoLCPstring 00000001800451a8     libemlrt:libemlrt.dll
 0002:000001b0       __imp_emlrtExtractMessageId 00000001800451b0     libemlrt:libemlrt.dll
 0002:000001b8       __imp_emlrtNameCapturePostProcessR2012a 00000001800451b8     libemlrt:libemlrt.dll
 0002:000001c0       __imp_emlrtCheckBuiltInR2012b 00000001800451c0     libemlrt:libemlrt.dll
 0002:000001c8       __imp_emlrtDestroyRootTLS  00000001800451c8     libemlrt:libemlrt.dll
 0002:000001d0       __imp_emlrtCreateRootTLS   00000001800451d0     libemlrt:libemlrt.dll
 0002:000001d8       __imp_emlrtCheckEnumR2012b 00000001800451d8     libemlrt:libemlrt.dll
 0002:000001e0       __imp_emlrtCreateEnumR2012b 00000001800451e0     libemlrt:libemlrt.dll
 0002:000001e8       __imp_emlrtGetEnumElementR2009a 00000001800451e8     libemlrt:libemlrt.dll
 0002:000001f0       __imp_emlrtCreateReference 00000001800451f0     libemlrt:libemlrt.dll
 0002:000001f8       __imp_emlrtImportVsFiArrayR2009b 00000001800451f8     libemlrt:libemlrt.dll
 0002:00000200       __imp_emlrtCheckVsBuiltInR2012b 0000000180045200     libemlrt:libemlrt.dll
 0002:00000208       \177libemlrt_NULL_THUNK_DATA 0000000180045208     libemlrt:libemlrt.dll
 0002:00000210       __imp_ssRegisterDataTypeFxpFSlopeFixExpBias 0000000180045210     libfixedpoint:libfixedpoint.dll
 0002:00000218       \177libfixedpoint_NULL_THUNK_DATA 0000000180045218     libfixedpoint:libfixedpoint.dll
 0002:00000220       __imp_mexFunctionName      0000000180045220     libmex:libmex.dll
 0002:00000228       __imp_mexMakeMemoryPersistent 0000000180045228     libmex:libmex.dll
 0002:00000230       __imp_mexLock              0000000180045230     libmex:libmex.dll
 0002:00000238       __imp_mexPutVariable       0000000180045238     libmex:libmex.dll
 0002:00000240       __imp_mexSetTrapFlag       0000000180045240     libmex:libmex.dll
 0002:00000248       __imp_mexMakeArrayPersistent 0000000180045248     libmex:libmex.dll
[...]
 0001:000192d0       sf_mex_check_fimath        000000018001a2d0 f   sfc_mex:sfc_mex.obj
 0001:00019e80       size_mismatch_error        000000018001ae80 f   sfc_mex:sfc_mex.obj
 0001:0001a920       check_array_dimensions     000000018001b920 f   sfc_mex:sfc_mex.obj
 0001:0001a990       check_input_mxarray        000000018001b990 f   sfc_mex:sfc_mex.obj
 0001:0001b0d0       sf_numeric_value_to_double 000000018001c0d0 f   sfc_mex:sfc_mex.obj
 0001:0001b120       ml_generic_out_of_bounds_check 000000018001c120 f   sfc_mex:sfc_mex.obj
 0001:0001b2f0       ml_get_element_value_from_array 000000018001c2f0 f   sfc_mex:sfc_mex.obj
 0001:0001b690       _ml_generic_castability_check 000000018001c690 f   sfc_mex:sfc_mex.obj
 0001:0001c3f0       ml_generic_castability_check 000000018001d3f0 f   sfc_mex:sfc_mex.obj
 0001:0001c490       ml_check_mx_array_for_single_castability 000000018001d490 f   sfc_mex:sfc_mex.obj
 0001:0001c530       ml_check_mx_array_for_logical_castability 000000018001d530 f   sfc_mex:sfc_mex.obj
 0001:0001c5d0       ml_check_mx_array_for_int8_castability 000000018001d5d0 f   sfc_mex:sfc_mex.obj
 0001:0001c680       ml_check_mx_array_for_uint8_castability 000000018001d680 f   sfc_mex:sfc_mex.obj
 0001:0001c6e0       ml_check_mx_array_for_int16_castability 000000018001d6e0 f   sfc_mex:sfc_mex.obj
 0001:0001c740       ml_check_mx_array_for_uint16_castability 000000018001d740 f   sfc_mex:sfc_mex.obj
 0001:0001c7a0       ml_check_mx_array_for_int32_castability 000000018001d7a0 f   sfc_mex:sfc_mex.obj
 0001:0001c800       ml_check_mx_array_for_uint32_castability 000000018001d800 f   sfc_mex:sfc_mex.obj
 0001:0001c860       ml_check_mx_array_for_castability 000000018001d860 f   sfc_mex:sfc_mex.obj
 0001:0001d190       set_data_value             000000018001e190 f   sfc_mex:sfc_mex.obj
 0001:0001d500       get_data_value             000000018001e500 f   sfc_mex:sfc_mex.obj
 0001:0001d610       get_next_element_address   000000018001e610 f   sfc_mex:sfc_mex.obj
 0001:0001d6e0       sf_normalize_index         000000018001e6e0 f   sfc_mex:sfc_mex.obj
 0001:0001da70       ml_array_index_bound_check 000000018001ea70 f   sfc_mex:sfc_mex.obj
 0001:0001e590       mx_value                   000000018001f590 f   sfc_mex:sfc_mex.obj
 0001:0001e5e0       sf_create_numeric_array    000000018001f5e0 f   sfc_mex:sfc_mex.obj
 0001:0001e680       sf_mex_assign_to_mx_array  000000018001f680 f   sfc_mex:sfc_mex.obj
 0001:0001e9d0       assign_from_mx_array       000000018001f9d0 f   sfc_mex:sfc_mex.obj
 0001:0001f200       sf_mex_import_v            0000000180020200 f   sfc_mex:sfc_mex.obj
 0001:0001f900       get_machine_and_chart_file_number 0000000180020900 f   sfc_mex:sfc_sf.obj
 0001:0001f9f0       get_sfun_block_specialization 00000001800209f0 f   sfc_mex:sfc_sf.obj
 0001:0001faa0       call_sf_machine_global_method_dispatcher 0000000180020aa0 f   sfc_mex:sfc_sf.obj
 0001:0001fcf0       mdl_zeroCrossings_processing 0000000180020cf0 f   sfc_mex:sfc_sf.obj
 0001:0001fdc0       mdl_derivatives_processing 0000000180020dc0 f   sfc_mex:sfc_sf.obj
 0001:00020080       mdl_outputs_continuous_legacy 0000000180021080 f   sfc_mex:sfc_sf.obj
 0001:00020100       mdl_outputs_processing     0000000180021100 f   sfc_mex:sfc_sf.obj
 0001:00020370       mdl_enable_processing      0000000180021370 f   sfc_mex:sfc_sf.obj
 0001:00020440       mdl_disable_processing     0000000180021440 f   sfc_mex:sfc_sf.obj
 0001:000211b0       sf_call_output_fcn_enable_disable 00000001800221b0 f   sfc_mex:sfc_sf.obj
 0001:00021430       set_dwork_information_from_mx_array 0000000180022430 f   sfc_mex:sfc_sf.obj
 0001:00021cf0       ptr2mxStruct               0000000180022cf0 f   sfc_mex:sfc_sf.obj
 0001:00022000       SNPRINTF_WRAPPER           0000000180023000 f   sfc_debug:sfcdebug.obj
 0001:00022020       sf_debug_chart_instance_initialized_quick 0000000180023020 f   sfc_debug:sfcdebug.obj
 0001:00022030       sf_debug_chart_instance_initialized 0000000180023030 f   sfc_debug:sfcdebug.obj
 0001:000221d0       sfrtAddSize                00000001800231d0 f   sfc_debug:sfcdebug.obj
 0001:00022290       sfrtGenSizeString          0000000180023290 f   sfc_debug:sfcdebug.obj
 0001:000229a0       fill_single_message_info   00000001800239a0 f   sfc_debug:sfcdebug.obj
 0001:00022b60       sf_debug_sim_status_listener 0000000180023b60 f   sfc_debug:sfcdebug.obj
 0001:000230d0       sf_debug_form_mask_bits    00000001800240d0 f   sfc_debug:sfcdebug.obj
 0001:00023110       sf_debug_form_sf_data_type_offsets 0000000180024110 f   sfc_debug:sfcdebug.obj
 0001:000231d0       sf_debug_free_all          00000001800241d0 f   sfc_debug:sfcdebug.obj
 0001:00023380       sf_debug_append_debugger_context 0000000180024380 f   sfc_debug:sfcdebug.obj
 0001:00023520       sf_debug_update_always_honor_breakpoints 0000000180024520 f   sfc_debug:sfcdebug.obj
 0001:000236f0       local_strdup               00000001800246f0 f   sfc_debug:sfcdebug.obj
 0001:000245d0       sf_debug_em_terminate      00000001800255d0 f   sfc_debug:sfcdebug.obj
 0001:00024610       sf_debug_push_eml_function 0000000180025610 f   sfc_debug:sfcdebug.obj
 0001:000246b0       sf_debug_pop_eml_function  00000001800256b0 f   sfc_debug:sfcdebug.obj
 0001:000253b0       sf_debug_get_machine_number_from_id_or_name 00000001800263b0 f   sfc_debug:sfcdebug.obj
 0001:00025500       sf_debug_get_chart_number_from_id 0000000180026500 f   sfc_debug:sfcdebug.obj
 0001:000262a0       sf_debug_transfer_control_to_debugger_GUI 00000001800272a0 f   sfc_debug:sfcdebug.obj
 0001:00027230       sf_debug_scripts_rehash    0000000180028230 f   sfc_debug:sfcdebug.obj
 0001:00027470       sf_debug_get_script_line_count 0000000180028470 f   sfc_debug:sfcdebug.obj
 0001:00027da0       cv_eml_state_cvId          0000000180028da0 f   sfc_debug:sfcdebug.obj
 0001:00027e10       cv_eml_trans_cvId          0000000180028e10 f   sfc_debug:sfcdebug.obj
 0001:000291a0       sf_debug_data_array_bounds_error 000000018002a1a0 f   sfc_debug:sfcdebug.obj
 0001:000295d0       eml_debug_runtime_error_doclink 000000018002a5d0 f   sfc_debug:sfcdebug.obj
 0001:00029730       sf_debug_runtime_error     000000018002a730 f   sfc_debug:sfcdebug.obj
 0001:000297a0       sf_debug_matlab_error      000000018002a7a0 f   sfc_debug:sfcdebug.obj
 0001:0002a0e0       sf_debug_data_value_error  000000018002b0e0 f   sfc_debug:sfcdebug.obj
 0001:0002a9e0       sf_debug_data_loss_error   000000018002b9e0 f   sfc_debug:sfcdebug.obj
 0001:0002b970       call_cv_range_check        000000018002c970 f   sfc_debug:sfcdebug.obj
 0001:0002c140       sf_debug_invoke_cycle_detection_code 000000018002d140 f   sfc_debug:sfcdebug.obj
 0001:0002cfc0       sf_reset_debug_info_struct 000000018002dfc0 f   sfc_debug:sfcdebug.obj
 0001:0002d820       cv_script_cvId             000000018002e820 f   sfc_debug:sfcdebug.obj
 0001:0002e580       sfc_api_chart_visible      000000018002f580 f   sfc_debug:sfc_api.obj
 0001:0002e600       sfc_api_active_instance    000000018002f600 f   sfc_debug:sfc_api.obj
 0001:0002e680       sfc_api_machine_load       000000018002f680 f   sfc_debug:sfc_api.obj
 0001:0002e750       sfc_api_debugger_alive     000000018002f750 f   sfc_debug:sfc_api.obj
 0001:0002e760       sfc_api_go                 000000018002f760 f   sfc_debug:sfc_api.obj
 0001:0002e770       sfc_api_step_over          000000018002f770 f   sfc_debug:sfc_api.obj
 0001:0002e780       sfc_api_step_out           000000018002f780 f   sfc_debug:sfc_api.obj
 0001:0002e790       sfc_api_resume             000000018002f790 f   sfc_debug:sfc_api.obj
 0001:0002e7a0       sfc_api_break              000000018002f7a0 f   sfc_debug:sfc_api.obj
 0001:0002e7b0       sfc_api_stop_debugging     000000018002f7b0 f   sfc_debug:sfc_api.obj
 0001:0002e800       sfc_api_is_cycle_detected  000000018002f800 f   sfc_debug:sfc_api.obj
 0001:0002e850       sfc_api_is_array_bounds_detected 000000018002f850 f   sfc_debug:sfc_api.obj
 0001:0002e8a0       sfc_api_set_disable_all_breakpoints 000000018002f8a0 f   sfc_debug:sfc_api.obj
 0001:0002e910       sfc_api_disable_all_breakpoints_and_go 000000018002f910 f   sfc_debug:sfc_api.obj
 0001:0002e920       sfc_api_close              000000018002f920 f   sfc_debug:sfc_api.obj
 0001:0002e930       sfc_api_browse_data        000000018002f930 f   sfc_debug:sfc_api.obj
 0001:0002e9a0       sfc_api_watch_data         000000018002f9a0 f   sfc_debug:sfc_api.obj
 0001:0002eaa0       sfc_api_extract_message_post_receive_info 000000018002faa0 f   sfc_debug:sfc_api.obj
 0001:0002eac0       sfc_api_assign_data        000000018002fac0 f   sfc_debug:sfc_api.obj
 0001:0002eb60       sfc_api_whos               000000018002fb60 f   sfc_debug:sfc_api.obj
 0001:0002ebf0       sfc_api_get_consistency_info 000000018002fbf0 f   sfc_debug:sfc_api.obj
 0001:0002ec00       sfc_api_browse_trace       000000018002fc00 f   sfc_debug:sfc_api.obj
 0001:0002ec10       sfc_api_break_on_chart_entry 000000018002fc10 f   sfc_debug:sfc_api.obj
 0001:0002ec30       sfc_api_break_on_event_broadcast 000000018002fc30 f   sfc_debug:sfc_api.obj
 0001:0002ec50       sfc_api_break_on_state_entry 000000018002fc50 f   sfc_debug:sfc_api.obj
 0001:0002ec70       sfc_api_set_watch          000000018002fc70 f   sfc_debug:sfc_api.obj
 0001:0002ed10       sfc_api_set_breakpoints    000000018002fd10 f   sfc_debug:sfc_api.obj
 0001:0002edb0       sfc_api_set_eml_breakpoints 000000018002fdb0 f   sfc_debug:sfc_api.obj
 0001:0002ee30       sfc_api_set_script_breakpoints 000000018002fe30 f   sfc_debug:sfc_api.obj
 0001:0002ee80       sfc_api_add_script_breakpoints 000000018002fe80 f   sfc_debug:sfc_api.obj
 0001:0002eed0       sfc_api_clear_script_breakpoints 000000018002fed0 f   sfc_debug:sfc_api.obj
 0001:0002ef20       sfc_api_query_script_breakpoints 000000018002ff20 f   sfc_debug:sfc_api.obj
 0001:0002ef80       sfc_api_get_script_id      000000018002ff80 f   sfc_debug:sfc_api.obj
 0001:0002f040       sfc_api_get_active_states  0000000180030040 f   sfc_debug:sfc_api.obj
 0001:0002f0c0       sfc_api_break_between_times 00000001800300c0 f   sfc_debug:sfc_api.obj
 0001:0002f120       sfc_api_get_instance_handle 0000000180030120 f   sfc_debug:sfc_api.obj
 0001:0002f1d0       sfc_api_set_animation      00000001800301d0 f   sfc_debug:sfc_api.obj
 0001:0002f220       sfc_api_select_chart       0000000180030220 f   sfc_debug:sfc_api.obj
 0001:0002f280       sfc_api_select_charts      0000000180030280 f   sfc_debug:sfc_api.obj
 0001:0002f2b0       sfc_api_cycle_detection_check 00000001800302b0 f   sfc_debug:sfc_api.obj
 0001:0002f300       sfc_api_data_range_check   0000000180030300 f   sfc_debug:sfc_api.obj
 0001:0002f350       sfc_api_transition_conflict_check 0000000180030350 f   sfc_debug:sfc_api.obj
 0001:0002f3a0       sfc_api_state_consistency_check 00000001800303a0 f   sfc_debug:sfc_api.obj
 0001:0002f3f0       sfc_api_set_instance_cv_ids 00000001800303f0 f   sfc_debug:sfc_api.obj
 0001:0002f500       sfc_api_set_script_cv_ids  0000000180030500 f   sfc_debug:sfc_api.obj
 0001:0002f5b0       sfc_api_get_current_machine_id 00000001800305b0 f   sfc_debug:sfc_api.obj
 0001:0002f5e0       sfc_api_get_current_machine_number 00000001800305e0 f   sfc_debug:sfc_api.obj
 0001:0002f610       sfc_api_get_current_chart_number 0000000180030610 f   sfc_debug:sfc_api.obj
 0001:0002f640       sfc_api_get_current_instance_number 0000000180030640 f   sfc_debug:sfc_api.obj
 0001:0002f670       sfc_api_get_current_instance_handle 0000000180030670 f   sfc_debug:sfc_api.obj
 0001:0002f690       sfc_api_get_current_is_minor_time_step 0000000180030690 f   sfc_debug:sfc_api.obj
 0001:0002f6c0       sfc_api_get_current_machine_name 00000001800306c0 f   sfc_debug:sfc_api.obj
 0001:0002f6e0       sfc_api_get_current_chart_id 00000001800306e0 f   sfc_debug:sfc_api.obj
 0001:0002f710       sfc_api_get_current_object_type 0000000180030710 f   sfc_debug:sfc_api.obj
 0001:0002f740       sfc_api_get_current_event_type 0000000180030740 f   sfc_debug:sfc_api.obj
 0001:0002f770       sfc_api_get_current_object_id 0000000180030770 f   sfc_debug:sfc_api.obj
 0001:0002f7a0       sfc_get_current_active_event_type 00000001800307a0 f   sfc_debug:sfc_api.obj
 0001:0002f7d0       sfc_api_get_current_active_event_id 00000001800307d0 f   sfc_debug:sfc_api.obj
 0001:0002f800       sfc_api_get_current_simulation_time 0000000180030800 f   sfc_debug:sfc_api.obj
 0001:0002f820       sfc_get_current_tag_type   0000000180030820 f   sfc_debug:sfc_api.obj
 0001:0002f850       sfc_get_current_coverage_percentage 0000000180030850 f   sfc_debug:sfc_api.obj
 0001:0002f870       sfc_get_current_statement_context 0000000180030870 f   sfc_debug:sfc_api.obj
 0001:0002f890       sfc_get_current_optional_integer 0000000180030890 f   sfc_debug:sfc_api.obj
 0001:0002f8c0       sfc_get_current_statement_info 00000001800308c0 f   sfc_debug:sfc_api.obj
 0001:0002f960       sfc_api_get                0000000180030960 f   sfc_debug:sfc_api.obj
 0001:000305d0       sf_debug_sm_fill_state_activity_data 00000001800315d0 f   sfc_debug:sfdb_animation.obj
 0001:00032ed0       void_ptr_stack_vector_free_total 0000000180033ed0 f   sfc_debug:sfdb_data_browse.obj
 0001:00032f60       sf_debug_st_terminate_machine 0000000180033f60 f   sfc_debug:sfdb_data_browse.obj
 0001:00032fa0       sf_debug_st_terminate_instance 0000000180033fa0 f   sfc_debug:sfdb_data_browse.obj
 0001:00033350       push_on_to_void_ptr_stack  0000000180034350 f   sfc_debug:sfdb_data_browse.obj
 0001:000334e0       pop_from_void_ptr_stack    00000001800344e0 f   sfc_debug:sfdb_data_browse.obj
 0001:00033610       sf_debug_st_get_data_value 0000000180034610 f   sfc_debug:sfdb_data_browse.obj
 0001:00033ba0       mx_value                   0000000180034ba0 f   sfc_debug:sfdb_data_browse.obj
 0001:00033be0       sf_debug_st_fill_data_struct 0000000180034be0 f   sfc_debug:sfdb_data_browse.obj
 0001:00033f20       data_type_format_strings   0000000180034f20 f   sfc_debug:sfdb_data_browse.obj
 0001:00033fd0       sf_debug_st_fill_data      0000000180034fd0 f   sfc_debug:sfdb_data_browse.obj
 0001:00034d20       sf_debug_hm_get_simulink_handle 0000000180035d20 f   sfc_debug:sfdb_handle_management.obj
 0001:00035820       sf_debug_hm_initialize_globals 0000000180036820 f   sfc_debug:sfdb_handle_management.obj
 0001:00035920       sf_debug_hm_get_machine_debug_flag 0000000180036920 f   sfc_debug:sfdb_handle_management.obj
 0001:00035a90       sf_debug_hm_get_machine_id 0000000180036a90 f   sfc_debug:sfdb_handle_management.obj
 0001:00035bb0       sf_debug_hm_get_chart_id   0000000180036bb0 f   sfc_debug:sfdb_handle_management.obj
 0001:00035d50       sf_debug_hm_register_executing_SFunction 0000000180036d50 f   sfc_debug:sfdb_handle_management.obj
 0001:000360e0       sf_debug_hm_form_object_boolean_properties 00000001800370e0 f   sfc_debug:sfdb_handle_management.obj
 0001:000363b0       sf_debug_hm_form_object_properties 00000001800373b0 f   sfc_debug:sfdb_handle_management.obj
 0001:000365f0       sf_debug_hm_terminate_charts 00000001800375f0 f   sfc_debug:sfdb_handle_management.obj
 0001:00036d50       sf_debug_hm_terminate_machines 0000000180037d50 f   sfc_debug:sfdb_handle_management.obj
 0001:00038950       sf_debug_ss_copy_dimension 0000000180039950 f   sfc_debug:sfdb_symbol_scope.obj
 0001:00038a10       sf_debug_ss_get_number_elements 0000000180039a10 f   sfc_debug:sfdb_symbol_scope.obj
 0001:00038a30       sf_debug_ss_fill_data_struct 0000000180039a30 f   sfc_debug:sfdb_symbol_scope.obj
 0001:00038d80       sf_debug_ss_reset_data_info 0000000180039d80 f   sfc_debug:sfdb_symbol_scope.obj
 0001:00038de0       sf_debug_fill_data_info_by_symbol_scope_entry 0000000180039de0 f   sfc_debug:sfdb_symbol_scope.obj
 0001:00038ea0       sf_debug_fill_data_info_by_data_vector 0000000180039ea0 f   sfc_debug:sfdb_symbol_scope.obj
 0001:000390f0       get_data_info_helper       000000018003a0f0 f   sfc_debug:sfdb_symbol_scope.obj
 0001:000391f0       sf_debug_ss_get_data_info  000000018003a1f0 f   sfc_debug:sfdb_symbol_scope.obj
 0001:00039420       sf_debug_select_mex_function 000000018003a420 f   sfc_debug:sfdb_symbol_scope.obj
 0001:00039450       sf_debug_is_dyn_matrix_initialized 000000018003a450 f   sfc_debug:sfdb_symbol_scope.obj
 0001:00039470       sf_debug_ss_set_data_value_try 000000018003a470 f   sfc_debug:sfdb_symbol_scope.obj
 0001:00039640       sf_debug_ss_get_data_value 000000018003a640 f   sfc_debug:sfdb_symbol_scope.obj
 0001:00039db0       sf_debug_ss_data_bytes_string 000000018003adb0 f   sfc_debug:sfdb_symbol_scope.obj
 0001:00039e60       sf_debug_ss_data_class_string 000000018003ae60 f   sfc_debug:sfdb_symbol_scope.obj
 0001:0003a1f0       sf_debug_ss_data_size_string 000000018003b1f0 f   sfc_debug:sfdb_symbol_scope.obj
 0001:0003a2d0       sf_debug_ss_data_create_data_info_struct 000000018003b2d0 f   sfc_debug:sfdb_symbol_scope.obj
 0001:0003a5a0       sf_debug_ss_data_create_name_value_pair 000000018003b5a0 f   sfc_debug:sfdb_symbol_scope.obj
 0001:0003a640       sf_debug_ss_data_get_whos_info 000000018003b640 f   sfc_debug:sfdb_symbol_scope.obj
 0001:0003a650       same_named_data_in_data_array 000000018003b650 f   sfc_debug:sfdb_symbol_scope.obj
 0001:0003bee0       sf_debug_cc_terminate_chart 000000018003cee0 f   sfc_debug:sfdb_coverage.obj
 0001:0003c280       sf_debug_cc_terminate_instance 000000018003d280 f   sfc_debug:sfdb_coverage.obj
 0001:0003ce70       sf_debug_cc_mark_object_if_needed 000000018003de70 f   sfc_debug:sfdb_coverage.obj
 0001:0003d770       sf_debug_bm_initialize_eml 000000018003e770 f   sfc_debug:sfdb_breakpoints.obj
 0001:0003e8b0       sf_debug_bm_map_debug_tag_to_breakpoint_tag 000000018003f8b0 f   sfc_debug:sfdb_breakpoints.obj
 0001:0003e990       sf_debug_bm_is_a_eml_breakpoint_impl 000000018003f990 f   sfc_debug:sfdb_breakpoints.obj
 0001:000404d0       sf_debug_sc_push_on_error_stack 00000001800414d0 f   sfc_debug:sfdb_state_consistency.obj
 0001:00040600       sf_debug_sc_reset_error_stack 0000000180041600 f   sfc_debug:sfdb_state_consistency.obj
 0001:00040790       sf_debug_sc_is_state_inconsistent 0000000180041790 f   sfc_debug:sfdb_state_consistency.obj
 0001:00040a90       sf_debug_sc_fill_consistency_info 0000000180041a90 f   sfc_debug:sfdb_state_consistency.obj
 0001:00041070       void_assertion_fcn         0000000180042070 f   sfc_debug:sfdb_call_stack.obj
 0001:000415f0       sf_debug_tm_fill_local_trace 00000001800425f0 f   sfc_debug:sfdb_call_stack.obj
 0001:00041bc0       sf_debug_cd_terminate_instance 0000000180042bc0 f   sfc_debug:sfdb_cycle_detection.obj
 0001:00041c20       sf_debug_cd_free_checksum_stack 0000000180042c20 f   sfc_debug:sfdb_cycle_detection.obj
 0001:00041c70       sf_debug_cd_reset_pack_strings 0000000180042c70 f   sfc_debug:sfdb_cycle_detection.obj
 0001:00042330       md5file_clear              0000000180043330 f   sfc_debug:ckmd5.obj
 0001:00042360       Encode                     0000000180043360 f   sfc_debug:ckmd5.obj
 0001:000423b0       Decode                     00000001800433b0 f   sfc_debug:ckmd5.obj
 0001:00042450       MD5Transform               0000000180043450 f   sfc_debug:ckmd5.obj
 0001:00042ca0       md5file_addn               0000000180043ca0 f   sfc_debug:ckmd5.obj
 0001:00042d70       md5file_hash               0000000180043d70 f   sfc_debug:ckmd5.obj
 0001:00043268       pre_c_init                 0000000180044268 f   MSVCRT:crtdll.obj
 0001:00043524       __DllMainCRTStartup        0000000180044524 f   MSVCRT:crtdll.obj
 0001:00043c30       __DllMainCRTStartup$filt$0 0000000180044c30 f   MSVCRT:crtdll.obj
 0001:00043c60       __DllMainCRTStartup$fin$1  0000000180044c60 f   MSVCRT:crtdll.obj
 0001:00043c7a       _onexit$fin$0              0000000180044c7a f   MSVCRT:atonexit.obj
 0001:00043ca0       _IsNonwritableInCurrentImage$filt$0 0000000180044ca0 f   MSVCRT:pesect.obj
