 Quadsim_sfun

 Timestamp is 52de2f89 (Tue Jan 21 10:27:53 2014)

 Preferred load address is 0000000180000000

 Start         Length     Name                   Class
 0001:00000000 0004e4a4H .text                   CODE
 0001:0004e4b0 00000092H .text$x                 CODE
 0002:00000000 000004b0H .idata$5                DATA
 0002:000004b0 00000008H .CRT$XCA                DATA
 0002:000004b8 00000008H .CRT$XCZ                DATA
 0002:000004c0 00000008H .CRT$XIA                DATA
 0002:000004c8 00000008H .CRT$XIAA               DATA
 0002:000004d0 00000008H .CRT$XIZ                DATA
 0002:000004e0 00004c3cH .rdata                  DATA
 0002:00005120 00000008H .rtc$IAA                DATA
 0002:00005128 00000008H .rtc$IZZ                DATA
 0002:00005130 00000008H .rtc$TAA                DATA
 0002:00005138 00000008H .rtc$TZZ                DATA
 0002:00005140 000045b4H .xdata                  DATA
 0002:000096f4 000000a0H .idata$2                DATA
 0002:00009794 00000014H .idata$3                DATA
 0002:000097a8 000004b0H .idata$4                DATA
 0002:00009c58 00000aecH .idata$6                DATA
 0002:0000a750 00000052H .edata                  DATA
 0003:00000000 00005da8H .data                   DATA
 0003:00005dc0 000026f8H .bss                    DATA
 0004:00000000 00003834H .pdata                  DATA

  Address         Publics by Value              Rva+Base               Lib:Object

 0000:00000000       ___safe_se_handler_count   0000000000000000     <absolute>
 0000:00000000       ___safe_se_handler_table   0000000000000000     <absolute>
 0000:00000000       __ImageBase                0000000180000000     <linker-defined>
 0001:00000000       sf_c1_Quadsim_get_eml_resolved_functions_info 0000000180001000 f   c1_Quadsim.obj
 0001:00000480       sf_c1_Quadsim_get_check_sum 0000000180001480 f   c1_Quadsim.obj
 0001:00000500       sf_c1_Quadsim_get_autoinheritance_info 0000000180001500 f   c1_Quadsim.obj
 0001:00000a70       sf_internal_get_sim_state_c1_Quadsim 0000000180001a70 f   c1_Quadsim.obj
 0001:00000ef0       sf_internal_set_sim_state_c1_Quadsim 0000000180001ef0 f   c1_Quadsim.obj
 0001:00001520       c1_Quadsim_method_dispatcher 0000000180002520 f   c1_Quadsim.obj
 0001:000044d0       sf_c2_Quadsim_get_eml_resolved_functions_info 00000001800054d0 f   c2_Quadsim.obj
 0001:000050c0       sf_c2_Quadsim_get_check_sum 00000001800060c0 f   c2_Quadsim.obj
 0001:00005140       sf_c2_Quadsim_get_autoinheritance_info 0000000180006140 f   c2_Quadsim.obj
 0001:00005560       sf_internal_get_sim_state_c2_Quadsim 0000000180006560 f   c2_Quadsim.obj
 0001:00005920       sf_internal_set_sim_state_c2_Quadsim 0000000180006920 f   c2_Quadsim.obj
 0001:00005e00       c2_Quadsim_method_dispatcher 0000000180006e00 f   c2_Quadsim.obj
 0001:00009740       sf_c3_Quadsim_get_eml_resolved_functions_info 000000018000a740 f   c3_Quadsim.obj
 0001:00009c50       sf_c3_Quadsim_get_check_sum 000000018000ac50 f   c3_Quadsim.obj
 0001:00009cd0       sf_c3_Quadsim_get_autoinheritance_info 000000018000acd0 f   c3_Quadsim.obj
 0001:0000a0f0       sf_internal_get_sim_state_c3_Quadsim 000000018000b0f0 f   c3_Quadsim.obj
 0001:0000a440       sf_internal_set_sim_state_c3_Quadsim 000000018000b440 f   c3_Quadsim.obj
 0001:0000a840       c3_Quadsim_method_dispatcher 000000018000b840 f   c3_Quadsim.obj
 0001:0000c760       sf_c4_Quadsim_get_eml_resolved_functions_info 000000018000d760 f   c4_Quadsim.obj
 0001:0000cbe0       sf_c4_Quadsim_get_check_sum 000000018000dbe0 f   c4_Quadsim.obj
 0001:0000cc60       sf_c4_Quadsim_get_autoinheritance_info 000000018000dc60 f   c4_Quadsim.obj
 0001:0000dac0       sf_internal_get_sim_state_c4_Quadsim 000000018000eac0 f   c4_Quadsim.obj
 0001:0000e050       sf_internal_set_sim_state_c4_Quadsim 000000018000f050 f   c4_Quadsim.obj
 0001:0000e530       c4_Quadsim_method_dispatcher 000000018000f530 f   c4_Quadsim.obj
 0001:000112b0       sf_c5_Quadsim_get_eml_resolved_functions_info 00000001800122b0 f   c5_Quadsim.obj
 0001:00011de0       sf_c5_Quadsim_get_check_sum 0000000180012de0 f   c5_Quadsim.obj
 0001:00011e60       sf_c5_Quadsim_get_autoinheritance_info 0000000180012e60 f   c5_Quadsim.obj
 0001:000128f0       sf_internal_get_sim_state_c5_Quadsim 00000001800138f0 f   c5_Quadsim.obj
 0001:00012e80       sf_internal_set_sim_state_c5_Quadsim 0000000180013e80 f   c5_Quadsim.obj
 0001:00013360       c5_Quadsim_method_dispatcher 0000000180014360 f   c5_Quadsim.obj
 0001:00016a20       sf_c6_Quadsim_get_eml_resolved_functions_info 0000000180017a20 f   c6_Quadsim.obj
 0001:00017a70       sf_c6_Quadsim_get_check_sum 0000000180018a70 f   c6_Quadsim.obj
 0001:00017af0       sf_c6_Quadsim_get_autoinheritance_info 0000000180018af0 f   c6_Quadsim.obj
 0001:00017f10       sf_internal_get_sim_state_c6_Quadsim 0000000180018f10 f   c6_Quadsim.obj
 0001:000182d0       sf_internal_set_sim_state_c6_Quadsim 00000001800192d0 f   c6_Quadsim.obj
 0001:000187a0       c6_Quadsim_method_dispatcher 00000001800197a0 f   c6_Quadsim.obj
 0001:0001baa0       sf_process_check_sum_call  000000018001caa0 f   Quadsim_sfun_registry.obj
 0001:0001baf0       sf_process_autoinheritance_call 000000018001caf0 f   Quadsim_sfun_registry.obj
 0001:0001bc90       sf_process_get_eml_resolved_functions_info_call 000000018001cc90 f   Quadsim_sfun_registry.obj
 0001:0001be10       sf_mex_unlock_call         000000018001ce10 f   Quadsim_sfun_registry.obj
 0001:0001bec0       sf_machine_global_initializer_called 000000018001cec0 f   Quadsim_sfun_registry.obj
 0001:0001bef0       sf_machine_global_method_dispatcher 000000018001cef0 f   Quadsim_sfun_registry.obj
 0001:0001bf50       sf_machine_global_terminator 000000018001cf50 f   Quadsim_sfun_registry.obj
 0001:0001bf90       sf_register_machine_exported_symbols 000000018001cf90 f   Quadsim_sfun_registry.obj
 0001:0001bfb0       callCustomFcn              000000018001cfb0 f   Quadsim_sfun_registry.obj
 0001:0001bfc0       sf_machine_global_initializer 000000018001cfc0 f   Quadsim_sfun_registry.obj
 0001:0001c030       _ssSetStateAbsTol          000000018001d030 f   Quadsim_sfun_registry.obj
 0001:0001c110       _ssGetAbsTol               000000018001d110 f   Quadsim_sfun_registry.obj
 0001:0001c180       _ssSetInputPortMatrixDimensions 000000018001d180 f   Quadsim_sfun_registry.obj
 0001:0001c290       _ssSetOutputPortMatrixDimensions 000000018001d290 f   Quadsim_sfun_registry.obj
 0001:0001c3a0       _ssSetInputPortVectorDimension 000000018001d3a0 f   Quadsim_sfun_registry.obj
 0001:0001c470       _ssSetOutputPortVectorDimension 000000018001d470 f   Quadsim_sfun_registry.obj
 0001:0001c540       ssIsRunTimeParamTunable    000000018001d540 f   Quadsim_sfun_registry.obj
 0001:0001c5b0       ssGetSFuncBlockHandle      000000018001d5b0 f   Quadsim_sfun_registry.obj
 0001:0001c620       _ssGetCurrentInputPortWidth 000000018001d620 f   Quadsim_sfun_registry.obj
 0001:0001c740       _ssGetCurrentOutputPortWidth 000000018001d740 f   Quadsim_sfun_registry.obj
 0001:0001c860       _ssGetCallSystemNumFcnCallDestinations 000000018001d860 f   Quadsim_sfun_registry.obj
 0001:0001c8d0       ssWarning                  000000018001d8d0 f   Quadsim_sfun_registry.obj
 0001:0001c9e0       ssGetIsZeroCrossControlDisabled 000000018001d9e0 f   Quadsim_sfun_registry.obj
 0001:0001ca50       ssSetIsInputPortUsedForContZcSignal 000000018001da50 f   Quadsim_sfun_registry.obj
 0001:0001cac0       ssSetZcSignalIsZcElementDisc 000000018001dac0 f   Quadsim_sfun_registry.obj
 0001:0001cb70       ssSetZcSignalName          000000018001db70 f   Quadsim_sfun_registry.obj
 0001:0001cbe0       ssSetZcSignalWidth         000000018001dbe0 f   Quadsim_sfun_registry.obj
 0001:0001cc50       ssSetZcSignalZcEventType   000000018001dc50 f   Quadsim_sfun_registry.obj
 0001:0001ccc0       ssSetZcSignalType          000000018001dcc0 f   Quadsim_sfun_registry.obj
 0001:0001cd30       ssSetZcSignalZcTol         000000018001dd30 f   Quadsim_sfun_registry.obj
 0001:0001cda0       ssSetZcSignalNeedsEventNotification 000000018001dda0 f   Quadsim_sfun_registry.obj
 0001:0001ce10       ssCreateAndAddZcSignalInfo 000000018001de10 f   Quadsim_sfun_registry.obj
 0001:0001ce80       ssCloneAndAddZcSignalInfo  000000018001de80 f   Quadsim_sfun_registry.obj
 0001:0001cef0       ssGetNumZcSignals          000000018001def0 f   Quadsim_sfun_registry.obj
 0001:0001cf60       ssGetZcSignalVector        000000018001df60 f   Quadsim_sfun_registry.obj
 0001:0001cfd0       ssGetZcSignalZcEvents      000000018001dfd0 f   Quadsim_sfun_registry.obj
 0001:0001d040       ssGetZcSignalName          000000018001e040 f   Quadsim_sfun_registry.obj
 0001:0001d0b0       ssGetZcSignalWidth         000000018001e0b0 f   Quadsim_sfun_registry.obj
 0001:0001d120       ssGetZcSignalZcEventType   000000018001e120 f   Quadsim_sfun_registry.obj
 0001:0001d190       ssGetZcSignalType          000000018001e190 f   Quadsim_sfun_registry.obj
 0001:0001d200       ssGetZcSignalZcTol         000000018001e200 f   Quadsim_sfun_registry.obj
 0001:0001d280       ssGetZcSignalNeedsEventNotification 000000018001e280 f   Quadsim_sfun_registry.obj
 0001:0001d2f0       ssGetZcSignalIsZcElementDisc 000000018001e2f0 f   Quadsim_sfun_registry.obj
 0001:0001d390       ssGetIsInputPortElementContinuous 000000018001e390 f   Quadsim_sfun_registry.obj
 0001:0001d430       _ssGetInputPortSignalPtrsFcn 000000018001e430 f   Quadsim_sfun_registry.obj
 0001:0001d6f0       _ssGetInputPortSignalFcn   000000018001e6f0 f   Quadsim_sfun_registry.obj
 0001:0001d910       _ssSetInputPortDirectFeedThroughFcn 000000018001e910 f   Quadsim_sfun_registry.obj
 0001:0001da70       _ssSetInputPortReusableFcn 000000018001ea70 f   Quadsim_sfun_registry.obj
 0001:0001db60       _ssSetOutputPortReusableFcn 000000018001eb60 f   Quadsim_sfun_registry.obj
 0001:0001dc40       ssGetDTypeIdFromMxArray    000000018001ec40 f   Quadsim_sfun_registry.obj
 0001:0001dd60       ssWriteRTWStr              000000018001ed60 f   Quadsim_sfun_registry.obj
 0001:0001ddc0       ssWriteRTWMxVectParam      000000018001edc0 f   Quadsim_sfun_registry.obj
 0001:0001de20       ssWriteRTWMx2dMatParam     000000018001ee20 f   Quadsim_sfun_registry.obj
 0001:0001dea0       ssWriteRTWNameValuePair    000000018001eea0 f   Quadsim_sfun_registry.obj
 0001:0001e390       ssWriteRTWParameters       000000018001f390 f   Quadsim_sfun_registry.obj
 0001:0001e990       ssWriteRTWParamSettings    000000018001f990 f   Quadsim_sfun_registry.obj
 0001:0001f060       ssWriteRTWWorkVect         0000000180020060 f   Quadsim_sfun_registry.obj
 0001:0001f560       mexFunction                0000000180020560 f   Quadsim_sfun_registry.obj
 0001:00021220       ProcessMexSfunctionEveryCall 0000000180022220 f   Quadsim_sfun_registry.obj
 0001:00021390       Quadsim_initializer        0000000180022390 f   Quadsim_sfun.obj
 0001:000213a0       Quadsim_terminator         00000001800223a0 f   Quadsim_sfun.obj
 0001:000213b0       sf_Quadsim_method_dispatcher 00000001800223b0 f   Quadsim_sfun.obj
 0001:000214a0       sf_Quadsim_process_check_sum_call 00000001800224a0 f   Quadsim_sfun.obj
 0001:00021930       sf_Quadsim_autoinheritance_info 0000000180022930 f   Quadsim_sfun.obj
 0001:00021c40       sf_Quadsim_get_eml_resolved_functions_info 0000000180022c40 f   Quadsim_sfun.obj
 0001:00021ec0       Quadsim_debug_initialize   0000000180022ec0 f   Quadsim_sfun.obj
 0001:00021f30       Quadsim_register_exported_symbols 0000000180022f30 f   Quadsim_sfun.obj
 0001:00021f40       load_Quadsim_optimization_info 0000000180022f40 f   Quadsim_sfun.obj
 0001:00021f90       unload_Quadsim_optimization_info 0000000180022f90 f   Quadsim_sfun.obj
 0001:000220b0       sf_mex_mx_is_numeric       00000001800230b0 f   sfc_mex:sfc_mex.obj
 0001:000220f0       strcmp_ignore_ws           00000001800230f0 f   sfc_mex:sfc_mex.obj
 0001:00022230       sf_mex_duplicatearraysafe  0000000180023230 f   sfc_mex:sfc_mex.obj
 0001:00022390       sf_set_error_debugger_context_message_fcn 0000000180023390 f   sfc_mex:sfc_mex.obj
 0001:000223a0       sf_set_debugger_matlab_error_fcn 00000001800233a0 f   sfc_mex:sfc_mex.obj
 0001:000223d0       sf_set_error_prefix_string 00000001800233d0 f   sfc_mex:sfc_mex.obj
 0001:00022400       sf_get_error_prefix_string 0000000180023400 f   sfc_mex:sfc_mex.obj
 0001:00022410       sf_mex_enter_parallel_region 0000000180023410 f   sfc_mex:sfc_mex.obj
 0001:00022420       sf_mex_exit_parallel_region 0000000180023420 f   sfc_mex:sfc_mex.obj
 0001:00022430       sf_get_current_jmp_buf_ptr 0000000180023430 f   sfc_mex:sfc_mex.obj
 0001:00022440       sf_set_current_jmp_buf_ptr 0000000180023440 f   sfc_mex:sfc_mex.obj
 0001:00022450       sf_mex_set_halt_simulation 0000000180023450 f   sfc_mex:sfc_mex.obj
 0001:00022460       sf_mex_get_halt_simulation 0000000180023460 f   sfc_mex:sfc_mex.obj
 0001:00022470       sf_mex_clear_error_message 0000000180023470 f   sfc_mex:sfc_mex.obj
 0001:00022490       sf_mex_get_error_message_for_read 0000000180023490 f   sfc_mex:sfc_mex.obj
 0001:000224a0       sf_mex_get_error_message_buffer_length 00000001800234a0 f   sfc_mex:sfc_mex.obj
 0001:00022580       sf_mex_warning_message     0000000180023580 f   sfc_mex:sfc_mex.obj
 0001:000225f0       sf_mex_v_errbuf_createf    00000001800235f0 f   sfc_mex:sfc_mex.obj
 0001:00022600       sf_mex_errbuf_createf      0000000180023600 f   sfc_mex:sfc_mex.obj
 0001:00022630       sf_mex_v_errbuf_catf       0000000180023630 f   sfc_mex:sfc_mex.obj
 0001:00022670       sf_mex_errbuf_catf         0000000180023670 f   sfc_mex:sfc_mex.obj
 0001:000226c0       sf_mex_errbuf_copy         00000001800236c0 f   sfc_mex:sfc_mex.obj
 0001:000226d0       sf_mex_errbuf_clear        00000001800236d0 f   sfc_mex:sfc_mex.obj
 0001:000226e0       sf_mex_errbuf_isempty      00000001800236e0 f   sfc_mex:sfc_mex.obj
 0001:000227f0       sf_mex_set_error_status    00000001800237f0 f   sfc_mex:sfc_mex.obj
 0001:00022840       sf_mex_error_direct_call   0000000180023840 f   sfc_mex:sfc_mex.obj
 0001:00022860       sf_mex_error_message_no_long_jump 0000000180023860 f   sfc_mex:sfc_mex.obj
 0001:00022880       sf_mex_long_jump_on_error  0000000180023880 f   sfc_mex:sfc_mex.obj
 0001:000228b0       sf_mex_call_matlab         00000001800238b0 f   sfc_mex:sfc_mex.obj
 0001:000229d0       sf_mex_check_builtin       00000001800239d0 f   sfc_mex:sfc_mex.obj
 0001:00022a70       sf_mex_check_builtin_vs    0000000180023a70 f   sfc_mex:sfc_mex.obj
 0001:00022b30       sf_mex_check_enum          0000000180023b30 f   sfc_mex:sfc_mex.obj
 0001:00022bb0       sf_mex_create_enum         0000000180023bb0 f   sfc_mex:sfc_mex.obj
 0001:00022c20       sf_mex_get_enum_element    0000000180023c20 f   sfc_mex:sfc_mex.obj
 0001:00022c30       sf_mex_createcellarray     0000000180023c30 f   sfc_mex:sfc_mex.obj
 0001:00022c40       sf_mex_setcell             0000000180023c40 f   sfc_mex:sfc_mex.obj
 0001:00022c50       sf_mex_getcell             0000000180023c50 f   sfc_mex:sfc_mex.obj
 0001:00022c60       sf_mex_dup                 0000000180023c60 f   sfc_mex:sfc_mex.obj
 0001:00022c80       sf_mex_assign              0000000180023c80 f   sfc_mex:sfc_mex.obj
 0001:00022d00       sf_mex_destroy             0000000180023d00 f   sfc_mex:sfc_mex.obj
 0001:00022d30       mx_array_has_fi_type       0000000180023d30 f   sfc_mex:sfc_mex.obj
 0001:00022d60       sf_mex_convert_from_fi     0000000180023d60 f   sfc_mex:sfc_mex.obj
 0001:00022e90       sf_mex_convert_to_double   0000000180023e90 f   sfc_mex:sfc_mex.obj
 0001:00022fb0       sf_mex_import_fi_vs        0000000180023fb0 f   sfc_mex:sfc_mex.obj
 0001:00023170       sf_matrix_matrix_index_ok  0000000180024170 f   sfc_mex:sfc_mex.obj
 0001:00023200       sf_vector_vector_index_ok  0000000180024200 f   sfc_mex:sfc_mex.obj
 0001:00023230       ssGetCurrentInputPortDimensions_wrapper 0000000180024230 f   sfc_mex:sfc_mex.obj
 0001:00023250       ssGetCurrentOutputPortDimensions_wrapper 0000000180024250 f   sfc_mex:sfc_mex.obj
 0001:00023270       sf_mex_emlrt_context_is_debug_mode 0000000180024270 f   sfc_mex:sfc_mex.obj
 0001:00023280       sf_mex_emlrt_context_set_debug_mode 0000000180024280 f   sfc_mex:sfc_mex.obj
 0001:00023290       sf_mex_emlrtNameCapturePostProcessR2012a 0000000180024290 f   sfc_mex:sfc_mex.obj
 0001:00023300       sf_clear_error_manager_info 0000000180024300 f   sfc_mex:sfc_mex.obj
 0001:00023360       sf_mex_stop_simulation_abruptly_wo_error 0000000180024360 f   sfc_mex:sfc_mex.obj
 0001:000233a0       sf_mex_error_message       00000001800243a0 f   sfc_mex:sfc_mex.obj
 0001:00023400       sf_react_to_error_in_matlab_call 0000000180024400 f   sfc_mex:sfc_mex.obj
 0001:00023430       sf_mex_addfield            0000000180024430 f   sfc_mex:sfc_mex.obj
 0001:000234d0       sf_mex_getfield            00000001800244d0 f   sfc_mex:sfc_mex.obj
 0001:000237d0       sf_mex_check_class         00000001800247d0 f   sfc_mex:sfc_mex.obj
 0001:00023870       sf_mex_is_real             0000000180024870 f   sfc_mex:sfc_mex.obj
 0001:00023ce0       sf_mex_decode_encoded_mx_struct_array 0000000180024ce0 f   sfc_mex:sfc_mex.obj
 0001:00023fc0       sf_mex_lw_bounds_check     0000000180024fc0 f   sfc_mex:sfc_mex.obj
 0001:00023ff0       sf_mex_lw_size_eq_check_1d 0000000180024ff0 f   sfc_mex:sfc_mex.obj
 0001:00024010       sf_mex_lw_size_eq_check_nd 0000000180025010 f   sfc_mex:sfc_mex.obj
 0001:000241f0       sf_mex_lw_dim_size_eq_check 00000001800251f0 f   sfc_mex:sfc_mex.obj
 0001:00024220       sf_mex_lw_dim_size_geq_check 0000000180025220 f   sfc_mex:sfc_mex.obj
 0001:00024250       sf_mex_lw_sub_assign_size_check_nd 0000000180025250 f   sfc_mex:sfc_mex.obj
 0001:00024480       sf_mex_lw_runtime_error_msgid 0000000180025480 f   sfc_mex:sfc_mex.obj
 0001:00024570       sf_mex_lw_matrix_matrix_index_check 0000000180025570 f   sfc_mex:sfc_mex.obj
 0001:00024590       sf_mex_lw_vector_vector_index_check 0000000180025590 f   sfc_mex:sfc_mex.obj
 0001:000245d0       sf_mex_lw_for_loop_vector_check 00000001800255d0 f   sfc_mex:sfc_mex.obj
 0001:00024660       sf_mex_lw_non_negative_check 0000000180025660 f   sfc_mex:sfc_mex.obj
 0001:000246a0       sf_mex_overflow_error      00000001800256a0 f   sfc_mex:sfc_mex.obj
 0001:000246b0       sf_mex_dividebyzero_error  00000001800256b0 f   sfc_mex:sfc_mex.obj
 0001:000246c0       sf_mex_unsafe_enum_error   00000001800256c0 f   sfc_mex:sfc_mex.obj
 0001:000246d0       sf_emlrtErrHandler         00000001800256d0 f   sfc_mex:sfc_mex.obj
 0001:000247b0       sf_mex_size_one_check      00000001800257b0 f   sfc_mex:sfc_mex.obj
 0001:000247d0       sf_mex_printf              00000001800257d0 f   sfc_mex:sfc_mex.obj
 0001:000249a0       sf_mex_check_size          00000001800259a0 f   sfc_mex:sfc_mex.obj
 0001:00024c70       sf_mex_check_struct        0000000180025c70 f   sfc_mex:sfc_mex.obj
 0001:00024ed0       sf_mex_check_struct_vs     0000000180025ed0 f   sfc_mex:sfc_mex.obj
 0001:00024f60       sf_mex_check_fi            0000000180025f60 f   sfc_mex:sfc_mex.obj
 0001:00025060       sf_mex_check_fi_vs         0000000180026060 f   sfc_mex:sfc_mex.obj
 0001:00025100       sf_echo_expression         0000000180026100 f   sfc_mex:sfc_mex.obj
 0001:00025160       sf_assertion_failed        0000000180026160 f   sfc_mex:sfc_mex.obj
 0001:00025440       sf_mex_evalin              0000000180026440 f   sfc_mex:sfc_mex.obj
 0001:000256b0       sf_mex_export              00000001800266b0 f   sfc_mex:sfc_mex.obj
 0001:00025770       sf_mex_get_ml_var_no_error 0000000180026770 f   sfc_mex:sfc_mex.obj
 0001:00025910       sf_mex_get_ml_var          0000000180026910 f   sfc_mex:sfc_mex.obj
 0001:00025db0       ml_set_element_value_in_array 0000000180026db0 f   sfc_mex:sfc_mex.obj
 0001:00027480       sf_mex_call_impl           0000000180028480 f   sfc_mex:sfc_mex.obj
 0001:000279b0       sf_mex_call_debug          00000001800289b0 f   sfc_mex:sfc_mex.obj
 0001:000279e0       sf_mex_call                00000001800289e0 f   sfc_mex:sfc_mex.obj
 0001:00028030       sf_mex_createstruct        0000000180029030 f   sfc_mex:sfc_mex.obj
 0001:00028120       sf_mex_createstructarray   0000000180029120 f   sfc_mex:sfc_mex.obj
 0001:000281a0       sf_mex_get_mx_datatype_from_sf_datatype 00000001800291a0 f   sfc_mex:sfc_mex.obj
 0001:000284b0       sf_mex_ml_var_sub          00000001800294b0 f   sfc_mex:sfc_mex.obj
 0001:00028680       sf_mex_ml_var_subsasgn     0000000180029680 f   sfc_mex:sfc_mex.obj
 0001:00028a70       sf_mex_sub                 0000000180029a70 f   sfc_mex:sfc_mex.obj
 0001:00028c70       sf_mex_subsasgn            0000000180029c70 f   sfc_mex:sfc_mex.obj
 0001:00029150       sf_mex_create              000000018002a150 f   sfc_mex:sfc_mex.obj
 0001:00029ba0       sf_mex_import_named        000000018002aba0 f   sfc_mex:sfc_mex.obj
 0001:00029c00       sf_mex_import              000000018002ac00 f   sfc_mex:sfc_mex.obj
 0001:00029c50       sf_mex_import_vs           000000018002ac50 f   sfc_mex:sfc_mex.obj
 0001:00029d60       sf_mex_lower_fixpt_mx_array 000000018002ad60 f   sfc_mex:sfc_mex.obj
 0001:0002a050       sf_send_message_wrapper    000000018002b050 f   sfc_mex:sfc_sf.obj
 0001:0002a080       sf_receive_message_wrapper 000000018002b080 f   sfc_mex:sfc_sf.obj
 0001:0002a0c0       sf_check_out_message_wrapper 000000018002b0c0 f   sfc_mex:sfc_sf.obj
 0001:0002a100       sf_check_in_message_wrapper 000000018002b100 f   sfc_mex:sfc_sf.obj
 0001:0002a140       sf_no_message_wrapper      000000018002b140 f   sfc_mex:sfc_sf.obj
 0001:0002a4d0       sim_mode_is_rtw_gen        000000018002b4d0 f   sfc_mex:sfc_sf.obj
 0001:0002a500       sim_mode_is_external       000000018002b500 f   sfc_mex:sfc_sf.obj
 0001:0002a510       sim_mode_is_modelref_sim   000000018002b510 f   sfc_mex:sfc_sf.obj
 0001:0002a530       mdlInitializeSizes         000000018002b530 f   sfc_mex:sfc_sf.obj
 0001:0002a550       mdlInitializeSampleTimes   000000018002b550 f   sfc_mex:sfc_sf.obj
 0001:0002a590       mdlZeroCrossings           000000018002b590 f   sfc_mex:sfc_sf.obj
 0001:0002a670       mdlDerivatives             000000018002b670 f   sfc_mex:sfc_sf.obj
 0001:0002a720       mdl_initialize_conditions_processing 000000018002b720 f   sfc_mex:sfc_sf.obj
 0001:0002a750       mdlInitializeConditions    000000018002b750 f   sfc_mex:sfc_sf.obj
 0001:0002a810       mdlGetSimState             000000018002b810 f   sfc_mex:sfc_sf.obj
 0001:0002a820       mdlSetSimState             000000018002b820 f   sfc_mex:sfc_sf.obj
 0001:0002a830       mdl_ext_mode_exec_processing 000000018002b830 f   sfc_mex:sfc_sf.obj
 0001:0002a850       mdlExtModeExec             000000018002b850 f   sfc_mex:sfc_sf.obj
 0001:0002a9e0       mdlTerminate               000000018002b9e0 f   sfc_mex:sfc_sf.obj
 0001:0002aa50       mdlRTW                     000000018002ba50 f   sfc_mex:sfc_sf.obj
 0001:0002aa80       mdlSetWorkWidths           000000018002ba80 f   sfc_mex:sfc_sf.obj
 0001:0002aa90       mdlProcessParameters       000000018002ba90 f   sfc_mex:sfc_sf.obj
 0001:0002aaa0       mdl_start_processing       000000018002baa0 f   sfc_mex:sfc_sf.obj
 0001:0002ab00       mdlStart                   000000018002bb00 f   sfc_mex:sfc_sf.obj
 0001:0002ac10       mdlEnable                  000000018002bc10 f   sfc_mex:sfc_sf.obj
 0001:0002ace0       mdlDisable                 000000018002bce0 f   sfc_mex:sfc_sf.obj
 0001:0002ad90       sf_get_chart_instance_ptr  000000018002bd90 f   sfc_mex:sfc_sf.obj
 0001:0002adb0       sf_load_rtw_optimization_info 000000018002bdb0 f   sfc_mex:sfc_sf.obj
 0001:0002ae80       sf_rtw_info_uint_prop      000000018002be80 f   sfc_mex:sfc_sf.obj
 0001:0002afc0       sf_is_chart_inlinable      000000018002bfc0 f   sfc_mex:sfc_sf.obj
 0001:0002afe0       sf_mark_output_events_with_multiple_callers 000000018002bfe0 f   sfc_mex:sfc_sf.obj
 0001:0002b170       sf_mark_chart_reusable_outputs 000000018002c170 f   sfc_mex:sfc_sf.obj
 0001:0002b3d0       sf_mark_chart_expressionable_inputs 000000018002c3d0 f   sfc_mex:sfc_sf.obj
 0001:0002b630       sf_get_subchart_simstruct  000000018002c630 f   sfc_mex:sfc_sf.obj
 0001:0002b680       sf_get_fixpt_data_type_id  000000018002c680 f   sfc_mex:sfc_sf.obj
 0001:0002b6c0       sf_get_enum_data_type_id   000000018002c6c0 f   sfc_mex:sfc_sf.obj
 0001:0002b700       sf_get_param_data_type_id  000000018002c700 f   sfc_mex:sfc_sf.obj
 0001:0002b730       sf_mex_listen_for_ctrl_c_force 000000018002c730 f   sfc_mex:sfc_sf.obj
 0001:0002b840       sf_mex_draw_now            000000018002c840 f   sfc_mex:sfc_sf.obj
 0001:0002b880       sf_mex_set_debugger_sim_status_listener_fcn 000000018002c880 f   sfc_mex:sfc_sf.obj
 0001:0002b890       sf_mex_listen_for_ctrl_c   000000018002c890 f   sfc_mex:sfc_sf.obj
 0001:0002b920       sf_mex_get_sfun_param      000000018002c920 f   sfc_mex:sfc_sf.obj
 0001:0002b970       sf_get_runtime_param_data  000000018002c970 f   sfc_mex:sfc_sf.obj
 0001:0002b9b0       sf_call_output_fcn_call    000000018002c9b0 f   sfc_mex:sfc_sf.obj
 0001:0002baf0       sf_call_output_fcn_enable  000000018002caf0 f   sfc_mex:sfc_sf.obj
 0001:0002bb80       sf_call_output_fcn_disable 000000018002cb80 f   sfc_mex:sfc_sf.obj
 0001:0002bc10       sf_clear_rtw_identifier    000000018002cc10 f   sfc_mex:sfc_sf.obj
 0001:0002c400       sf_set_encoded_dwork_info  000000018002d400 f   sfc_mex:sfc_sf.obj
 0001:0002c450       sf_get_dwork_info_from_mat_file 000000018002d450 f   sfc_mex:sfc_sf.obj
 0001:0002c610       sf_set_rtw_dwork_info      000000018002d610 f   sfc_mex:sfc_sf.obj
 0001:0002c780       mdlOutputs                 000000018002d780 f   sfc_mex:sfc_sf.obj
 0001:0002c920       sf_debug_disp              000000018002d920 f   sfc_debug:sfcdebug.obj
 0001:0002cb80       sf_debug_data_runtime_size_mismatch_error_check 000000018002db80 f   sfc_debug:sfcdebug.obj
 0001:0002cc20       sf_debug_try_loading_machine 000000018002dc20 f   sfc_debug:sfcdebug.obj
 0001:0002cd20       sf_debug_reset_current_state_configuration 000000018002dd20 f   sfc_debug:sfcdebug.obj
 0001:0002cdb0       sf_debug_store_current_state_configuration 000000018002ddb0 f   sfc_debug:sfcdebug.obj
 0001:0002ce40       sf_debug_restore_previous_state_configuration 000000018002de40 f   sfc_debug:sfcdebug.obj
 0001:0002ced0       sf_debug_restore_previous_state_configuration2 000000018002ded0 f   sfc_debug:sfcdebug.obj
 0001:0002cf60       sf_debug_get_event_scope   000000018002df60 f   sfc_debug:sfcdebug.obj
 0001:0002d0d0       use_debugger_step_animation 000000018002e0d0 f   sfc_debug:sfcdebug.obj
 0001:0002d0f0       sf_debug_get_script_id     000000018002e0f0 f   sfc_debug:sfcdebug.obj
 0001:0002d180       sf_debug_set_script_translation 000000018002e180 f   sfc_debug:sfcdebug.obj
 0001:0002d300       sf_debug_extract_message_post_receive_info 000000018002e300 f   sfc_debug:sfcdebug.obj
 0001:0002d400       sf_debug_get_current_machine_id 000000018002e400 f   sfc_debug:sfcdebug.obj
 0001:0002d420       sf_debug_get_current_optional_integer 000000018002e420 f   sfc_debug:sfcdebug.obj
 0001:0002d430       sf_debug_get_current_machine_number 000000018002e430 f   sfc_debug:sfcdebug.obj
 0001:0002d450       sf_debug_get_current_machine_name 000000018002e450 f   sfc_debug:sfcdebug.obj
 0001:0002d470       sf_debug_get_current_chart_id 000000018002e470 f   sfc_debug:sfcdebug.obj
 0001:0002d4c0       sf_debug_get_current_chart_number 000000018002e4c0 f   sfc_debug:sfcdebug.obj
 0001:0002d4d0       sf_debug_get_current_instance_number 000000018002e4d0 f   sfc_debug:sfcdebug.obj
 0001:0002d4e0       sf_debug_get_current_is_minor_time_step 000000018002e4e0 f   sfc_debug:sfcdebug.obj
 0001:0002d560       sf_debug_get_current_object_type 000000018002e560 f   sfc_debug:sfcdebug.obj
 0001:0002d570       sf_debug_get_current_instance_handle 000000018002e570 f   sfc_debug:sfcdebug.obj
 0001:0002d5d0       sf_debug_get_current_event_type 000000018002e5d0 f   sfc_debug:sfcdebug.obj
 0001:0002d5e0       sf_debug_get_current_object_id 000000018002e5e0 f   sfc_debug:sfcdebug.obj
 0001:0002d620       sf_debug_get_current_active_event_type 000000018002e620 f   sfc_debug:sfcdebug.obj
 0001:0002d630       sf_debug_get_current_active_event_id 000000018002e630 f   sfc_debug:sfcdebug.obj
 0001:0002d670       sf_debug_get_current_tag_type 000000018002e670 f   sfc_debug:sfcdebug.obj
 0001:0002d680       sf_debug_get_current_simulation_time 000000018002e680 f   sfc_debug:sfcdebug.obj
 0001:0002d690       sf_debug_get_current_coverage_percentage 000000018002e690 f   sfc_debug:sfcdebug.obj
 0001:0002d6a0       sf_debug_current_statement_context 000000018002e6a0 f   sfc_debug:sfcdebug.obj
 0001:0002d730       sf_debug_get_current_statement_info 000000018002e730 f   sfc_debug:sfcdebug.obj
 0001:0002d8b0       sf_debug_terminate_instance 000000018002e8b0 f   sfc_debug:sfcdebug.obj
 0001:0002dbf0       sf_debug_assertion_failed  000000018002ebf0 f   sfc_debug:sfcdebug.obj
 0001:0002de50       sf_debug_set_number_of_data_with_change_event_for_machine 000000018002ee50 f   sfc_debug:sfcdebug.obj
 0001:0002de90       sf_debug_set_machine_event_thresholds 000000018002ee90 f   sfc_debug:sfcdebug.obj
 0001:0002deb0       sf_debug_set_machine_event_scope 000000018002eeb0 f   sfc_debug:sfcdebug.obj
 0001:0002def0       sf_debug_set_machine_data_thresholds 000000018002eef0 f   sfc_debug:sfcdebug.obj
 0001:0002df30       sf_debug_set_machine_data_scope 000000018002ef30 f   sfc_debug:sfcdebug.obj
 0001:0002dfc0       sf_debug_set_machine_data_name 000000018002efc0 f   sfc_debug:sfcdebug.obj
 0001:0002e060       sf_debug_set_machine_data_size 000000018002f060 f   sfc_debug:sfcdebug.obj
 0001:0002e1a0       sf_debug_set_machine_data_type 000000018002f1a0 f   sfc_debug:sfcdebug.obj
 0001:0002e310       sf_debug_get_chart_data_number 000000018002f310 f   sfc_debug:sfcdebug.obj
 0001:0002e330       sf_debug_get_chart_event_number 000000018002f330 f   sfc_debug:sfcdebug.obj
 0001:0002e350       sf_debug_set_chart_state_info 000000018002f350 f   sfc_debug:sfcdebug.obj
 0001:0002e3d0       sf_debug_set_chart_decomposition 000000018002f3d0 f   sfc_debug:sfcdebug.obj
 0001:0002e440       sf_debug_set_chart_substate_count 000000018002f440 f   sfc_debug:sfcdebug.obj
 0001:0002e520       sf_debug_set_chart_substate_index 000000018002f520 f   sfc_debug:sfcdebug.obj
 0001:0002e590       sf_debug_set_chart_state_substate_count 000000018002f590 f   sfc_debug:sfcdebug.obj
 0001:0002e6a0       sf_debug_set_chart_state_substate_index 000000018002f6a0 f   sfc_debug:sfcdebug.obj
 0001:0002e720       sf_debug_set_number_of_data_with_change_event_for_chart 000000018002f720 f   sfc_debug:sfcdebug.obj
 0001:0002e7a0       sf_debug_set_number_of_states_with_entry_event_for_chart 000000018002f7a0 f   sfc_debug:sfcdebug.obj
 0001:0002e810       sf_debug_set_number_of_states_with_exit_event_for_chart 000000018002f810 f   sfc_debug:sfcdebug.obj
 0001:0002e880       sf_debug_set_chart_disable_implicit_casting 000000018002f880 f   sfc_debug:sfcdebug.obj
 0001:0002e8f0       sf_debug_set_chart_event_thresholds 000000018002f8f0 f   sfc_debug:sfcdebug.obj
 0001:0002e960       sf_debug_set_chart_data_compiled_props 000000018002f960 f   sfc_debug:sfcdebug.obj
 0001:0002ecb0       sf_debug_set_chart_data_props 000000018002fcb0 f   sfc_debug:sfcdebug.obj
 0001:0002efd0       sf_debug_check_fi_license  000000018002ffd0 f   sfc_debug:sfcdebug.obj
 0001:0002f1c0       sf_debug_symbol_scope_push 00000001800301c0 f   sfc_debug:sfcdebug.obj
 0001:0002f200       sf_debug_symbol_scope_push_eml 0000000180030200 f   sfc_debug:sfcdebug.obj
 0001:0002f250       sf_debug_symbol_scope_pop  0000000180030250 f   sfc_debug:sfcdebug.obj
 0001:0002f290       sf_debug_symbol_scope_add_importable 0000000180030290 f   sfc_debug:sfcdebug.obj
 0001:0002f310       sf_debug_symbol_scope_add  0000000180030310 f   sfc_debug:sfcdebug.obj
 0001:0002f390       sf_debug_symbol_scope_add_dyn_importable 0000000180030390 f   sfc_debug:sfcdebug.obj
 0001:0002f450       sf_debug_symbol_scope_add_dyn 0000000180030450 f   sfc_debug:sfcdebug.obj
 0001:0002f480       sf_debug_symbol_scope_add_eml_importable 0000000180030480 f   sfc_debug:sfcdebug.obj
 0001:0002f4c0       sf_debug_symbol_scope_add_eml 00000001800304c0 f   sfc_debug:sfcdebug.obj
 0001:0002f500       sf_debug_symbol_scope_add_eml_dyn_importable 0000000180030500 f   sfc_debug:sfcdebug.obj
 0001:0002f570       sf_debug_symbol_scope_add_eml_dyn 0000000180030570 f   sfc_debug:sfcdebug.obj
 0001:0002f5d0       sf_debug_symbol_switch     00000001800305d0 f   sfc_debug:sfcdebug.obj
 0001:0002f5f0       sf_debug_symbol_scope_add_verbose 00000001800305f0 f   sfc_debug:sfcdebug.obj
 0001:0002f6c0       sf_debug_set_machine_data_value_ptr 00000001800306c0 f   sfc_debug:sfcdebug.obj
 0001:0002f700       sf_debug_set_instance_data_value_ptr 0000000180030700 f   sfc_debug:sfcdebug.obj
 0001:0002f7c0       sf_debug_unset_instance_data_value_ptr 00000001800307c0 f   sfc_debug:sfcdebug.obj
 0001:0002f870       sf_debug_set_chart_event_scope 0000000180030870 f   sfc_debug:sfcdebug.obj
 0001:0002f8f0       sf_debug_set_chart_transition_coverage_maps 00000001800308f0 f   sfc_debug:sfcdebug.obj
 0001:0002fa00       sf_debug_set_chart_state_coverage_maps 0000000180030a00 f   sfc_debug:sfcdebug.obj
 0001:0002fae0       sf_debug_set_instance_transition_coverage_weights 0000000180030ae0 f   sfc_debug:sfcdebug.obj
 0001:0002fb80       sf_debug_set_instance_state_coverage_weights 0000000180030b80 f   sfc_debug:sfcdebug.obj
 0001:0002fdd0       sf_debug_unload_machine    0000000180030dd0 f   sfc_debug:sfcdebug.obj
 0001:0002fe20       sf_debug_load_machine      0000000180030e20 f   sfc_debug:sfcdebug.obj
 0001:0002ff20       sf_debug_set_active_instance_in_data_dictionary 0000000180030f20 f   sfc_debug:sfcdebug.obj
 0001:00030100       sf_debug_set_active_instance 0000000180031100 f   sfc_debug:sfcdebug.obj
 0001:00030260       sf_debug_chart_visiblity_change 0000000180031260 f   sfc_debug:sfcdebug.obj
 0001:00030360       sf_debug_select_chart      0000000180031360 f   sfc_debug:sfcdebug.obj
 0001:000304d0       sf_debug_set_instance_cv_ids 00000001800314d0 f   sfc_debug:sfcdebug.obj
 0001:000307e0       sf_debug_select_charts     00000001800317e0 f   sfc_debug:sfcdebug.obj
 0001:00030970       sf_debug_initialized       0000000180031970 f   sfc_debug:sfcdebug.obj
 0001:00030980       sf_debug_is_uninterruptible 0000000180031980 f   sfc_debug:sfcdebug.obj
 0001:000309b0       sf_debug_initialize_debugger_gui 00000001800319b0 f   sfc_debug:sfcdebug.obj
 0001:00030da0       sf_debug_resume            0000000180031da0 f   sfc_debug:sfcdebug.obj
 0001:00030dc0       sf_debug_go                0000000180031dc0 f   sfc_debug:sfcdebug.obj
 0001:00030dd0       sf_debug_break             0000000180031dd0 f   sfc_debug:sfcdebug.obj
 0001:00030de0       sf_debug_step_over         0000000180031de0 f   sfc_debug:sfcdebug.obj
 0001:00030df0       sf_debug_step_out          0000000180031df0 f   sfc_debug:sfcdebug.obj
 0001:00030e00       sf_debug_set_disable_all_breakpoints 0000000180031e00 f   sfc_debug:sfcdebug.obj
 0001:00030e10       sf_debug_disable_all_breakpoints_and_go 0000000180031e10 f   sfc_debug:sfcdebug.obj
 0001:00030e20       sf_debug_break_on_chart_entry 0000000180031e20 f   sfc_debug:sfcdebug.obj
 0001:00030e30       sf_debug_break_on_event_broadcast 0000000180031e30 f   sfc_debug:sfcdebug.obj
 0001:00030e40       sf_debug_break_on_state_entry 0000000180031e40 f   sfc_debug:sfcdebug.obj
 0001:00030e50       sf_debug_break_between_times 0000000180031e50 f   sfc_debug:sfcdebug.obj
 0001:00030e70       sf_debug_browse_data       0000000180031e70 f   sfc_debug:sfcdebug.obj
 0001:00030e90       sf_debug_watch_data        0000000180031e90 f   sfc_debug:sfcdebug.obj
 0001:00030eb0       sf_debug_assign_data       0000000180031eb0 f   sfc_debug:sfcdebug.obj
 0001:00030ed0       sf_debug_whos              0000000180031ed0 f   sfc_debug:sfcdebug.obj
 0001:00030ef0       sf_debug_get_consistency_info 0000000180031ef0 f   sfc_debug:sfcdebug.obj
 0001:00030f00       sf_debug_browse_trace      0000000180031f00 f   sfc_debug:sfcdebug.obj
 0001:00030f10       sf_debug_set_breakpoints   0000000180031f10 f   sfc_debug:sfcdebug.obj
 0001:00031070       sf_debug_set_eml_breakpoints 0000000180032070 f   sfc_debug:sfcdebug.obj
 0001:000311d0       sf_debug_set_script_breakpoints 00000001800321d0 f   sfc_debug:sfcdebug.obj
 0001:00031250       sf_debug_add_script_breakpoints 0000000180032250 f   sfc_debug:sfcdebug.obj
 0001:000312c0       sf_debug_clear_script_breakpoints 00000001800322c0 f   sfc_debug:sfcdebug.obj
 0001:00031330       sf_debug_query_script_breakpoints 0000000180032330 f   sfc_debug:sfcdebug.obj
 0001:000313f0       sf_debug_get_eml_script_id 00000001800323f0 f   sfc_debug:sfcdebug.obj
 0001:00031440       sf_debug_set_watch         0000000180032440 f   sfc_debug:sfcdebug.obj
 0001:00031670       sf_debug_get_instance_handle 0000000180032670 f   sfc_debug:sfcdebug.obj
 0001:00031700       sf_debug_get_active_states 0000000180032700 f   sfc_debug:sfcdebug.obj
 0001:00031710       sf_debug_get_animation     0000000180032710 f   sfc_debug:sfcdebug.obj
 0001:00031720       sf_debug_set_animation     0000000180032720 f   sfc_debug:sfcdebug.obj
 0001:00031730       sf_debug_animate           0000000180032730 f   sfc_debug:sfcdebug.obj
 0001:00031760       sf_debug_cycle_detection_check 0000000180032760 f   sfc_debug:sfcdebug.obj
 0001:00031770       sf_debug_data_range_check  0000000180032770 f   sfc_debug:sfcdebug.obj
 0001:00031780       sf_debug_transition_conflict_check 0000000180032780 f   sfc_debug:sfcdebug.obj
 0001:00031790       sf_debug_state_consistency_check 0000000180032790 f   sfc_debug:sfcdebug.obj
 0001:000317a0       sf_debug_data_range_check_enabled 00000001800327a0 f   sfc_debug:sfcdebug.obj
 0001:000317c0       sf_debug_transition_conflict_check_enabled 00000001800327c0 f   sfc_debug:sfcdebug.obj
 0001:000317e0       sf_debug_transition_conflict_check_begin 00000001800327e0 f   sfc_debug:sfcdebug.obj
 0001:00031800       sf_debug_transition_conflict_check_end 0000000180032800 f   sfc_debug:sfcdebug.obj
 0001:00031820       sf_debug_stop_debugging    0000000180032820 f   sfc_debug:sfcdebug.obj
 0001:00031850       sf_debug_is_cycle_detected 0000000180032850 f   sfc_debug:sfcdebug.obj
 0001:00031860       sf_debug_is_array_bounds_detected 0000000180032860 f   sfc_debug:sfcdebug.obj
 0001:00031870       sf_debug_get_state_vectors_data_size 0000000180032870 f   sfc_debug:sfcdebug.obj
 0001:000318b0       sf_debug_get_state_vectors_data 00000001800328b0 f   sfc_debug:sfcdebug.obj
 0001:000319b0       sf_debug_set_state_vectors_data 00000001800329b0 f   sfc_debug:sfcdebug.obj
 0001:00031c70       sf_debug_get_script_index  0000000180032c70 f   sfc_debug:sfcdebug.obj
 0001:00031e00       sf_debug_add_script        0000000180032e00 f   sfc_debug:sfcdebug.obj
 0001:00031f90       cv_eval_point              0000000180032f90 f   sfc_debug:sfcdebug.obj
 0001:00032100       cv_eval_testobjective      0000000180033100 f   sfc_debug:sfcdebug.obj
 0001:00032220       sf_debug_cv_init_state     0000000180033220 f   sfc_debug:sfcdebug.obj
 0001:00032340       sf_debug_cv_init_chart     0000000180033340 f   sfc_debug:sfcdebug.obj
 0001:00032420       sf_debug_cv_init_trans     0000000180033420 f   sfc_debug:sfcdebug.obj
 0001:00032520       sf_debug_cv_init_testobjectives 0000000180033520 f   sfc_debug:sfcdebug.obj
 0001:00032700       cv_eml_init_script         0000000180033700 f   sfc_debug:sfcdebug.obj
 0001:00032810       cv_eml_init_fcn            0000000180033810 f   sfc_debug:sfcdebug.obj
 0001:000328c0       cv_eml_init_testobjective  00000001800338c0 f   sfc_debug:sfcdebug.obj
 0001:00032990       cv_eml_init_saturation     0000000180033990 f   sfc_debug:sfcdebug.obj
 0001:00032a50       cv_eml_init_if             0000000180033a50 f   sfc_debug:sfcdebug.obj
 0001:00032b20       cv_eml_init_for            0000000180033b20 f   sfc_debug:sfcdebug.obj
 0001:00032be0       cv_eml_init_while          0000000180033be0 f   sfc_debug:sfcdebug.obj
 0001:00032ca0       cv_eml_init_mcdc           0000000180033ca0 f   sfc_debug:sfcdebug.obj
 0001:00032db0       cv_eml_init_switch         0000000180033db0 f   sfc_debug:sfcdebug.obj
 0001:00032ea0       cv_eml_eval                0000000180033ea0 f   sfc_debug:sfcdebug.obj
 0001:00032f80       sf_debug_bm_is_a_eml_breakpoint 0000000180033f80 f   sfc_debug:sfcdebug.obj
 0001:000330d0       sf_debug_temporal_threshold 00000001800340d0 f   sfc_debug:sfcdebug.obj
 0001:00033430       sf_debug_transition_conflict_error 0000000180034430 f   sfc_debug:sfcdebug.obj
 0001:000337b0       sf_debug_state_inconsistency_error 00000001800347b0 f   sfc_debug:sfcdebug.obj
 0001:000338d0       sf_debug_check_for_state_inconsistency 00000001800348d0 f   sfc_debug:sfcdebug.obj
 0001:00033900       sf_debug_cycle_detecton_error 0000000180034900 f   sfc_debug:sfcdebug.obj
 0001:000340d0       sf_debug_size_eq_check_1d  00000001800350d0 f   sfc_debug:sfcdebug.obj
 0001:000340f0       sf_debug_size_eq_check_nd  00000001800350f0 f   sfc_debug:sfcdebug.obj
 0001:000342d0       sf_debug_dim_size_eq_check 00000001800352d0 f   sfc_debug:sfcdebug.obj
 0001:00034300       sf_debug_dim_size_geq_check 0000000180035300 f   sfc_debug:sfcdebug.obj
 0001:00034330       sf_debug_sub_assign_size_check_nd 0000000180035330 f   sfc_debug:sfcdebug.obj
 0001:00034570       sf_debug_matrix_matrix_index_check 0000000180035570 f   sfc_debug:sfcdebug.obj
 0001:000345a0       sf_debug_vector_vector_index_check 00000001800355a0 f   sfc_debug:sfcdebug.obj
 0001:000345d0       sf_debug_for_loop_vector_check 00000001800355d0 f   sfc_debug:sfcdebug.obj
 0001:00034660       sf_debug_runtime_error_msgid 0000000180035660 f   sfc_debug:sfcdebug.obj
 0001:000346f0       sf_debug_data_array_bounds_error_check 00000001800356f0 f   sfc_debug:sfcdebug.obj
 0001:00034800       sf_debug_eml_data_array_bounds_error_check 0000000180035800 f   sfc_debug:sfcdebug.obj
 0001:00034ce0       sf_debug_integer_check     0000000180035ce0 f   sfc_debug:sfcdebug.obj
 0001:00034dc0       sf_debug_not_nan_check     0000000180035dc0 f   sfc_debug:sfcdebug.obj
 0001:00034e80       sf_debug_non_negative_check 0000000180035e80 f   sfc_debug:sfcdebug.obj
 0001:00034f40       sf_debug_overflow_detection 0000000180035f40 f   sfc_debug:sfcdebug.obj
 0001:00035630       sf_debug_cast_to_real32_T  0000000180036630 f   sfc_debug:sfcdebug.obj
 0001:000356f0       sf_debug_cast_to_int8_T    00000001800366f0 f   sfc_debug:sfcdebug.obj
 0001:000357b0       sf_debug_cast_to_uint8_T   00000001800367b0 f   sfc_debug:sfcdebug.obj
 0001:00035870       sf_debug_cast_to_int16_T   0000000180036870 f   sfc_debug:sfcdebug.obj
 0001:00035930       sf_debug_cast_to_uint16_T  0000000180036930 f   sfc_debug:sfcdebug.obj
 0001:000359f0       sf_debug_cast_to_int32_T   00000001800369f0 f   sfc_debug:sfcdebug.obj
 0001:00035ab0       sf_debug_cast_to_uint32_T  0000000180036ab0 f   sfc_debug:sfcdebug.obj
 0001:00035b70       sf_debug_data_range_error  0000000180036b70 f   sfc_debug:sfcdebug.obj
 0001:00035ec0       sf_debug_read_before_write_check 0000000180036ec0 f   sfc_debug:sfcdebug.obj
 0001:00036320       sf_debug_data_range_error_wrapper_min_max 0000000180037320 f   sfc_debug:sfcdebug.obj
 0001:00036410       sf_debug_data_range_error_wrapper_min 0000000180037410 f   sfc_debug:sfcdebug.obj
 0001:000364f0       sf_debug_data_range_error_wrapper_max 00000001800374f0 f   sfc_debug:sfcdebug.obj
 0001:000365d0       sf_debug_data_range_wrapper 00000001800375d0 f   sfc_debug:sfcdebug.obj
 0001:00036680       sf_debug_set_current_status_info 0000000180037680 f   sfc_debug:sfcdebug.obj
 0001:00036a30       sf_debug_register_message_post_receive_info 0000000180037a30 f   sfc_debug:sfcdebug.obj
 0001:00036ca0       sf_debug_call              0000000180037ca0 f   sfc_debug:sfcdebug.obj
 0001:00037900       sf_debug_initialize_machine 0000000180038900 f   sfc_debug:sfcdebug.obj
 0001:00037c10       sf_debug_initialize_chart  0000000180038c10 f   sfc_debug:sfcdebug.obj
 0001:00038060       sf_debug_ensure_script     0000000180039060 f   sfc_debug:sfcdebug.obj
 0001:00038120       cv_script_init_script      0000000180039120 f   sfc_debug:sfcdebug.obj
 0001:00038210       cv_script_init_fcn         0000000180039210 f   sfc_debug:sfcdebug.obj
 0001:000382c0       cv_script_init_testobjective 00000001800392c0 f   sfc_debug:sfcdebug.obj
 0001:00038370       cv_script_init_if          0000000180039370 f   sfc_debug:sfcdebug.obj
 0001:00038420       cv_script_init_for         0000000180039420 f   sfc_debug:sfcdebug.obj
 0001:000384d0       cv_script_init_while       00000001800394d0 f   sfc_debug:sfcdebug.obj
 0001:00038580       cv_script_init_mcdc        0000000180039580 f   sfc_debug:sfcdebug.obj
 0001:00038680       cv_script_init_switch      0000000180039680 f   sfc_debug:sfcdebug.obj
 0001:00038760       cv_script_eval             0000000180039760 f   sfc_debug:sfcdebug.obj
 0001:00038840       eml_debug_line_call        0000000180039840 f   sfc_debug:sfcdebug.obj
 0001:000389f0       sf_debug_terminate         00000001800399f0 f   sfc_debug:sfcdebug.obj
 0001:00038b60       sf_debug_set_script_cv_ids 0000000180039b60 f   sfc_debug:sfcdebug.obj
 0001:00038c90       sf_debug_api               0000000180039c90 f   sfc_debug:sfc_api.obj
 0001:0003a340       sf_debug_sm_terminate      000000018003b340 f   sfc_debug:sfdb_animation.obj
 0001:0003a500       sf_debug_reset_path_objects 000000018003b500 f   sfc_debug:sfdb_animation.obj
 0001:0003a580       sf_debug_sm_reset_object_selection_status 000000018003b580 f   sfc_debug:sfdb_animation.obj
 0001:0003a620       sf_debug_sm_reset_state_buffer 000000018003b620 f   sfc_debug:sfdb_animation.obj
 0001:0003a6f0       sf_debug_sm_store_state_buffer 000000018003b6f0 f   sfc_debug:sfdb_animation.obj
 0001:0003a770       sf_debug_sm_restore_state_buffer1 000000018003b770 f   sfc_debug:sfdb_animation.obj
 0001:0003a7e0       sf_debug_sm_restore_state_buffer2 000000018003b7e0 f   sfc_debug:sfdb_animation.obj
 0001:0003a850       sf_debug_sm_chart_active   000000018003b850 f   sfc_debug:sfdb_animation.obj
 0001:0003a8a0       sf_debug_sm_select_active_objects 000000018003b8a0 f   sfc_debug:sfdb_animation.obj
 0001:0003ad90       sf_debug_sm_is_chart_active 000000018003bd90 f   sfc_debug:sfdb_animation.obj
 0001:0003add0       sf_debug_sm_is_state_active 000000018003bdd0 f   sfc_debug:sfdb_animation.obj
 0001:0003b010       sf_debug_sm_get_active_states 000000018003c010 f   sfc_debug:sfdb_animation.obj
 0001:0003b5d0       sf_debug_sm_initialize_instance 000000018003c5d0 f   sfc_debug:sfdb_animation.obj
 0001:0003b7f0       sf_debug_sm_change_object_selection_status 000000018003c7f0 f   sfc_debug:sfdb_animation.obj
 0001:0003bb00       cv_create_interface        000000018003cb00 f   sfc_debug:cv_sfinterface.obj
 0001:0003be60       cv_init_trans              000000018003ce60 f   sfc_debug:cv_sfinterface.obj
 0001:0003beb0       cv_init_testobjective      000000018003ceb0 f   sfc_debug:cv_sfinterface.obj
 0001:0003bef0       cv_init_state              000000018003cef0 f   sfc_debug:cv_sfinterface.obj
 0001:0003bf60       cv_init_chart              000000018003cf60 f   sfc_debug:cv_sfinterface.obj
 0001:0003bfb0       cv_dec_update_call         000000018003cfb0 f   sfc_debug:cv_sfinterface.obj
 0001:0003bff0       cv_cond_update_call        000000018003cff0 f   sfc_debug:cv_sfinterface.obj
 0001:0003c030       cv_testobjective_update_call 000000018003d030 f   sfc_debug:cv_sfinterface.obj
 0001:0003c070       cv_sigrange_update         000000018003d070 f   sfc_debug:cv_sfinterface.obj
 0001:0003c0b0       cvsf_eml_eval              000000018003d0b0 f   sfc_debug:cv_sfinterface.obj
 0001:0003c1a0       cvsf_eml_init_script       000000018003d1a0 f   sfc_debug:cv_sfinterface.obj
 0001:0003c230       cvsf_eml_init_fcn          000000018003d230 f   sfc_debug:cv_sfinterface.obj
 0001:0003c290       cvsf_eml_init_testobjective 000000018003d290 f   sfc_debug:cv_sfinterface.obj
 0001:0003c2f0       cvsf_eml_init_saturation   000000018003d2f0 f   sfc_debug:cv_sfinterface.obj
 0001:0003c340       cvsf_eml_init_if           000000018003d340 f   sfc_debug:cv_sfinterface.obj
 0001:0003c3a0       cvsf_eml_init_for          000000018003d3a0 f   sfc_debug:cv_sfinterface.obj
 0001:0003c3f0       cvsf_eml_init_while        000000018003d3f0 f   sfc_debug:cv_sfinterface.obj
 0001:0003c440       cvsf_eml_init_mcdc         000000018003d440 f   sfc_debug:cv_sfinterface.obj
 0001:0003c4d0       cvsf_eml_init_switch       000000018003d4d0 f   sfc_debug:cv_sfinterface.obj
 0001:0003c540       cvsf_script_eval           000000018003d540 f   sfc_debug:cv_sfinterface.obj
 0001:0003c630       cvsf_script_init_script    000000018003d630 f   sfc_debug:cv_sfinterface.obj
 0001:0003c6c0       cvsf_script_init_fcn       000000018003d6c0 f   sfc_debug:cv_sfinterface.obj
 0001:0003c720       cvsf_script_init_testobjective 000000018003d720 f   sfc_debug:cv_sfinterface.obj
 0001:0003c780       cvsf_script_init_saturation 000000018003d780 f   sfc_debug:cv_sfinterface.obj
 0001:0003c7d0       cvsf_script_init_if        000000018003d7d0 f   sfc_debug:cv_sfinterface.obj
 0001:0003c830       cvsf_script_init_for       000000018003d830 f   sfc_debug:cv_sfinterface.obj
 0001:0003c880       cvsf_script_init_while     000000018003d880 f   sfc_debug:cv_sfinterface.obj
 0001:0003c8d0       cvsf_script_init_mcdc      000000018003d8d0 f   sfc_debug:cv_sfinterface.obj
 0001:0003c960       cvsf_script_init_switch    000000018003d960 f   sfc_debug:cv_sfinterface.obj
 0001:0003c9d0       cv_destroy_interface       000000018003d9d0 f   sfc_debug:cv_sfinterface.obj
 0001:0003c9f0       cv_create_instance_objects 000000018003d9f0 f   sfc_debug:cv_sfinterface.obj
 0001:0003cea0       cv_is_enabled              000000018003dea0 f   sfc_debug:cv_sfinterface.obj
 0001:0003ceb0       sf_debug_cv_initialize_script 000000018003deb0 f   sfc_debug:cv_sfinterface.obj
 0001:0003d060       sf_debug_cv_initialize_instance 000000018003e060 f   sfc_debug:cv_sfinterface.obj
 0001:0003d400       sf_debug_cv_terminate_chart 000000018003e400 f   sfc_debug:cv_sfinterface.obj
 0001:0003d540       cv_call_trans_test         000000018003e540 f   sfc_debug:cv_sfinterface.obj
 0001:0003d550       cv_call_sub_cond_test      000000018003e550 f   sfc_debug:cv_sfinterface.obj
 0001:0003d590       sf_debug_st_initialize_machine 000000018003e590 f   sfc_debug:sfdb_data_browse.obj
 0001:0003d650       sf_debug_st_initialize_instance 000000018003e650 f   sfc_debug:sfdb_data_browse.obj
 0001:0003d880       sf_debug_st_terminate      000000018003e880 f   sfc_debug:sfdb_data_browse.obj
 0001:0003dc20       sf_debug_st_set_data_value_ptr_in_machine 000000018003ec20 f   sfc_debug:sfdb_data_browse.obj
 0001:0003dcb0       sf_debug_st_set_data_value_ptr_in_instance 000000018003ecb0 f   sfc_debug:sfdb_data_browse.obj
 0001:0003dd90       sf_debug_st_unset_data_value_ptr_in_machine 000000018003ed90 f   sfc_debug:sfdb_data_browse.obj
 0001:0003de00       sf_debug_st_unset_data_value_ptr_in_instance 000000018003ee00 f   sfc_debug:sfdb_data_browse.obj
 0001:0003e110       sf_debug_mx_value          000000018003f110 f   sfc_debug:sfdb_data_browse.obj
 0001:0003e170       sf_debug_mx_packed_vector  000000018003f170 f   sfc_debug:sfdb_data_browse.obj
 0001:0003e250       sf_debug_mx_uint_vector    000000018003f250 f   sfc_debug:sfdb_data_browse.obj
 0001:0003e310       sf_debug_st_get_double_value_from_void_ptr_vector 000000018003f310 f   sfc_debug:sfdb_data_browse.obj
 0001:0003ee00       sf_debug_st_browse_data    000000018003fe00 f   sfc_debug:sfdb_data_browse.obj
 0001:0003f690       sf_debug_hm_initialize_instance 0000000180040690 f   sfc_debug:sfdb_handle_management.obj
 0001:0003fbc0       sf_debug_hm_get_object_id  0000000180040bc0 f   sfc_debug:sfdb_handle_management.obj
 0001:00040770       sf_debug_hm_update_chart_visibility 0000000180041770 f   sfc_debug:sfdb_handle_management.obj
 0001:00041a50       sf_debug_object_is_eml_function 0000000180042a50 f   sfc_debug:sfdb_handle_management.obj
 0001:00041ac0       sf_debug_hm_initialize_ids_in_machine 0000000180042ac0 f   sfc_debug:sfdb_handle_management.obj
 0001:00041c30       sf_debug_hm_initialize_ids_in_chart 0000000180042c30 f   sfc_debug:sfdb_handle_management.obj
 0001:00041d30       sf_debug_hm_initialize_chart 0000000180042d30 f   sfc_debug:sfdb_handle_management.obj
 0001:000424d0       sf_debug_hm_terminate      00000001800434d0 f   sfc_debug:sfdb_handle_management.obj
 0001:00042530       sf_debug_hm_initialize_machine 0000000180043530 f   sfc_debug:sfdb_handle_management.obj
 0001:00042ce0       sf_debug_ss_initialize     0000000180043ce0 f   sfc_debug:sfdb_symbol_scope.obj
 0001:00042d00       sf_debug_ss_terminate      0000000180043d00 f   sfc_debug:sfdb_symbol_scope.obj
 0001:00042d90       sf_debug_ss_push_symbol_scope 0000000180043d90 f   sfc_debug:sfdb_symbol_scope.obj
 0001:00042e90       sf_debug_ss_push_symbol_scope_eml 0000000180043e90 f   sfc_debug:sfdb_symbol_scope.obj
 0001:00042ef0       sf_debug_ss_pop_symbol_scope 0000000180043ef0 f   sfc_debug:sfdb_symbol_scope.obj
 0001:00042fa0       sf_debug_ss_add_symbol     0000000180043fa0 f   sfc_debug:sfdb_symbol_scope.obj
 0001:00043100       sf_debug_ss_add_symbol_eml 0000000180044100 f   sfc_debug:sfdb_symbol_scope.obj
 0001:00043e20       sf_debug_ss_set_data_value 0000000180044e20 f   sfc_debug:sfdb_symbol_scope.obj
 0001:000442f0       getInstanceNumber          00000001800452f0 f   sfc_debug:sfdb_symbol_scope.obj
 0001:000443c0       sf_debug_ss_watch_data     00000001800453c0 f   sfc_debug:sfdb_symbol_scope.obj
 0001:00044560       sf_debug_ss_assign_data    0000000180045560 f   sfc_debug:sfdb_symbol_scope.obj
 0001:00044f80       get_data_entry_name        0000000180045f80 f   sfc_debug:sfdb_symbol_scope.obj
 0001:00044fd0       sf_debug_ss_whos           0000000180045fd0 f   sfc_debug:sfdb_symbol_scope.obj
 0001:000456f0       sf_debug_cc_initialize_chart 00000001800466f0 f   sfc_debug:sfdb_coverage.obj
 0001:000460e0       sf_debug_cc_initialize_instance 00000001800470e0 f   sfc_debug:sfdb_coverage.obj
 0001:00046ef0       sf_debug_cc_terminate      0000000180047ef0 f   sfc_debug:sfdb_coverage.obj
 0001:00046fe0       sf_debug_cc_set_transition_maps 0000000180047fe0 f   sfc_debug:sfdb_coverage.obj
 0001:00047110       sf_debug_cc_set_state_maps 0000000180048110 f   sfc_debug:sfdb_coverage.obj
 0001:000471f0       sf_debug_cc_set_transition_weights 00000001800481f0 f   sfc_debug:sfdb_coverage.obj
 0001:000474c0       sf_debug_cc_set_state_weights 00000001800484c0 f   sfc_debug:sfdb_coverage.obj
 0001:00047790       sf_debug_cc_mark_transition_guard 0000000180048790 f   sfc_debug:sfdb_coverage.obj
 0001:00047820       sf_debug_cc_mark_transition_trigger 0000000180048820 f   sfc_debug:sfdb_coverage.obj
 0001:000478b0       sf_debug_cc_mark_transition_decision 00000001800488b0 f   sfc_debug:sfdb_coverage.obj
 0001:00047920       sf_debug_cc_mark_transition_condition_action 0000000180048920 f   sfc_debug:sfdb_coverage.obj
 0001:00047970       sf_debug_cc_mark_transition_transition_action 0000000180048970 f   sfc_debug:sfdb_coverage.obj
 0001:000479c0       sf_debug_cc_mark_state_entry 00000001800489c0 f   sfc_debug:sfdb_coverage.obj
 0001:00047a10       sf_debug_cc_mark_state_during 0000000180048a10 f   sfc_debug:sfdb_coverage.obj
 0001:00047a60       sf_debug_cc_mark_state_exit 0000000180048a60 f   sfc_debug:sfdb_coverage.obj
 0001:00047ab0       sf_debug_bm_clear_script_breakpoints 0000000180048ab0 f   sfc_debug:sfdb_breakpoints.obj
 0001:00047ae0       sf_debug_bm_set_script_breakpoint 0000000180048ae0 f   sfc_debug:sfdb_breakpoints.obj
 0001:00047b60       sf_debug_bm_clear_single_script_breakpoint 0000000180048b60 f   sfc_debug:sfdb_breakpoints.obj
 0001:00047be0       sf_debug_bm_query_script_breakpoint 0000000180048be0 f   sfc_debug:sfdb_breakpoints.obj
 0001:00047c30       sf_debug_bm_initialize_scripts 0000000180048c30 f   sfc_debug:sfdb_breakpoints.obj
 0001:00048350       sf_debug_bm_terminate      0000000180049350 f   sfc_debug:sfdb_breakpoints.obj
 0001:00048640       sf_debug_bm_remove_all_breakpoints_in_machine 0000000180049640 f   sfc_debug:sfdb_breakpoints.obj
 0001:000486b0       sf_debug_bm_remove_all_breakpoints_in_chart 00000001800496b0 f   sfc_debug:sfdb_breakpoints.obj
 0001:00048800       sf_debug_bm_initialize_global_breakpoints 0000000180049800 f   sfc_debug:sfdb_breakpoints.obj
 0001:00048980       sf_debug_bm_set_breakpoint 0000000180049980 f   sfc_debug:sfdb_breakpoints.obj
 0001:00048f80       sf_debug_bm_set_eml_breakpoint 0000000180049f80 f   sfc_debug:sfdb_breakpoints.obj
 0001:00049020       sf_debug_bm_initialize_machine_breakpoint_map 000000018004a020 f   sfc_debug:sfdb_breakpoints.obj
 0001:00049440       sf_debug_bm_is_a_breakpoint 000000018004a440 f   sfc_debug:sfdb_breakpoints.obj
 0001:00049a20       sf_debug_bm_get_all_breakpoints_in_machine 000000018004aa20 f   sfc_debug:sfdb_breakpoints.obj
 0001:00049d20       sf_debug_bm_get_all_breakpoints_in_chart 000000018004ad20 f   sfc_debug:sfdb_breakpoints.obj
 0001:0004a9e0       sf_debug_bm_initialize_machine 000000018004b9e0 f   sfc_debug:sfdb_breakpoints.obj
 0001:0004aab0       sf_debug_bm_initialize_chart 000000018004bab0 f   sfc_debug:sfdb_breakpoints.obj
 0001:0004aed0       sf_debug_sc_terminate      000000018004bed0 f   sfc_debug:sfdb_state_consistency.obj
 0001:0004b200       sf_debug_sc_is_chart_consistent 000000018004c200 f   sfc_debug:sfdb_state_consistency.obj
 0001:0004b4b0       sf_debug_sc_get_consistency_error_info 000000018004c4b0 f   sfc_debug:sfdb_state_consistency.obj
 0001:0004b900       sf_debug_tm_terminate      000000018004c900 f   sfc_debug:sfdb_call_stack.obj
 0001:0004b9c0       sf_debug_tm_push_chart_instance 000000018004c9c0 f   sfc_debug:sfdb_call_stack.obj
 0001:0004bb10       sf_debug_tm_pop_chart_instance 000000018004cb10 f   sfc_debug:sfdb_call_stack.obj
 0001:0004bb70       sf_debug_tm_push_trace_node 000000018004cb70 f   sfc_debug:sfdb_call_stack.obj
 0001:0004bd00       sf_debug_tm_pop_trace_node 000000018004cd00 f   sfc_debug:sfdb_call_stack.obj
 0001:0004bd80       sf_debug_tm_get_current_global_trace_index 000000018004cd80 f   sfc_debug:sfdb_call_stack.obj
 0001:0004bd90       sf_debug_tm_get_current_local_trace_index 000000018004cd90 f   sfc_debug:sfdb_call_stack.obj
 0001:0004bdc0       sf_debug_tm_set_cycle_detected_flag 000000018004cdc0 f   sfc_debug:sfdb_call_stack.obj
 0001:0004be00       sf_debug_tm_set_cycle_started_flag 000000018004ce00 f   sfc_debug:sfdb_call_stack.obj
 0001:0004be40       sf_debug_tm_get_chart_number_from_stack 000000018004ce40 f   sfc_debug:sfdb_call_stack.obj
 0001:0004c040       sf_debug_tm_browse_trace   000000018004d040 f   sfc_debug:sfdb_call_stack.obj
 0001:0004c380       sf_debug_cd_initialize_instance 000000018004d380 f   sfc_debug:sfdb_cycle_detection.obj
 0001:0004c630       sf_debug_cd_mark_processed_transition_in_instance 000000018004d630 f   sfc_debug:sfdb_cycle_detection.obj
 0001:0004c6d0       sf_debug_cd_checksum_push  000000018004d6d0 f   sfc_debug:sfdb_cycle_detection.obj
 0001:0004c990       sf_debug_cd_checksum_pop   000000018004d990 f   sfc_debug:sfdb_cycle_detection.obj
 0001:0004ca00       sf_debug_cd_turn_off_cycle_detection 000000018004da00 f   sfc_debug:sfdb_cycle_detection.obj
 0001:0004ca50       sf_debug_cd_terminate      000000018004da50 f   sfc_debug:sfdb_cycle_detection.obj
 0001:0004cc90       md5_initialize_state       000000018004dc90 f   sfc_debug:ckmd5.obj
 0001:0004d700       md5_update_state           000000018004e700 f   sfc_debug:ckmd5.obj
 0001:0004d720       md5_get_hash               000000018004e720 f   sfc_debug:ckmd5.obj
 0001:0004d750       md5_get_hash_for_a_single_string 000000018004e750 f   sfc_debug:ckmd5.obj
 0001:0004d7b4       mxGetPr                    000000018004e7b4 f   libmx:libmx.dll
 0001:0004d7ba       mxCreateDoubleScalar       000000018004e7ba f   libmx:libmx.dll
 0001:0004d7c0       mxCreateDoubleMatrix_730   000000018004e7c0 f   libmx:libmx.dll
 0001:0004d7c6       mxSetField_730             000000018004e7c6 f   libmx:libmx.dll
 0001:0004d7cc       mxCreateString             000000018004e7cc f   libmx:libmx.dll
 0001:0004d7d2       mxCreateStructMatrix_730   000000018004e7d2 f   libmx:libmx.dll
 0001:0004d7d8       mxDestroyArray             000000018004e7d8 f   libmx:libmx.dll
 0001:0004d7de       mxDuplicateArray           000000018004e7de f   libmx:libmx.dll
 0001:0004d7e4       mxGetString_730            000000018004e7e4 f   libmx:libmx.dll
 0001:0004d7ea       mxIsChar                   000000018004e7ea f   libmx:libmx.dll
 0001:0004d7f0       mxGetClassID               000000018004e7f0 f   libmx:libmx.dll
 0001:0004d7f6       mxIsNumeric                000000018004e7f6 f   libmx:libmx.dll
 0001:0004d7fc       mxIsComplex                000000018004e7fc f   libmx:libmx.dll
 0001:0004d802       mxGetN                     000000018004e802 f   libmx:libmx.dll
 0001:0004d808       mxGetM                     000000018004e808 f   libmx:libmx.dll
 0001:0004d80e       mxCalloc                   000000018004e80e f   libmx:libmx.dll
 0001:0004d814       mxGetScalar                000000018004e814 f   libmx:libmx.dll
 0001:0004d81a       mxIsLogical                000000018004e81a f   libmx:libmx.dll
 0001:0004d820       mxCreateDoubleMatrix_700   000000018004e820 f   libmx:libmx.dll
 0001:0004d826       mxFree                     000000018004e826 f   libmx:libmx.dll
 0001:0004d82c       mxArrayToString            000000018004e82c f   libmx:libmx.dll
 0001:0004d832       mxCreateCellMatrix_700     000000018004e832 f   libmx:libmx.dll
 0001:0004d838       mxSetCell_700              000000018004e838 f   libmx:libmx.dll
 0001:0004d83e       mxGetCell_700              000000018004e83e f   libmx:libmx.dll
 0001:0004d844       mxGetClassName             000000018004e844 f   libmx:libmx.dll
 0001:0004d84a       mxSetField_700             000000018004e84a f   libmx:libmx.dll
 0001:0004d850       mxAddField                 000000018004e850 f   libmx:libmx.dll
 0001:0004d856       mxGetField_700             000000018004e856 f   libmx:libmx.dll
 0001:0004d85c       mxGetNumberOfElements      000000018004e85c f   libmx:libmx.dll
 0001:0004d862       mxIsStruct                 000000018004e862 f   libmx:libmx.dll
 0001:0004d868       mxIsA                      000000018004e868 f   libmx:libmx.dll
 0001:0004d86e       mxIsClass                  000000018004e86e f   libmx:libmx.dll
 0001:0004d874       mxGetLogicals              000000018004e874 f   libmx:libmx.dll
 0001:0004d87a       mxIsSparse                 000000018004e87a f   libmx:libmx.dll
 0001:0004d880       mxSetFieldByNumber_700     000000018004e880 f   libmx:libmx.dll
 0001:0004d886       mxGetFieldByNumber_700     000000018004e886 f   libmx:libmx.dll
 0001:0004d88c       mxGetFieldNameByNumber     000000018004e88c f   libmx:libmx.dll
 0001:0004d892       mxGetNumberOfFields        000000018004e892 f   libmx:libmx.dll
 0001:0004d898       mxCreateStructMatrix_700   000000018004e898 f   libmx:libmx.dll
 0001:0004d89e       mxGetFieldNumber           000000018004e89e f   libmx:libmx.dll
 0001:0004d8a4       mxIsNaN                    000000018004e8a4 f   libmx:libmx.dll
 0001:0004d8aa       mxIsEmpty                  000000018004e8aa f   libmx:libmx.dll
 0001:0004d8b0       mxGetData                  000000018004e8b0 f   libmx:libmx.dll
 0001:0004d8b6       mxGetImagData              000000018004e8b6 f   libmx:libmx.dll
 0001:0004d8bc       mxArrayClassIDName         000000018004e8bc f   libmx:libmx.dll
 0001:0004d8c2       mxCreateNumericMatrix_700  000000018004e8c2 f   libmx:libmx.dll
 0001:0004d8c8       mxCreateStructArray_700    000000018004e8c8 f   libmx:libmx.dll
 0001:0004d8ce       mxCalcSingleSubscript_700  000000018004e8ce f   libmx:libmx.dll
 0001:0004d8d4       mxGetDimensions_700        000000018004e8d4 f   libmx:libmx.dll
 0001:0004d8da       mxGetNumberOfDimensions_700 000000018004e8da f   libmx:libmx.dll
 0001:0004d8e0       mxCreateNumericArray_700   000000018004e8e0 f   libmx:libmx.dll
 0001:0004d8e6       mxGetElementSize           000000018004e8e6 f   libmx:libmx.dll
 0001:0004d8ec       mxCreateStringFromNChars_700 000000018004e8ec f   libmx:libmx.dll
 0001:0004d8f2       mxGetString_700            000000018004e8f2 f   libmx:libmx.dll
 0001:0004d8f8       mxIsLogicalScalarTrue      000000018004e8f8 f   libmx:libmx.dll
 0001:0004d8fe       mxCreateLogicalScalar      000000018004e8fe f   libmx:libmx.dll
 0001:0004d904       mexUnlock                  000000018004e904 f   libmex:libmex.dll
 0001:0004d90a       mexIsLocked                000000018004e90a f   libmex:libmex.dll
 0001:0004d910       mexWarnMsgTxt              000000018004e910 f   libmex:libmex.dll
 0001:0004d916       mexCallMATLAB              000000018004e916 f   libmex:libmex.dll
 0001:0004d91c       mexErrMsgTxt               000000018004e91c f   libmex:libmex.dll
 0001:0004d922       mexMakeArrayPersistent     000000018004e922 f   libmex:libmex.dll
 0001:0004d928       mexSetTrapFlag             000000018004e928 f   libmex:libmex.dll
 0001:0004d92e       mexPutVariable             000000018004e92e f   libmex:libmex.dll
 0001:0004d934       mexGetVariable             000000018004e934 f   libmex:libmex.dll
 0001:0004d93a       mexLock                    000000018004e93a f   libmex:libmex.dll
 0001:0004d940       mexMakeMemoryPersistent    000000018004e940 f   libmex:libmex.dll
 0001:0004d946       mexFunctionName            000000018004e946 f   libmex:libmex.dll
 0001:0004d94c       ssRegisterDataTypeFxpFSlopeFixExpBias 000000018004e94c f   libfixedpoint:libfixedpoint.dll
 0001:0004d952       utVSNprintf                000000018004e952 f   libut:libut.dll
 0001:0004d958       utCPUtime                  000000018004e958 f   libut:libut.dll
 0001:0004d95e       utFree                     000000018004e95e f   libut:libut.dll
 0001:0004d964       utMalloc                   000000018004e964 f   libut:libut.dll
 0001:0004d96a       muDoubleScalarSin          000000018004e96a f   libmwmathutil:libmwmathutil.dll
 0001:0004d970       muDoubleScalarCos          000000018004e970 f   libmwmathutil:libmwmathutil.dll
 0001:0004d976       muDoubleScalarPower        000000018004e976 f   libmwmathutil:libmwmathutil.dll
 0001:0004d97c       muDoubleScalarAcos         000000018004e97c f   libmwmathutil:libmwmathutil.dll
 0001:0004d982       muDoubleScalarSqrt         000000018004e982 f   libmwmathutil:libmwmathutil.dll
 0001:0004d988       muDoubleScalarAbs          000000018004e988 f   libmwmathutil:libmwmathutil.dll
 0001:0004d98e       emlrtCreateRootTLS         000000018004e98e f   libemlrt:libemlrt.dll
 0001:0004d994       emlrtDestroyRootTLS        000000018004e994 f   libemlrt:libemlrt.dll
 0001:0004d99a       emlrtCheckBuiltInR2012b    000000018004e99a f   libemlrt:libemlrt.dll
 0001:0004d9a0       emlrtCheckVsBuiltInR2012b  000000018004e9a0 f   libemlrt:libemlrt.dll
 0001:0004d9a6       emlrtCheckEnumR2012b       000000018004e9a6 f   libemlrt:libemlrt.dll
 0001:0004d9ac       emlrtCreateEnumR2012b      000000018004e9ac f   libemlrt:libemlrt.dll
 0001:0004d9b2       emlrtGetEnumElementR2009a  000000018004e9b2 f   libemlrt:libemlrt.dll
 0001:0004d9b8       emlrtCreateReference       000000018004e9b8 f   libemlrt:libemlrt.dll
 0001:0004d9be       emlrtImportVsFiArrayR2009b 000000018004e9be f   libemlrt:libemlrt.dll
 0001:0004d9c4       emlrtNameCapturePostProcessR2012a 000000018004e9c4 f   libemlrt:libemlrt.dll
 0001:0004d9ca       emlrtExtractMessageId      000000018004e9ca f   libemlrt:libemlrt.dll
 0001:0004d9d0       emlrtTranslateMessageIDtoLCPstring 000000018004e9d0 f   libemlrt:libemlrt.dll
 0001:0004d9d6       emlrtForLoopVectorIsValidR2011b 000000018004e9d6 f   libemlrt:libemlrt.dll
 0001:0004d9dc       emlrtTranslateUTF16MessagetoLCPstring 000000018004e9dc f   libemlrt:libemlrt.dll
 0001:0004d9e2       emlrtGetEnumUnderlyingArrayR2009a 000000018004e9e2 f   libemlrt:libemlrt.dll
 0001:0004d9e8       emlrtIsEnumR2009a          000000018004e9e8 f   libemlrt:libemlrt.dll
 0001:0004d9ee       strlen                     000000018004e9ee f   MSVCRT:MSVCR100.dll
 0001:0004d9f4       __GSHandlerCheckCommon     000000018004e9f4 f   MSVCRT:gshandler.obj
 0001:0004da58       __GSHandlerCheck           000000018004ea58 f   MSVCRT:gshandler.obj
 0001:0004da90       __security_check_cookie    000000018004ea90 f   MSVCRT:amdsecgs.obj
 0001:0004dab0       memset                     000000018004eab0 f   MSVCRT:MSVCR100.dll
 0001:0004dab6       malloc                     000000018004eab6 f   MSVCRT:MSVCR100.dll
 0001:0004dabc       free                       000000018004eabc f   MSVCRT:MSVCR100.dll
 0001:0004dac2       strcmp                     000000018004eac2 f   MSVCRT:MSVCR100.dll
 0001:0004dac8       sprintf                    000000018004eac8 f   MSVCRT:MSVCR100.dll
 0001:0004dace       strcat                     000000018004eace f   MSVCRT:MSVCR100.dll
 0001:0004dad4       memcpy                     000000018004ead4 f   MSVCRT:MSVCR100.dll
 0001:0004dadc       NtCurrentTeb               000000018004eadc f i MSVCRT:crtdll.obj
 0001:0004db48       _CRT_INIT                  000000018004eb48 f   MSVCRT:crtdll.obj
 0001:0004dee0       _DllMainCRTStartup         000000018004eee0 f   MSVCRT:crtdll.obj
 0001:0004df1e       strncpy                    000000018004ef1e f   MSVCRT:MSVCR100.dll
 0001:0004df40       __chkstk                   000000018004ef40 f   MSVCRT:chkstk.obj
 0001:0004df40       _alloca_probe              000000018004ef40     MSVCRT:chkstk.obj
 0001:0004df8e       longjmp                    000000018004ef8e f   MSVCRT:MSVCR100.dll
 0001:0004df94       strncmp                    000000018004ef94 f   MSVCRT:MSVCR100.dll
 0001:0004df9a       ceil                       000000018004ef9a f   MSVCRT:MSVCR100.dll
 0001:0004dfa0       strrchr                    000000018004efa0 f   MSVCRT:MSVCR100.dll
 0001:0004dfa6       _setjmp                    000000018004efa6 f   MSVCRT:MSVCR100.dll
 0001:0004dfac       calloc                     000000018004efac f   MSVCRT:MSVCR100.dll
 0001:0004dfb2       realloc                    000000018004efb2 f   MSVCRT:MSVCR100.dll
 0001:0004dfb8       ldexp                      000000018004efb8 f   MSVCRT:MSVCR100.dll
 0001:0004dfc0       __report_gsfailure         000000018004efc0 f   MSVCRT:gs_report.obj
 0001:0004e10c       __clean_type_info_names    000000018004f10c f   MSVCRT:tncleanup.obj
 0001:0004e118       _onexit                    000000018004f118 f   MSVCRT:atonexit.obj
 0001:0004e1c8       atexit                     000000018004f1c8 f   MSVCRT:atonexit.obj
 0001:0004e1e0       _RTC_Initialize            000000018004f1e0 f   MSVCRT:_initsect_.obj
 0001:0004e218       _RTC_Terminate             000000018004f218 f   MSVCRT:_initsect_.obj
 0001:0004e250       _malloc_crt                000000018004f250 f   MSVCRT:MSVCR100.dll
 0001:0004e260       _ValidateImageBase         000000018004f260 f   MSVCRT:pesect.obj
 0001:0004e290       _FindPESection             000000018004f290 f   MSVCRT:pesect.obj
 0001:0004e2e0       _IsNonwritableInCurrentImage 000000018004f2e0 f   MSVCRT:pesect.obj
 0001:0004e322       _initterm                  000000018004f322 f   MSVCRT:MSVCR100.dll
 0001:0004e328       _initterm_e                000000018004f328 f   MSVCRT:MSVCR100.dll
 0001:0004e32e       _encoded_null              000000018004f32e f   MSVCRT:MSVCR100.dll
 0001:0004e334       _amsg_exit                 000000018004f334 f   MSVCRT:MSVCR100.dll
 0001:0004e33a       __C_specific_handler       000000018004f33a f   MSVCRT:MSVCR100.dll
 0001:0004e340       __CppXcptFilter            000000018004f340 f   MSVCRT:MSVCR100.dll
 0001:0004e348       DllMain                    000000018004f348 f   MSVCRT:dllmain.obj
 0001:0004e36c       __security_init_cookie     000000018004f36c f   MSVCRT:gs_support.obj
 0001:0004e420       __crt_debugger_hook        000000018004f420 f   MSVCRT:MSVCR100.dll
 0001:0004e426       __clean_type_info_names_internal 000000018004f426 f   MSVCRT:MSVCR100.dll
 0001:0004e42c       _unlock                    000000018004f42c f   MSVCRT:MSVCR100.dll
 0001:0004e432       __dllonexit                000000018004f432 f   MSVCRT:MSVCR100.dll
 0001:0004e438       _lock                      000000018004f438 f   MSVCRT:MSVCR100.dll
 0001:0004e43e       EncodePointer              000000018004f43e f   kernel32:KERNEL32.dll
 0001:0004e444       DecodePointer              000000018004f444 f   kernel32:KERNEL32.dll
 0001:0004e44a       Sleep                      000000018004f44a f   kernel32:KERNEL32.dll
 0001:0004e450       TerminateProcess           000000018004f450 f   kernel32:KERNEL32.dll
 0001:0004e456       GetCurrentProcess          000000018004f456 f   kernel32:KERNEL32.dll
 0001:0004e45c       UnhandledExceptionFilter   000000018004f45c f   kernel32:KERNEL32.dll
 0001:0004e462       SetUnhandledExceptionFilter 000000018004f462 f   kernel32:KERNEL32.dll
 0001:0004e468       IsDebuggerPresent          000000018004f468 f   kernel32:KERNEL32.dll
 0001:0004e46e       RtlVirtualUnwind           000000018004f46e f   kernel32:KERNEL32.dll
 0001:0004e474       RtlLookupFunctionEntry     000000018004f474 f   kernel32:KERNEL32.dll
 0001:0004e47a       RtlCaptureContext          000000018004f47a f   kernel32:KERNEL32.dll
 0001:0004e480       DisableThreadLibraryCalls  000000018004f480 f   kernel32:KERNEL32.dll
 0001:0004e486       QueryPerformanceCounter    000000018004f486 f   kernel32:KERNEL32.dll
 0001:0004e48c       GetTickCount               000000018004f48c f   kernel32:KERNEL32.dll
 0001:0004e492       GetCurrentThreadId         000000018004f492 f   kernel32:KERNEL32.dll
 0001:0004e498       GetCurrentProcessId        000000018004f498 f   kernel32:KERNEL32.dll
 0001:0004e49e       GetSystemTimeAsFileTime    000000018004f49e f   kernel32:KERNEL32.dll
 0002:00000000       __imp_DisableThreadLibraryCalls 0000000180050000     kernel32:KERNEL32.dll
 0002:00000008       __imp_RtlCaptureContext    0000000180050008     kernel32:KERNEL32.dll
 0002:00000010       __imp_RtlLookupFunctionEntry 0000000180050010     kernel32:KERNEL32.dll
 0002:00000018       __imp_RtlVirtualUnwind     0000000180050018     kernel32:KERNEL32.dll
 0002:00000020       __imp_IsDebuggerPresent    0000000180050020     kernel32:KERNEL32.dll
 0002:00000028       __imp_SetUnhandledExceptionFilter 0000000180050028     kernel32:KERNEL32.dll
 0002:00000030       __imp_UnhandledExceptionFilter 0000000180050030     kernel32:KERNEL32.dll
 0002:00000038       __imp_GetCurrentProcess    0000000180050038     kernel32:KERNEL32.dll
 0002:00000040       __imp_TerminateProcess     0000000180050040     kernel32:KERNEL32.dll
 0002:00000048       __imp_Sleep                0000000180050048     kernel32:KERNEL32.dll
 0002:00000050       __imp_DecodePointer        0000000180050050     kernel32:KERNEL32.dll
 0002:00000058       __imp_EncodePointer        0000000180050058     kernel32:KERNEL32.dll
 0002:00000060       __imp_GetTickCount         0000000180050060     kernel32:KERNEL32.dll
 0002:00000068       __imp_GetCurrentThreadId   0000000180050068     kernel32:KERNEL32.dll
 0002:00000070       __imp_GetCurrentProcessId  0000000180050070     kernel32:KERNEL32.dll
 0002:00000078       __imp_GetSystemTimeAsFileTime 0000000180050078     kernel32:KERNEL32.dll
 0002:00000080       __imp_QueryPerformanceCounter 0000000180050080     kernel32:KERNEL32.dll
 0002:00000088       \177KERNEL32_NULL_THUNK_DATA 0000000180050088     kernel32:KERNEL32.dll
 0002:00000090       __imp__onexit              0000000180050090     MSVCRT:MSVCR100.dll
 0002:00000098       __imp__lock                0000000180050098     MSVCRT:MSVCR100.dll
 0002:000000a0       __imp___dllonexit          00000001800500a0     MSVCRT:MSVCR100.dll
 0002:000000a8       __imp__unlock              00000001800500a8     MSVCRT:MSVCR100.dll
 0002:000000b0       __imp___clean_type_info_names_internal 00000001800500b0     MSVCRT:MSVCR100.dll
 0002:000000b8       __imp___crt_debugger_hook  00000001800500b8     MSVCRT:MSVCR100.dll
 0002:000000c0       __imp___CppXcptFilter      00000001800500c0     MSVCRT:MSVCR100.dll
 0002:000000c8       __imp___C_specific_handler 00000001800500c8     MSVCRT:MSVCR100.dll
 0002:000000d0       __imp__amsg_exit           00000001800500d0     MSVCRT:MSVCR100.dll
 0002:000000d8       __imp__encoded_null        00000001800500d8     MSVCRT:MSVCR100.dll
 0002:000000e0       __imp__initterm_e          00000001800500e0     MSVCRT:MSVCR100.dll
 0002:000000e8       __imp__initterm            00000001800500e8     MSVCRT:MSVCR100.dll
 0002:000000f0       __imp__malloc_crt          00000001800500f0     MSVCRT:MSVCR100.dll
 0002:000000f8       __imp_ldexp                00000001800500f8     MSVCRT:MSVCR100.dll
 0002:00000100       __imp_realloc              0000000180050100     MSVCRT:MSVCR100.dll
 0002:00000108       __imp_calloc               0000000180050108     MSVCRT:MSVCR100.dll
 0002:00000110       __imp__setjmp              0000000180050110     MSVCRT:MSVCR100.dll
 0002:00000118       __imp_strrchr              0000000180050118     MSVCRT:MSVCR100.dll
 0002:00000120       __imp_ceil                 0000000180050120     MSVCRT:MSVCR100.dll
 0002:00000128       __imp_strncmp              0000000180050128     MSVCRT:MSVCR100.dll
 0002:00000130       __imp_longjmp              0000000180050130     MSVCRT:MSVCR100.dll
 0002:00000138       __imp_strncpy              0000000180050138     MSVCRT:MSVCR100.dll
 0002:00000140       __imp_memcpy               0000000180050140     MSVCRT:MSVCR100.dll
 0002:00000148       __imp_strcat               0000000180050148     MSVCRT:MSVCR100.dll
 0002:00000150       __imp_sprintf              0000000180050150     MSVCRT:MSVCR100.dll
 0002:00000158       __imp_strcmp               0000000180050158     MSVCRT:MSVCR100.dll
 0002:00000160       __imp_free                 0000000180050160     MSVCRT:MSVCR100.dll
 0002:00000168       __imp_malloc               0000000180050168     MSVCRT:MSVCR100.dll
 0002:00000170       __imp_memset               0000000180050170     MSVCRT:MSVCR100.dll
 0002:00000178       __imp_strlen               0000000180050178     MSVCRT:MSVCR100.dll
 0002:00000180       \177MSVCR100_NULL_THUNK_DATA 0000000180050180     MSVCRT:MSVCR100.dll
 0002:00000188       __imp_emlrtIsEnumR2009a    0000000180050188     libemlrt:libemlrt.dll
 0002:00000190       __imp_emlrtGetEnumUnderlyingArrayR2009a 0000000180050190     libemlrt:libemlrt.dll
 0002:00000198       __imp_emlrtTranslateUTF16MessagetoLCPstring 0000000180050198     libemlrt:libemlrt.dll
 0002:000001a0       __imp_emlrtForLoopVectorIsValidR2011b 00000001800501a0     libemlrt:libemlrt.dll
 0002:000001a8       __imp_emlrtTranslateMessageIDtoLCPstring 00000001800501a8     libemlrt:libemlrt.dll
 0002:000001b0       __imp_emlrtExtractMessageId 00000001800501b0     libemlrt:libemlrt.dll
 0002:000001b8       __imp_emlrtNameCapturePostProcessR2012a 00000001800501b8     libemlrt:libemlrt.dll
 0002:000001c0       __imp_emlrtCheckBuiltInR2012b 00000001800501c0     libemlrt:libemlrt.dll
 0002:000001c8       __imp_emlrtDestroyRootTLS  00000001800501c8     libemlrt:libemlrt.dll
 0002:000001d0       __imp_emlrtCreateRootTLS   00000001800501d0     libemlrt:libemlrt.dll
 0002:000001d8       __imp_emlrtCheckEnumR2012b 00000001800501d8     libemlrt:libemlrt.dll
 0002:000001e0       __imp_emlrtCreateEnumR2012b 00000001800501e0     libemlrt:libemlrt.dll
[...]
 0001:00023b50       sf_mex_check_fimath        0000000180024b50 f   sfc_mex:sfc_mex.obj
 0001:00024700       size_mismatch_error        0000000180025700 f   sfc_mex:sfc_mex.obj
 0001:000251a0       check_array_dimensions     00000001800261a0 f   sfc_mex:sfc_mex.obj
 0001:00025210       check_input_mxarray        0000000180026210 f   sfc_mex:sfc_mex.obj
 0001:00025950       sf_numeric_value_to_double 0000000180026950 f   sfc_mex:sfc_mex.obj
 0001:000259a0       ml_generic_out_of_bounds_check 00000001800269a0 f   sfc_mex:sfc_mex.obj
 0001:00025b70       ml_get_element_value_from_array 0000000180026b70 f   sfc_mex:sfc_mex.obj
 0001:00025f10       _ml_generic_castability_check 0000000180026f10 f   sfc_mex:sfc_mex.obj
 0001:00026c70       ml_generic_castability_check 0000000180027c70 f   sfc_mex:sfc_mex.obj
 0001:00026d10       ml_check_mx_array_for_single_castability 0000000180027d10 f   sfc_mex:sfc_mex.obj
 0001:00026db0       ml_check_mx_array_for_logical_castability 0000000180027db0 f   sfc_mex:sfc_mex.obj
 0001:00026e50       ml_check_mx_array_for_int8_castability 0000000180027e50 f   sfc_mex:sfc_mex.obj
 0001:00026f00       ml_check_mx_array_for_uint8_castability 0000000180027f00 f   sfc_mex:sfc_mex.obj
 0001:00026f60       ml_check_mx_array_for_int16_castability 0000000180027f60 f   sfc_mex:sfc_mex.obj
 0001:00026fc0       ml_check_mx_array_for_uint16_castability 0000000180027fc0 f   sfc_mex:sfc_mex.obj
 0001:00027020       ml_check_mx_array_for_int32_castability 0000000180028020 f   sfc_mex:sfc_mex.obj
 0001:00027080       ml_check_mx_array_for_uint32_castability 0000000180028080 f   sfc_mex:sfc_mex.obj
 0001:000270e0       ml_check_mx_array_for_castability 00000001800280e0 f   sfc_mex:sfc_mex.obj
 0001:00027a10       set_data_value             0000000180028a10 f   sfc_mex:sfc_mex.obj
 0001:00027d80       get_data_value             0000000180028d80 f   sfc_mex:sfc_mex.obj
 0001:00027e90       get_next_element_address   0000000180028e90 f   sfc_mex:sfc_mex.obj
 0001:00027f60       sf_normalize_index         0000000180028f60 f   sfc_mex:sfc_mex.obj
 0001:000282f0       ml_array_index_bound_check 00000001800292f0 f   sfc_mex:sfc_mex.obj
 0001:00028e10       mx_value                   0000000180029e10 f   sfc_mex:sfc_mex.obj
 0001:00028e60       sf_create_numeric_array    0000000180029e60 f   sfc_mex:sfc_mex.obj
 0001:00028f00       sf_mex_assign_to_mx_array  0000000180029f00 f   sfc_mex:sfc_mex.obj
 0001:00029250       assign_from_mx_array       000000018002a250 f   sfc_mex:sfc_mex.obj
 0001:00029a80       sf_mex_import_v            000000018002aa80 f   sfc_mex:sfc_mex.obj
 0001:0002a180       get_machine_and_chart_file_number 000000018002b180 f   sfc_mex:sfc_sf.obj
 0001:0002a270       get_sfun_block_specialization 000000018002b270 f   sfc_mex:sfc_sf.obj
 0001:0002a320       call_sf_machine_global_method_dispatcher 000000018002b320 f   sfc_mex:sfc_sf.obj
 0001:0002a570       mdl_zeroCrossings_processing 000000018002b570 f   sfc_mex:sfc_sf.obj
 0001:0002a640       mdl_derivatives_processing 000000018002b640 f   sfc_mex:sfc_sf.obj
 0001:0002a900       mdl_outputs_continuous_legacy 000000018002b900 f   sfc_mex:sfc_sf.obj
 0001:0002a980       mdl_outputs_processing     000000018002b980 f   sfc_mex:sfc_sf.obj
 0001:0002abf0       mdl_enable_processing      000000018002bbf0 f   sfc_mex:sfc_sf.obj
 0001:0002acc0       mdl_disable_processing     000000018002bcc0 f   sfc_mex:sfc_sf.obj
 0001:0002ba30       sf_call_output_fcn_enable_disable 000000018002ca30 f   sfc_mex:sfc_sf.obj
 0001:0002bcb0       set_dwork_information_from_mx_array 000000018002ccb0 f   sfc_mex:sfc_sf.obj
 0001:0002c570       ptr2mxStruct               000000018002d570 f   sfc_mex:sfc_sf.obj
 0001:0002c880       SNPRINTF_WRAPPER           000000018002d880 f   sfc_debug:sfcdebug.obj
 0001:0002c8a0       sf_debug_chart_instance_initialized_quick 000000018002d8a0 f   sfc_debug:sfcdebug.obj
 0001:0002c8b0       sf_debug_chart_instance_initialized 000000018002d8b0 f   sfc_debug:sfcdebug.obj
 0001:0002ca50       sfrtAddSize                000000018002da50 f   sfc_debug:sfcdebug.obj
 0001:0002cb10       sfrtGenSizeString          000000018002db10 f   sfc_debug:sfcdebug.obj
 0001:0002d220       fill_single_message_info   000000018002e220 f   sfc_debug:sfcdebug.obj
 0001:0002d3e0       sf_debug_sim_status_listener 000000018002e3e0 f   sfc_debug:sfcdebug.obj
 0001:0002d950       sf_debug_form_mask_bits    000000018002e950 f   sfc_debug:sfcdebug.obj
 0001:0002d990       sf_debug_form_sf_data_type_offsets 000000018002e990 f   sfc_debug:sfcdebug.obj
 0001:0002da50       sf_debug_free_all          000000018002ea50 f   sfc_debug:sfcdebug.obj
 0001:0002dc00       sf_debug_append_debugger_context 000000018002ec00 f   sfc_debug:sfcdebug.obj
 0001:0002dda0       sf_debug_update_always_honor_breakpoints 000000018002eda0 f   sfc_debug:sfcdebug.obj
 0001:0002df70       local_strdup               000000018002ef70 f   sfc_debug:sfcdebug.obj
 0001:0002ee50       sf_debug_em_terminate      000000018002fe50 f   sfc_debug:sfcdebug.obj
 0001:0002ee90       sf_debug_push_eml_function 000000018002fe90 f   sfc_debug:sfcdebug.obj
 0001:0002ef30       sf_debug_pop_eml_function  000000018002ff30 f   sfc_debug:sfcdebug.obj
 0001:0002fc30       sf_debug_get_machine_number_from_id_or_name 0000000180030c30 f   sfc_debug:sfcdebug.obj
 0001:0002fd80       sf_debug_get_chart_number_from_id 0000000180030d80 f   sfc_debug:sfcdebug.obj
 0001:00030b20       sf_debug_transfer_control_to_debugger_GUI 0000000180031b20 f   sfc_debug:sfcdebug.obj
 0001:00031ab0       sf_debug_scripts_rehash    0000000180032ab0 f   sfc_debug:sfcdebug.obj
 0001:00031cf0       sf_debug_get_script_line_count 0000000180032cf0 f   sfc_debug:sfcdebug.obj
 0001:00032620       cv_eml_state_cvId          0000000180033620 f   sfc_debug:sfcdebug.obj
 0001:00032690       cv_eml_trans_cvId          0000000180033690 f   sfc_debug:sfcdebug.obj
 0001:00033a20       sf_debug_data_array_bounds_error 0000000180034a20 f   sfc_debug:sfcdebug.obj
 0001:00033e50       eml_debug_runtime_error_doclink 0000000180034e50 f   sfc_debug:sfcdebug.obj
 0001:00033fb0       sf_debug_runtime_error     0000000180034fb0 f   sfc_debug:sfcdebug.obj
 0001:00034020       sf_debug_matlab_error      0000000180035020 f   sfc_debug:sfcdebug.obj
 0001:00034960       sf_debug_data_value_error  0000000180035960 f   sfc_debug:sfcdebug.obj
 0001:00035260       sf_debug_data_loss_error   0000000180036260 f   sfc_debug:sfcdebug.obj
 0001:000361f0       call_cv_range_check        00000001800371f0 f   sfc_debug:sfcdebug.obj
 0001:000369c0       sf_debug_invoke_cycle_detection_code 00000001800379c0 f   sfc_debug:sfcdebug.obj
 0001:00037840       sf_reset_debug_info_struct 0000000180038840 f   sfc_debug:sfcdebug.obj
 0001:000380a0       cv_script_cvId             00000001800390a0 f   sfc_debug:sfcdebug.obj
 0001:00038e00       sfc_api_chart_visible      0000000180039e00 f   sfc_debug:sfc_api.obj
 0001:00038e80       sfc_api_active_instance    0000000180039e80 f   sfc_debug:sfc_api.obj
 0001:00038f00       sfc_api_machine_load       0000000180039f00 f   sfc_debug:sfc_api.obj
 0001:00038fd0       sfc_api_debugger_alive     0000000180039fd0 f   sfc_debug:sfc_api.obj
 0001:00038fe0       sfc_api_go                 0000000180039fe0 f   sfc_debug:sfc_api.obj
 0001:00038ff0       sfc_api_step_over          0000000180039ff0 f   sfc_debug:sfc_api.obj
 0001:00039000       sfc_api_step_out           000000018003a000 f   sfc_debug:sfc_api.obj
 0001:00039010       sfc_api_resume             000000018003a010 f   sfc_debug:sfc_api.obj
 0001:00039020       sfc_api_break              000000018003a020 f   sfc_debug:sfc_api.obj
 0001:00039030       sfc_api_stop_debugging     000000018003a030 f   sfc_debug:sfc_api.obj
 0001:00039080       sfc_api_is_cycle_detected  000000018003a080 f   sfc_debug:sfc_api.obj
 0001:000390d0       sfc_api_is_array_bounds_detected 000000018003a0d0 f   sfc_debug:sfc_api.obj
 0001:00039120       sfc_api_set_disable_all_breakpoints 000000018003a120 f   sfc_debug:sfc_api.obj
 0001:00039190       sfc_api_disable_all_breakpoints_and_go 000000018003a190 f   sfc_debug:sfc_api.obj
 0001:000391a0       sfc_api_close              000000018003a1a0 f   sfc_debug:sfc_api.obj
 0001:000391b0       sfc_api_browse_data        000000018003a1b0 f   sfc_debug:sfc_api.obj
 0001:00039220       sfc_api_watch_data         000000018003a220 f   sfc_debug:sfc_api.obj
 0001:00039320       sfc_api_extract_message_post_receive_info 000000018003a320 f   sfc_debug:sfc_api.obj
 0001:00039340       sfc_api_assign_data        000000018003a340 f   sfc_debug:sfc_api.obj
 0001:000393e0       sfc_api_whos               000000018003a3e0 f   sfc_debug:sfc_api.obj
 0001:00039470       sfc_api_get_consistency_info 000000018003a470 f   sfc_debug:sfc_api.obj
 0001:00039480       sfc_api_browse_trace       000000018003a480 f   sfc_debug:sfc_api.obj
 0001:00039490       sfc_api_break_on_chart_entry 000000018003a490 f   sfc_debug:sfc_api.obj
 0001:000394b0       sfc_api_break_on_event_broadcast 000000018003a4b0 f   sfc_debug:sfc_api.obj
 0001:000394d0       sfc_api_break_on_state_entry 000000018003a4d0 f   sfc_debug:sfc_api.obj
 0001:000394f0       sfc_api_set_watch          000000018003a4f0 f   sfc_debug:sfc_api.obj
 0001:00039590       sfc_api_set_breakpoints    000000018003a590 f   sfc_debug:sfc_api.obj
 0001:00039630       sfc_api_set_eml_breakpoints 000000018003a630 f   sfc_debug:sfc_api.obj
 0001:000396b0       sfc_api_set_script_breakpoints 000000018003a6b0 f   sfc_debug:sfc_api.obj
 0001:00039700       sfc_api_add_script_breakpoints 000000018003a700 f   sfc_debug:sfc_api.obj
 0001:00039750       sfc_api_clear_script_breakpoints 000000018003a750 f   sfc_debug:sfc_api.obj
 0001:000397a0       sfc_api_query_script_breakpoints 000000018003a7a0 f   sfc_debug:sfc_api.obj
 0001:00039800       sfc_api_get_script_id      000000018003a800 f   sfc_debug:sfc_api.obj
 0001:000398c0       sfc_api_get_active_states  000000018003a8c0 f   sfc_debug:sfc_api.obj
 0001:00039940       sfc_api_break_between_times 000000018003a940 f   sfc_debug:sfc_api.obj
 0001:000399a0       sfc_api_get_instance_handle 000000018003a9a0 f   sfc_debug:sfc_api.obj
 0001:00039a50       sfc_api_set_animation      000000018003aa50 f   sfc_debug:sfc_api.obj
 0001:00039aa0       sfc_api_select_chart       000000018003aaa0 f   sfc_debug:sfc_api.obj
 0001:00039b00       sfc_api_select_charts      000000018003ab00 f   sfc_debug:sfc_api.obj
 0001:00039b30       sfc_api_cycle_detection_check 000000018003ab30 f   sfc_debug:sfc_api.obj
 0001:00039b80       sfc_api_data_range_check   000000018003ab80 f   sfc_debug:sfc_api.obj
 0001:00039bd0       sfc_api_transition_conflict_check 000000018003abd0 f   sfc_debug:sfc_api.obj
 0001:00039c20       sfc_api_state_consistency_check 000000018003ac20 f   sfc_debug:sfc_api.obj
 0001:00039c70       sfc_api_set_instance_cv_ids 000000018003ac70 f   sfc_debug:sfc_api.obj
 0001:00039d80       sfc_api_set_script_cv_ids  000000018003ad80 f   sfc_debug:sfc_api.obj
 0001:00039e30       sfc_api_get_current_machine_id 000000018003ae30 f   sfc_debug:sfc_api.obj
 0001:00039e60       sfc_api_get_current_machine_number 000000018003ae60 f   sfc_debug:sfc_api.obj
 0001:00039e90       sfc_api_get_current_chart_number 000000018003ae90 f   sfc_debug:sfc_api.obj
 0001:00039ec0       sfc_api_get_current_instance_number 000000018003aec0 f   sfc_debug:sfc_api.obj
 0001:00039ef0       sfc_api_get_current_instance_handle 000000018003aef0 f   sfc_debug:sfc_api.obj
 0001:00039f10       sfc_api_get_current_is_minor_time_step 000000018003af10 f   sfc_debug:sfc_api.obj
 0001:00039f40       sfc_api_get_current_machine_name 000000018003af40 f   sfc_debug:sfc_api.obj
 0001:00039f60       sfc_api_get_current_chart_id 000000018003af60 f   sfc_debug:sfc_api.obj
 0001:00039f90       sfc_api_get_current_object_type 000000018003af90 f   sfc_debug:sfc_api.obj
 0001:00039fc0       sfc_api_get_current_event_type 000000018003afc0 f   sfc_debug:sfc_api.obj
 0001:00039ff0       sfc_api_get_current_object_id 000000018003aff0 f   sfc_debug:sfc_api.obj
 0001:0003a020       sfc_get_current_active_event_type 000000018003b020 f   sfc_debug:sfc_api.obj
 0001:0003a050       sfc_api_get_current_active_event_id 000000018003b050 f   sfc_debug:sfc_api.obj
 0001:0003a080       sfc_api_get_current_simulation_time 000000018003b080 f   sfc_debug:sfc_api.obj
 0001:0003a0a0       sfc_get_current_tag_type   000000018003b0a0 f   sfc_debug:sfc_api.obj
 0001:0003a0d0       sfc_get_current_coverage_percentage 000000018003b0d0 f   sfc_debug:sfc_api.obj
 0001:0003a0f0       sfc_get_current_statement_context 000000018003b0f0 f   sfc_debug:sfc_api.obj
 0001:0003a110       sfc_get_current_optional_integer 000000018003b110 f   sfc_debug:sfc_api.obj
 0001:0003a140       sfc_get_current_statement_info 000000018003b140 f   sfc_debug:sfc_api.obj
 0001:0003a1e0       sfc_api_get                000000018003b1e0 f   sfc_debug:sfc_api.obj
 0001:0003ae50       sf_debug_sm_fill_state_activity_data 000000018003be50 f   sfc_debug:sfdb_animation.obj
 0001:0003d750       void_ptr_stack_vector_free_total 000000018003e750 f   sfc_debug:sfdb_data_browse.obj
 0001:0003d7e0       sf_debug_st_terminate_machine 000000018003e7e0 f   sfc_debug:sfdb_data_browse.obj
 0001:0003d820       sf_debug_st_terminate_instance 000000018003e820 f   sfc_debug:sfdb_data_browse.obj
 0001:0003dbd0       push_on_to_void_ptr_stack  000000018003ebd0 f   sfc_debug:sfdb_data_browse.obj
 0001:0003dd60       pop_from_void_ptr_stack    000000018003ed60 f   sfc_debug:sfdb_data_browse.obj
 0001:0003de90       sf_debug_st_get_data_value 000000018003ee90 f   sfc_debug:sfdb_data_browse.obj
 0001:0003e420       mx_value                   000000018003f420 f   sfc_debug:sfdb_data_browse.obj
 0001:0003e460       sf_debug_st_fill_data_struct 000000018003f460 f   sfc_debug:sfdb_data_browse.obj
 0001:0003e7a0       data_type_format_strings   000000018003f7a0 f   sfc_debug:sfdb_data_browse.obj
 0001:0003e850       sf_debug_st_fill_data      000000018003f850 f   sfc_debug:sfdb_data_browse.obj
 0001:0003f5a0       sf_debug_hm_get_simulink_handle 00000001800405a0 f   sfc_debug:sfdb_handle_management.obj
 0001:000400a0       sf_debug_hm_initialize_globals 00000001800410a0 f   sfc_debug:sfdb_handle_management.obj
 0001:000401a0       sf_debug_hm_get_machine_debug_flag 00000001800411a0 f   sfc_debug:sfdb_handle_management.obj
 0001:00040310       sf_debug_hm_get_machine_id 0000000180041310 f   sfc_debug:sfdb_handle_management.obj
 0001:00040430       sf_debug_hm_get_chart_id   0000000180041430 f   sfc_debug:sfdb_handle_management.obj
 0001:000405d0       sf_debug_hm_register_executing_SFunction 00000001800415d0 f   sfc_debug:sfdb_handle_management.obj
 0001:00040960       sf_debug_hm_form_object_boolean_properties 0000000180041960 f   sfc_debug:sfdb_handle_management.obj
 0001:00040c30       sf_debug_hm_form_object_properties 0000000180041c30 f   sfc_debug:sfdb_handle_management.obj
 0001:00040e70       sf_debug_hm_terminate_charts 0000000180041e70 f   sfc_debug:sfdb_handle_management.obj
 0001:000415d0       sf_debug_hm_terminate_machines 00000001800425d0 f   sfc_debug:sfdb_handle_management.obj
 0001:000431d0       sf_debug_ss_copy_dimension 00000001800441d0 f   sfc_debug:sfdb_symbol_scope.obj
 0001:00043290       sf_debug_ss_get_number_elements 0000000180044290 f   sfc_debug:sfdb_symbol_scope.obj
 0001:000432b0       sf_debug_ss_fill_data_struct 00000001800442b0 f   sfc_debug:sfdb_symbol_scope.obj
 0001:00043600       sf_debug_ss_reset_data_info 0000000180044600 f   sfc_debug:sfdb_symbol_scope.obj
 0001:00043660       sf_debug_fill_data_info_by_symbol_scope_entry 0000000180044660 f   sfc_debug:sfdb_symbol_scope.obj
 0001:00043720       sf_debug_fill_data_info_by_data_vector 0000000180044720 f   sfc_debug:sfdb_symbol_scope.obj
 0001:00043970       get_data_info_helper       0000000180044970 f   sfc_debug:sfdb_symbol_scope.obj
 0001:00043a70       sf_debug_ss_get_data_info  0000000180044a70 f   sfc_debug:sfdb_symbol_scope.obj
 0001:00043ca0       sf_debug_select_mex_function 0000000180044ca0 f   sfc_debug:sfdb_symbol_scope.obj
 0001:00043cd0       sf_debug_is_dyn_matrix_initialized 0000000180044cd0 f   sfc_debug:sfdb_symbol_scope.obj
 0001:00043cf0       sf_debug_ss_set_data_value_try 0000000180044cf0 f   sfc_debug:sfdb_symbol_scope.obj
 0001:00043ec0       sf_debug_ss_get_data_value 0000000180044ec0 f   sfc_debug:sfdb_symbol_scope.obj
 0001:00044630       sf_debug_ss_data_bytes_string 0000000180045630 f   sfc_debug:sfdb_symbol_scope.obj
 0001:000446e0       sf_debug_ss_data_class_string 00000001800456e0 f   sfc_debug:sfdb_symbol_scope.obj
 0001:00044a70       sf_debug_ss_data_size_string 0000000180045a70 f   sfc_debug:sfdb_symbol_scope.obj
 0001:00044b50       sf_debug_ss_data_create_data_info_struct 0000000180045b50 f   sfc_debug:sfdb_symbol_scope.obj
 0001:00044e20       sf_debug_ss_data_create_name_value_pair 0000000180045e20 f   sfc_debug:sfdb_symbol_scope.obj
 0001:00044ec0       sf_debug_ss_data_get_whos_info 0000000180045ec0 f   sfc_debug:sfdb_symbol_scope.obj
 0001:00044ed0       same_named_data_in_data_array 0000000180045ed0 f   sfc_debug:sfdb_symbol_scope.obj
 0001:00046760       sf_debug_cc_terminate_chart 0000000180047760 f   sfc_debug:sfdb_coverage.obj
 0001:00046b00       sf_debug_cc_terminate_instance 0000000180047b00 f   sfc_debug:sfdb_coverage.obj
 0001:000476f0       sf_debug_cc_mark_object_if_needed 00000001800486f0 f   sfc_debug:sfdb_coverage.obj
 0001:00047ff0       sf_debug_bm_initialize_eml 0000000180048ff0 f   sfc_debug:sfdb_breakpoints.obj
 0001:00049130       sf_debug_bm_map_debug_tag_to_breakpoint_tag 000000018004a130 f   sfc_debug:sfdb_breakpoints.obj
 0001:00049210       sf_debug_bm_is_a_eml_breakpoint_impl 000000018004a210 f   sfc_debug:sfdb_breakpoints.obj
 0001:0004ad50       sf_debug_sc_push_on_error_stack 000000018004bd50 f   sfc_debug:sfdb_state_consistency.obj
 0001:0004ae80       sf_debug_sc_reset_error_stack 000000018004be80 f   sfc_debug:sfdb_state_consistency.obj
 0001:0004b010       sf_debug_sc_is_state_inconsistent 000000018004c010 f   sfc_debug:sfdb_state_consistency.obj
 0001:0004b310       sf_debug_sc_fill_consistency_info 000000018004c310 f   sfc_debug:sfdb_state_consistency.obj
 0001:0004b8f0       void_assertion_fcn         000000018004c8f0 f   sfc_debug:sfdb_call_stack.obj
 0001:0004be70       sf_debug_tm_fill_local_trace 000000018004ce70 f   sfc_debug:sfdb_call_stack.obj
 0001:0004c440       sf_debug_cd_terminate_instance 000000018004d440 f   sfc_debug:sfdb_cycle_detection.obj
 0001:0004c4a0       sf_debug_cd_free_checksum_stack 000000018004d4a0 f   sfc_debug:sfdb_cycle_detection.obj
 0001:0004c4f0       sf_debug_cd_reset_pack_strings 000000018004d4f0 f   sfc_debug:sfdb_cycle_detection.obj
 0001:0004cbb0       md5file_clear              000000018004dbb0 f   sfc_debug:ckmd5.obj
 0001:0004cbe0       Encode                     000000018004dbe0 f   sfc_debug:ckmd5.obj
 0001:0004cc30       Decode                     000000018004dc30 f   sfc_debug:ckmd5.obj
 0001:0004ccd0       MD5Transform               000000018004dcd0 f   sfc_debug:ckmd5.obj
 0001:0004d520       md5file_addn               000000018004e520 f   sfc_debug:ckmd5.obj
 0001:0004d5f0       md5file_hash               000000018004e5f0 f   sfc_debug:ckmd5.obj
 0001:0004dae8       pre_c_init                 000000018004eae8 f   MSVCRT:crtdll.obj
 0001:0004dda4       __DllMainCRTStartup        000000018004eda4 f   MSVCRT:crtdll.obj
 0001:0004e4b0       __DllMainCRTStartup$filt$0 000000018004f4b0 f   MSVCRT:crtdll.obj
 0001:0004e4e0       __DllMainCRTStartup$fin$1  000000018004f4e0 f   MSVCRT:crtdll.obj
 0001:0004e4fa       _onexit$fin$0              000000018004f4fa f   MSVCRT:atonexit.obj
 0001:0004e520       _IsNonwritableInCurrentImage$filt$0 000000018004f520 f   MSVCRT:pesect.obj
